27.115.124.70 - - [03/Feb/2022:16:25:43 +0000] "GET /files/jquery-3.5.1.min.js HTTP/1.1" 200 31538 "https://www.ai-news.lmu.de/" "Mozilla/5.0 (Linux; U; Android 8.1.0; zh-CN; EML-AL00 Build/HUAWEIEML-AL00) AppleWebKit/537.36 (KHTML, like Gecko) Version/4.0 Chrome/57.0.2987.108 baidu.sogo.uc.UCBrowser/11.9.4.974 UWS/2.13.1.48 Mobile Safari/537.36 AliApp(DingTalk/4.5.11) com.alibaba.android.rimet/10487439 Channel/227200 language/zh-CN"
27.115.124.6 - - [03/Feb/2022:16:25:43 +0000] "GET /files/runtime.bundle.js HTTP/1.1" 200 1086 "https://www.ai-news.lmu.de/" "Mozilla/5.0 (Linux; U; Android 8.1.0; zh-CN; EML-AL00 Build/HUAWEIEML-AL00) AppleWebKit/537.36 (KHTML, like Gecko) Version/4.0 Chrome/57.0.2987.108 baidu.sogo.uc.UCBrowser/11.9.4.974 UWS/2.13.1.48 Mobile Safari/537.36 AliApp(DingTalk/4.5.11) com.alibaba.android.rimet/10487439 Channel/227200 language/zh-CN"
27.115.124.6 - - [03/Feb/2022:16:25:44 +0000] "GET /files/app.bundle.js HTTP/1.1" 200 59183 "https://www.ai-news.lmu.de/" "Mozilla/5.0 (Linux; U; Android 8.1.0; zh-CN; EML-AL00 Build/HUAWEIEML-AL00) AppleWebKit/537.36 (KHTML, like Gecko) Version/4.0 Chrome/57.0.2987.108 baidu.sogo.uc.UCBrowser/11.9.4.974 UWS/2.13.1.48 Mobile Safari/537.36 AliApp(DingTalk/4.5.11) com.alibaba.android.rimet/10487439 Channel/227200 language/zh-CN"
27.115.124.45 - - [03/Feb/2022:16:25:44 +0000] "GET /files/Logo_LMU.svg HTTP/1.1" 200 19644 "https://www.ai-news.lmu.de/" "Mozilla/5.0 (Linux; U; Android 8.1.0; zh-CN; EML-AL00 Build/HUAWEIEML-AL00) AppleWebKit/537.36 (KHTML, like Gecko) Version/4.0 Chrome/57.0.2987.108 baidu.sogo.uc.UCBrowser/11.9.4.974 UWS/2.13.1.48 Mobile Safari/537.36 AliApp(DingTalk/4.5.11) com.alibaba.android.rimet/10487439 Channel/227200 language/zh-CN"
27.115.124.70 - - [03/Feb/2022:16:25:44 +0000] "GET /files/bundle.vue.js HTTP/1.1" 200 39265 "https://www.ai-news.lmu.de/" "Mozilla/5.0 (Linux; U; Android 8.1.0; zh-CN; EML-AL00 Build/HUAWEIEML-AL00) AppleWebKit/537.36 (KHTML, like Gecko) Version/4.0 Chrome/57.0.2987.108 baidu.sogo.uc.UCBrowser/11.9.4.974 UWS/2.13.1.48 Mobile Safari/537.36 AliApp(DingTalk/4.5.11) com.alibaba.android.rimet/10487439 Channel/227200 language/zh-CN"
27.115.124.6 - - [03/Feb/2022:16:25:44 +0000] "GET /files/lights.png HTTP/1.1" 200 213255 "https://www.ai-news.lmu.de/" "Mozilla/5.0 (Linux; U; Android 8.1.0; zh-CN; EML-AL00 Build/HUAWEIEML-AL00) AppleWebKit/537.36 (KHTML, like Gecko) Version/4.0 Chrome/57.0.2987.108 baidu.sogo.uc.UCBrowser/11.9.4.974 UWS/2.13.1.48 Mobile Safari/537.36 AliApp(DingTalk/4.5.11) com.alibaba.android.rimet/10487439 Channel/227200 language/zh-CN"
27.115.124.6 - - [03/Feb/2022:16:25:44 +0000] "GET /files/robot_back_small.jpg HTTP/1.1" 200 349888 "https://www.ai-news.lmu.de/" "Mozilla/5.0 (Linux; U; Android 8.1.0; zh-CN; EML-AL00 Build/HUAWEIEML-AL00) AppleWebKit/537.36 (KHTML, like Gecko) Version/4.0 Chrome/57.0.2987.108 baidu.sogo.uc.UCBrowser/11.9.4.974 UWS/2.13.1.48 Mobile Safari/537.36 AliApp(DingTalk/4.5.11) com.alibaba.android.rimet/10487439 Channel/227200 language/zh-CN"
27.115.124.6 - - [03/Feb/2022:16:25:45 +0000] "GET /img/footer-bg.svg HTTP/1.1" 200 303020 "https://www.ai-news.lmu.de/files/app.bundle.css" "Mozilla/5.0 (Linux; U; Android 8.1.0; zh-CN; EML-AL00 Build/HUAWEIEML-AL00) AppleWebKit/537.36 (KHTML, like Gecko) Version/4.0 Chrome/57.0.2987.108 baidu.sogo.uc.UCBrowser/11.9.4.974 UWS/2.13.1.48 Mobile Safari/537.36 AliApp(DingTalk/4.5.11) com.alibaba.android.rimet/10487439 Channel/227200 language/zh-CN"
27.115.124.70 - - [03/Feb/2022:16:25:45 +0000] "GET /icons/sprites/sprites-sprite.svg HTTP/1.1" 200 83097 "https://www.ai-news.lmu.de/files/app.bundle.css" "Mozilla/5.0 (Linux; U; Android 8.1.0; zh-CN; EML-AL00 Build/HUAWEIEML-AL00) AppleWebKit/537.36 (KHTML, like Gecko) Version/4.0 Chrome/57.0.2987.108 baidu.sogo.uc.UCBrowser/11.9.4.974 UWS/2.13.1.48 Mobile Safari/537.36 AliApp(DingTalk/4.5.11) com.alibaba.android.rimet/10487439 Channel/227200 language/zh-CN"
27.115.124.45 - - [03/Feb/2022:16:25:44 +0000] "GET /files/conference.jpg HTTP/1.1" 200 201907 "https://www.ai-news.lmu.de/" "Mozilla/5.0 (Linux; U; Android 8.1.0; zh-CN; EML-AL00 Build/HUAWEIEML-AL00) AppleWebKit/537.36 (KHTML, like Gecko) Version/4.0 Chrome/57.0.2987.108 baidu.sogo.uc.UCBrowser/11.9.4.974 UWS/2.13.1.48 Mobile Safari/537.36 AliApp(DingTalk/4.5.11) com.alibaba.android.rimet/10487439 Channel/227200 language/zh-CN"
27.115.124.45 - - [03/Feb/2022:16:25:44 +0000] "GET /files/robot_small.jpg HTTP/1.1" 200 312201 "https://www.ai-news.lmu.de/" "Mozilla/5.0 (Linux; U; Android 8.1.0; zh-CN; EML-AL00 Build/HUAWEIEML-AL00) AppleWebKit/537.36 (KHTML, like Gecko) Version/4.0 Chrome/57.0.2987.108 baidu.sogo.uc.UCBrowser/11.9.4.974 UWS/2.13.1.48 Mobile Safari/537.36 AliApp(DingTalk/4.5.11) com.alibaba.android.rimet/10487439 Channel/227200 language/zh-CN"
27.115.124.45 - - [03/Feb/2022:16:25:46 +0000] "GET /files/standard-json-navigation-generating-site.json?nocache=1643905544230 HTTP/1.1" 200 2091 "https://www.ai-news.lmu.de/" "Mozilla/5.0 (Linux; U; Android 8.1.0; zh-CN; EML-AL00 Build/HUAWEIEML-AL00) AppleWebKit/537.36 (KHTML, like Gecko) Version/4.0 Chrome/57.0.2987.108 baidu.sogo.uc.UCBrowser/11.9.4.974 UWS/2.13.1.48 Mobile Safari/537.36 AliApp(DingTalk/4.5.11) com.alibaba.android.rimet/10487439 Channel/227200 language/zh-CN"
208.115.199.23 - - [03/Feb/2022:16:26:00 +0000] "HEAD / HTTP/1.1" 200 5513 "https://www.ai-news.lmu.de/" "Mozilla/5.0+(compatible; UptimeRobot/2.0; http://www.uptimerobot.com/)"
77.3.176.205 - - [03/Feb/2022:16:30:18 +0000] "GET /calendar.ics HTTP/1.1" 304 5408 "-" "Mozilla/5.0 (Windows NT 10.0; Win64; x64; rv:91.0) Gecko/20100101 Thunderbird/91.5.1"
208.115.199.23 - - [03/Feb/2022:16:31:00 +0000] "HEAD / HTTP/1.1" 200 5513 "https://www.ai-news.lmu.de/" "Mozilla/5.0+(compatible; UptimeRobot/2.0; http://www.uptimerobot.com/)"
104.28.30.74 - - [03/Feb/2022:16:32:06 +0000] "GET /newsletter/1 HTTP/1.1" 301 5850 "https://t.co/" "Mozilla/5.0 (iPhone; CPU iPhone OS 15_2_1 like Mac OS X) AppleWebKit/605.1.15 (KHTML, like Gecko) Version/15.2 Mobile/15E148 Safari/604.1"
124.70.117.12 - - [03/Feb/2022:16:34:33 +0000] "GET / HTTP/1.1" 200 10616 "-" "Mozilla/5.0 (Linux; Android 9.0; VOG-AL10 Build/HUAWEIVOG-AL10; wv) AppleWebKit/537.36 (KHTML, like Gecko) Version/4.0 Chrome/71.0.3578.99 Mobile Safari/537.36"
124.70.117.12 - - [03/Feb/2022:16:34:34 +0000] "GET /files/app.bundle.css HTTP/1.1" 200 92548 "https://www.ai-news.lmu.de/" "Mozilla/5.0 (Linux; Android 9.0; VOG-AL10 Build/HUAWEIVOG-AL10; wv) AppleWebKit/537.36 (KHTML, like Gecko) Version/4.0 Chrome/71.0.3578.99 Mobile Safari/537.36"
49.4.38.248 - - [03/Feb/2022:16:34:34 +0000] "GET /files/jquery-3.5.1.min.js HTTP/1.1" 200 31959 "https://www.ai-news.lmu.de/" "Mozilla/5.0 (Linux; Android 9.0; VOG-AL10 Build/HUAWEIVOG-AL10; wv) AppleWebKit/537.36 (KHTML, like Gecko) Version/4.0 Chrome/71.0.3578.99 Mobile Safari/537.36"
49.4.38.248 - - [03/Feb/2022:16:34:34 +0000] "GET /files/v2_6_10_vue_min.js HTTP/1.1" 200 35128 "https://www.ai-news.lmu.de/" "Mozilla/5.0 (Linux; Android 9.0; VOG-AL10 Build/HUAWEIVOG-AL10; wv) AppleWebKit/537.36 (KHTML, like Gecko) Version/4.0 Chrome/71.0.3578.99 Mobile Safari/537.36"
49.4.38.248 - - [03/Feb/2022:16:34:34 +0000] "GET /files/v3_1_0_vuex.min.js HTTP/1.1" 200 4846 "https://www.ai-news.lmu.de/" "Mozilla/5.0 (Linux; Android 9.0; VOG-AL10 Build/HUAWEIVOG-AL10; wv) AppleWebKit/537.36 (KHTML, like Gecko) Version/4.0 Chrome/71.0.3578.99 Mobile Safari/537.36"
124.70.117.12 - - [03/Feb/2022:16:34:34 +0000] "GET /files/v4_2_6_es6-promise_auto.min.js HTTP/1.1" 200 3349 "https://www.ai-news.lmu.de/" "Mozilla/5.0 (Linux; Android 9.0; VOG-AL10 Build/HUAWEIVOG-AL10; wv) AppleWebKit/537.36 (KHTML, like Gecko) Version/4.0 Chrome/71.0.3578.99 Mobile Safari/537.36"
124.70.117.12 - - [03/Feb/2022:16:34:34 +0000] "GET /files/v0_18_0_axios.min.js HTTP/1.1" 200 4855 "https://www.ai-news.lmu.de/" "Mozilla/5.0 (Linux; Android 9.0; VOG-AL10 Build/HUAWEIVOG-AL10; wv) AppleWebKit/537.36 (KHTML, like Gecko) Version/4.0 Chrome/71.0.3578.99 Mobile Safari/537.36"
124.70.117.12 - - [03/Feb/2022:16:34:34 +0000] "GET /files/vendors-app.bundle.js HTTP/1.1" 200 40569 "https://www.ai-news.lmu.de/" "Mozilla/5.0 (Linux; Android 9.0; VOG-AL10 Build/HUAWEIVOG-AL10; wv) AppleWebKit/537.36 (KHTML, like Gecko) Version/4.0 Chrome/71.0.3578.99 Mobile Safari/537.36"
49.4.38.248 - - [03/Feb/2022:16:34:34 +0000] "GET /files/runtime.bundle.js HTTP/1.1" 200 1087 "https://www.ai-news.lmu.de/" "Mozilla/5.0 (Linux; Android 9.0; VOG-AL10 Build/HUAWEIVOG-AL10; wv) AppleWebKit/537.36 (KHTML, like Gecko) Version/4.0 Chrome/71.0.3578.99 Mobile Safari/537.36"
124.70.117.12 - - [03/Feb/2022:16:34:34 +0000] "GET /files/bundle.vue.js HTTP/1.1" 200 39272 "https://www.ai-news.lmu.de/" "Mozilla/5.0 (Linux; Android 9.0; VOG-AL10 Build/HUAWEIVOG-AL10; wv) AppleWebKit/537.36 (KHTML, like Gecko) Version/4.0 Chrome/71.0.3578.99 Mobile Safari/537.36"
124.70.117.12 - - [03/Feb/2022:16:34:34 +0000] "GET /files/app.bundle.js HTTP/1.1" 200 59193 "https://www.ai-news.lmu.de/" "Mozilla/5.0 (Linux; Android 9.0; VOG-AL10 Build/HUAWEIVOG-AL10; wv) AppleWebKit/537.36 (KHTML, like Gecko) Version/4.0 Chrome/71.0.3578.99 Mobile Safari/537.36"
124.70.117.12 - - [03/Feb/2022:16:34:35 +0000] "GET /files/Logo_LMU.svg HTTP/1.1" 200 19647 "https://www.ai-news.lmu.de/" "Mozilla/5.0 (Linux; Android 9.0; VOG-AL10 Build/HUAWEIVOG-AL10; wv) AppleWebKit/537.36 (KHTML, like Gecko) Version/4.0 Chrome/71.0.3578.99 Mobile Safari/537.36"
49.4.38.248 - - [03/Feb/2022:16:34:35 +0000] "GET /fonts/roboto-v18-latin-regular.woff2 HTTP/1.1" 200 16240 "https://www.ai-news.lmu.de/files/app.bundle.css" "Mozilla/5.0 (Linux; Android 9.0; VOG-AL10 Build/HUAWEIVOG-AL10; wv) AppleWebKit/537.36 (KHTML, like Gecko) Version/4.0 Chrome/71.0.3578.99 Mobile Safari/537.36"
49.4.38.248 - - [03/Feb/2022:16:34:35 +0000] "GET /icons/sprites/sprites-sprite.svg HTTP/1.1" 200 83104 "https://www.ai-news.lmu.de/files/app.bundle.css" "Mozilla/5.0 (Linux; Android 9.0; VOG-AL10 Build/HUAWEIVOG-AL10; wv) AppleWebKit/537.36 (KHTML, like Gecko) Version/4.0 Chrome/71.0.3578.99 Mobile Safari/537.36"
124.70.117.12 - - [03/Feb/2022:16:34:35 +0000] "GET /files/robot_back_small.jpg HTTP/1.1" 200 349911 "https://www.ai-news.lmu.de/" "Mozilla/5.0 (Linux; Android 9.0; VOG-AL10 Build/HUAWEIVOG-AL10; wv) AppleWebKit/537.36 (KHTML, like Gecko) Version/4.0 Chrome/71.0.3578.99 Mobile Safari/537.36"
124.70.117.12 - - [03/Feb/2022:16:34:35 +0000] "GET /img/footer-bg.svg HTTP/1.1" 200 303604 "https://www.ai-news.lmu.de/files/app.bundle.css" "Mozilla/5.0 (Linux; Android 9.0; VOG-AL10 Build/HUAWEIVOG-AL10; wv) AppleWebKit/537.36 (KHTML, like Gecko) Version/4.0 Chrome/71.0.3578.99 Mobile Safari/537.36"
124.70.117.12 - - [03/Feb/2022:16:34:36 +0000] "GET /fonts/roboto-v18-latin-700.woff2 HTTP/1.1" 200 15768 "https://www.ai-news.lmu.de/files/app.bundle.css" "Mozilla/5.0 (Linux; Android 9.0; VOG-AL10 Build/HUAWEIVOG-AL10; wv) AppleWebKit/537.36 (KHTML, like Gecko) Version/4.0 Chrome/71.0.3578.99 Mobile Safari/537.36"
124.70.117.12 - - [03/Feb/2022:16:34:36 +0000] "GET /fonts/roboto-v18-latin-300.woff2 HTTP/1.1" 200 15772 "https://www.ai-news.lmu.de/files/app.bundle.css" "Mozilla/5.0 (Linux; Android 9.0; VOG-AL10 Build/HUAWEIVOG-AL10; wv) AppleWebKit/537.36 (KHTML, like Gecko) Version/4.0 Chrome/71.0.3578.99 Mobile Safari/537.36"
124.70.117.12 - - [03/Feb/2022:16:34:36 +0000] "GET /files/robot_small.jpg HTTP/1.1" 200 312073 "https://www.ai-news.lmu.de/" "Mozilla/5.0 (Linux; Android 9.0; VOG-AL10 Build/HUAWEIVOG-AL10; wv) AppleWebKit/537.36 (KHTML, like Gecko) Version/4.0 Chrome/71.0.3578.99 Mobile Safari/537.36"
124.70.117.12 - - [03/Feb/2022:16:34:36 +0000] "GET /files/lights.png HTTP/1.1" 200 213269 "https://www.ai-news.lmu.de/" "Mozilla/5.0 (Linux; Android 9.0; VOG-AL10 Build/HUAWEIVOG-AL10; wv) AppleWebKit/537.36 (KHTML, like Gecko) Version/4.0 Chrome/71.0.3578.99 Mobile Safari/537.36"
124.70.117.12 - - [03/Feb/2022:16:34:37 +0000] "GET /files/favicon.ico HTTP/1.1" 200 7751 "-" "Mozilla/5.0 (Linux; Android 9.0; VOG-AL10 Build/HUAWEIVOG-AL10; wv) AppleWebKit/537.36 (KHTML, like Gecko) Version/4.0 Chrome/71.0.3578.99 Mobile Safari/537.36"
49.4.38.248 - - [03/Feb/2022:16:34:35 +0000] "GET /files/conference.jpg HTTP/1.1" 200 201921 "https://www.ai-news.lmu.de/" "Mozilla/5.0 (Linux; Android 9.0; VOG-AL10 Build/HUAWEIVOG-AL10; wv) AppleWebKit/537.36 (KHTML, like Gecko) Version/4.0 Chrome/71.0.3578.99 Mobile Safari/537.36"
49.4.38.248 - - [03/Feb/2022:16:34:49 +0000] "GET /files/standard-json-navigation-generating-site.json?nocache=1643906075534 HTTP/1.1" 200 2657 "https://www.ai-news.lmu.de/" "Mozilla/5.0 (Linux; Android 9.0; VOG-AL10 Build/HUAWEIVOG-AL10; wv) AppleWebKit/537.36 (KHTML, like Gecko) Version/4.0 Chrome/71.0.3578.99 Mobile Safari/537.36"
208.115.199.23 - - [03/Feb/2022:16:36:00 +0000] "HEAD / HTTP/1.1" 200 5513 "https://www.ai-news.lmu.de/" "Mozilla/5.0+(compatible; UptimeRobot/2.0; http://www.uptimerobot.com/)"
208.115.199.23 - - [03/Feb/2022:16:41:00 +0000] "HEAD / HTTP/1.1" 200 5513 "https://www.ai-news.lmu.de/" "Mozilla/5.0+(compatible; UptimeRobot/2.0; http://www.uptimerobot.com/)"
208.115.199.23 - - [03/Feb/2022:16:46:00 +0000] "HEAD / HTTP/1.1" 200 5513 "https://www.ai-news.lmu.de/" "Mozilla/5.0+(compatible; UptimeRobot/2.0; http://www.uptimerobot.com/)"
178.10.88.87 - - [03/Feb/2022:16:48:10 +0000] "GET /feed.xml HTTP/1.1" 304 5408 "-" "Mozilla/5.0 (Windows NT 10.0; Win64; x64; rv:91.0) Gecko/20100101 Thunderbird/91.5.1"
208.115.199.23 - - [03/Feb/2022:16:51:00 +0000] "HEAD / HTTP/1.1" 200 5513 "https://www.ai-news.lmu.de/" "Mozilla/5.0+(compatible; UptimeRobot/2.0; http://www.uptimerobot.com/)"
77.3.176.205 - - [03/Feb/2022:16:55:13 +0000] "GET /feed.xml HTTP/1.1" 304 5408 "-" "Mozilla/5.0 (Windows NT 10.0; Win64; x64; rv:91.0) Gecko/20100101 Thunderbird/91.5.1"
208.115.199.23 - - [03/Feb/2022:16:56:00 +0000] "HEAD / HTTP/1.1" 200 5513 "https://www.ai-news.lmu.de/" "Mozilla/5.0+(compatible; UptimeRobot/2.0; http://www.uptimerobot.com/)"
66.249.70.107 - - [03/Feb/2022:17:00:02 +0000] "GET /files/2021-Volker.jpg HTTP/1.1" 304 5393 "-" "Googlebot-Image/1.0"
77.3.176.205 - - [03/Feb/2022:17:00:18 +0000] "GET /calendar.ics HTTP/1.1" 304 5408 "-" "Mozilla/5.0 (Windows NT 10.0; Win64; x64; rv:91.0) Gecko/20100101 Thunderbird/91.5.1"
208.115.199.23 - - [03/Feb/2022:17:01:00 +0000] "HEAD / HTTP/1.1" 200 5513 "https://www.ai-news.lmu.de/" "Mozilla/5.0+(compatible; UptimeRobot/2.0; http://www.uptimerobot.com/)"
208.115.199.23 - - [03/Feb/2022:17:06:00 +0000] "HEAD / HTTP/1.1" 200 5513 "https://www.ai-news.lmu.de/" "Mozilla/5.0+(compatible; UptimeRobot/2.0; http://www.uptimerobot.com/)"
207.241.232.241 - - [03/Feb/2022:17:08:53 +0000] "GET /robots.txt HTTP/1.0" 404 5020 "-" "Mozilla/5.0 (compatible; archive.org_bot +http://archive.org/details/archive.org_bot)"
207.241.232.241 - - [03/Feb/2022:17:08:54 +0000] "GET / HTTP/1.0" 200 21616 "-" "Mozilla/5.0 (compatible; archive.org_bot +http://archive.org/details/archive.org_bot)"
208.115.199.23 - - [03/Feb/2022:17:11:00 +0000] "HEAD / HTTP/1.1" 200 5513 "https://www.ai-news.lmu.de/" "Mozilla/5.0+(compatible; UptimeRobot/2.0; http://www.uptimerobot.com/)"
208.115.199.23 - - [03/Feb/2022:17:16:00 +0000] "HEAD / HTTP/1.1" 200 5513 "https://www.ai-news.lmu.de/" "Mozilla/5.0+(compatible; UptimeRobot/2.0; http://www.uptimerobot.com/)"
66.249.70.107 - - [03/Feb/2022:17:18:27 +0000] "GET /updates/ HTTP/1.1" 200 9975 "-" "Mozilla/5.0 (compatible; Googlebot/2.1; +http://www.google.com/bot.html)"
66.249.70.109 - - [03/Feb/2022:17:18:29 +0000] "GET /files/app.bundle.css HTTP/1.1" 200 97738 "https://www.ai-news.lmu.de/updates/" "Mozilla/5.0 AppleWebKit/537.36 (KHTML, like Gecko; compatible; Googlebot/2.1; +http://www.google.com/bot.html) Chrome/97.0.4692.71 Safari/537.36"
66.249.70.111 - - [03/Feb/2022:17:18:30 +0000] "GET /files/v0_18_0_axios.min.js HTTP/1.1" 200 10045 "https://www.ai-news.lmu.de/updates/" "Mozilla/5.0 AppleWebKit/537.36 (KHTML, like Gecko; compatible; Googlebot/2.1; +http://www.google.com/bot.html) Chrome/97.0.4692.71 Safari/537.36"
66.249.70.107 - - [03/Feb/2022:17:18:30 +0000] "GET /files/runtime.bundle.js HTTP/1.1" 200 1087 "https://www.ai-news.lmu.de/updates/" "Mozilla/5.0 AppleWebKit/537.36 (KHTML, like Gecko; compatible; Googlebot/2.1; +http://www.google.com/bot.html) Chrome/97.0.4692.71 Safari/537.36"
66.249.70.109 - - [03/Feb/2022:17:18:30 +0000] "GET /files/app.bundle.js HTTP/1.1" 200 59193 "https://www.ai-news.lmu.de/updates/" "Mozilla/5.0 AppleWebKit/537.36 (KHTML, like Gecko; compatible; Googlebot/2.1; +http://www.google.com/bot.html) Chrome/97.0.4692.71 Safari/537.36"
66.249.70.107 - - [03/Feb/2022:17:18:31 +0000] "GET /img/footer-bg.svg HTTP/1.1" 200 303040 "https://www.ai-news.lmu.de/files/app.bundle.css" "Mozilla/5.0 AppleWebKit/537.36 (KHTML, like Gecko; compatible; Googlebot/2.1; +http://www.google.com/bot.html) Chrome/97.0.4692.71 Safari/537.36"
66.249.70.107 - - [03/Feb/2022:17:18:31 +0000] "GET /icons/sprites/sprites-sprite.svg HTTP/1.1" 200 83104 "https://www.ai-news.lmu.de/files/app.bundle.css" "Mozilla/5.0 AppleWebKit/537.36 (KHTML, like Gecko; compatible; Googlebot/2.1; +http://www.google.com/bot.html) Chrome/97.0.4692.71 Safari/537.36"
208.115.199.23 - - [03/Feb/2022:17:21:00 +0000] "HEAD / HTTP/1.1" 200 5513 "https://www.ai-news.lmu.de/" "Mozilla/5.0+(compatible; UptimeRobot/2.0; http://www.uptimerobot.com/)"
66.249.70.109 - - [03/Feb/2022:17:25:57 +0000] "GET /2021/12/20/trustworthy.html HTTP/1.1" 200 10554 "-" "Mozilla/5.0 (Linux; Android 6.0.1; Nexus 5X Build/MMB29P) AppleWebKit/537.36 (KHTML, like Gecko) Chrome/97.0.4692.99 Mobile Safari/537.36 (compatible; Googlebot/2.1; +http://www.google.com/bot.html)"
66.249.70.109 - - [03/Feb/2022:17:25:59 +0000] "GET /files/v3_1_0_vuex.min.js HTTP/1.1" 200 4282 "https://www.ai-news.lmu.de/2021/12/20/trustworthy.html" "Mozilla/5.0 (Linux; Android 6.0.1; Nexus 5X Build/MMB29P) AppleWebKit/537.36 (KHTML, like Gecko) Chrome/97.0.4692.71 Mobile Safari/537.36 (compatible; Googlebot/2.1; +http://www.google.com/bot.html)"
208.115.199.23 - - [03/Feb/2022:17:26:00 +0000] "HEAD / HTTP/1.1" 200 5513 "https://www.ai-news.lmu.de/" "Mozilla/5.0+(compatible; UptimeRobot/2.0; http://www.uptimerobot.com/)"
66.249.70.107 - - [03/Feb/2022:17:26:00 +0000] "GET /files/standard-json-navigation-generating-site.json?nocache=1643328000000 HTTP/1.1" 200 7283 "https://www.ai-news.lmu.de/2021/12/20/trustworthy.html" "Mozilla/5.0 (Linux; Android 6.0.1; Nexus 5X Build/MMB29P) AppleWebKit/537.36 (KHTML, like Gecko) Chrome/97.0.4692.71 Mobile Safari/537.36 (compatible; Googlebot/2.1; +http://www.google.com/bot.html)"
46.114.90.185 - - [03/Feb/2022:17:27:05 +0000] "GET /feed.xml HTTP/1.1" 200 9431 "-" "Mozilla/5.0 (Macintosh; Intel Mac OS X 10.15; rv:91.0) Gecko/20100101 Thunderbird/91.5.1"
103.203.59.1 - - [03/Feb/2022:17:29:03 +0000] "GET / HTTP/1.1" 200 26579 "-" "HTTP Banner Detection (https://security.ipip.net)"
178.3.48.33 - - [03/Feb/2022:17:29:41 +0000] "GET /files/standard-json-navigation-generating-site.json?nocache=1643909379451 HTTP/1.1" 200 7298 "https://www.ai-news.lmu.de/" "Mozilla/5.0 (Linux; Android 10; HarmonyOS; HLK-AL00; HMSCore 6.3.0.327; GMSCore 20.47.14) AppleWebKit/537.36 (KHTML, like Gecko) Chrome/92.0.4515.105 HuaweiBrowser/12.0.3.310 Mobile Safari/537.36"
178.3.48.33 - - [03/Feb/2022:17:29:53 +0000] "GET /files/favicon.ico HTTP/1.1" 200 12956 "-" "Dalvik/2.1.0 (Linux; U; Android 10; HLK-AL00 Build/HONORHLK-AL00)"
178.3.48.33 - - [03/Feb/2022:17:29:58 +0000] "-" 408 5204 "-" "-"
77.3.176.205 - - [03/Feb/2022:17:30:17 +0000] "GET /calendar.ics HTTP/1.1" 304 5408 "-" "Mozilla/5.0 (Windows NT 10.0; Win64; x64; rv:91.0) Gecko/20100101 Thunderbird/91.5.1"
157.245.117.25 - - [03/Feb/2022:17:30:24 +0000] "GET /feed.xml HTTP/1.1" 304 5356 "-" "Mozilla/5.0 (Macintosh; Intel Mac OS X 10_13_6; +feeder.co) AppleWebKit/537.36 (KHTML, like Gecko) Chrome/67.0.3396.99 Safari/537.36"
208.115.199.23 - - [03/Feb/2022:17:31:00 +0000] "HEAD / HTTP/1.1" 200 5513 "https://www.ai-news.lmu.de/" "Mozilla/5.0+(compatible; UptimeRobot/2.0; http://www.uptimerobot.com/)"
66.249.70.111 - - [03/Feb/2022:17:33:27 +0000] "GET / HTTP/1.1" 304 5393 "-" "Mozilla/5.0 (Linux; Android 6.0.1; Nexus 5X Build/MMB29P) AppleWebKit/537.36 (KHTML, like Gecko) Chrome/97.0.4692.99 Mobile Safari/537.36 (compatible; Googlebot/2.1; +http://www.google.com/bot.html)"
208.115.199.23 - - [03/Feb/2022:17:36:00 +0000] "HEAD / HTTP/1.1" 200 5513 "https://www.ai-news.lmu.de/" "Mozilla/5.0+(compatible; UptimeRobot/2.0; http://www.uptimerobot.com/)"
208.115.199.23 - - [03/Feb/2022:17:41:00 +0000] "HEAD / HTTP/1.1" 200 5513 "https://www.ai-news.lmu.de/" "Mozilla/5.0+(compatible; UptimeRobot/2.0; http://www.uptimerobot.com/)"
95.91.253.155 - - [03/Feb/2022:17:42:43 +0000] "GET /feed.xml HTTP/1.1" 304 5408 "-" "Mozilla/5.0 (X11; Linux x86_64; rv:91.0) Gecko/20100101 Thunderbird/91.5.1"
208.115.199.23 - - [03/Feb/2022:17:46:00 +0000] "HEAD / HTTP/1.1" 200 5513 "https://www.ai-news.lmu.de/" "Mozilla/5.0+(compatible; UptimeRobot/2.0; http://www.uptimerobot.com/)"
208.115.199.23 - - [03/Feb/2022:17:51:00 +0000] "HEAD / HTTP/1.1" 200 5513 "https://www.ai-news.lmu.de/" "Mozilla/5.0+(compatible; UptimeRobot/2.0; http://www.uptimerobot.com/)"
141.40.252.102 - - [03/Feb/2022:17:53:05 +0000] "GET /feed.xml HTTP/1.1" 304 5408 "-" "Mozilla/5.0 (Windows NT 10.0; Win64; x64; rv:91.0) Gecko/20100101 Thunderbird/91.5.1"
208.115.199.23 - - [03/Feb/2022:17:56:00 +0000] "HEAD / HTTP/1.1" 200 5513 "https://www.ai-news.lmu.de/" "Mozilla/5.0+(compatible; UptimeRobot/2.0; http://www.uptimerobot.com/)"
95.91.234.13 - - [03/Feb/2022:17:57:20 +0000] "GET /feed.xml HTTP/1.1" 304 5408 "-" "Mozilla/5.0 (Windows NT 10.0; Win64; x64; rv:91.0) Gecko/20100101 Thunderbird/91.5.1"
77.3.176.205 - - [03/Feb/2022:18:00:17 +0000] "GET /calendar.ics HTTP/1.1" 304 5408 "-" "Mozilla/5.0 (Windows NT 10.0; Win64; x64; rv:91.0) Gecko/20100101 Thunderbird/91.5.1"
207.241.231.44 - - [03/Feb/2022:18:00:51 +0000] "GET /robots.txt HTTP/1.0" 404 5020 "-" "Mozilla/5.0 (compatible; archive.org_bot +http://archive.org/details/archive.org_bot)"
8.29.198.27 - - [03/Feb/2022:18:00:52 +0000] "GET /feed.xml HTTP/1.1" 200 9428 "-" "Feedly/1.0 (+http://www.feedly.com/fetcher.html; 2 subscribers; like FeedFetcher-Google)"
208.115.199.23 - - [03/Feb/2022:18:01:00 +0000] "HEAD / HTTP/1.1" 200 5513 "https://www.ai-news.lmu.de/" "Mozilla/5.0+(compatible; UptimeRobot/2.0; http://www.uptimerobot.com/)"
207.241.231.44 - - [03/Feb/2022:18:01:05 +0000] "GET / HTTP/1.0" 200 21616 "-" "Mozilla/5.0 (compatible; archive.org_bot +http://archive.org/details/archive.org_bot)"
147.182.164.64 - - [03/Feb/2022:18:02:14 +0000] "GET /feed.xml HTTP/1.1" 200 9379 "-" "NewsBlur Feed Fetcher - 1 subscriber - https://www.newsblur.com/site/8444680/ailmu (\"Mozilla/5.0 (Macintosh; Intel Mac OS X 10_15_7) AppleWebKit/605.1.15 (KHTML, like Gecko) Version/14.0.1 Safari/605.1.15\")"
66.249.70.109 - - [03/Feb/2022:18:03:27 +0000] "GET /updates HTTP/1.1" 301 5811 "-" "Mozilla/5.0 (compatible; Googlebot/2.1; +http://www.google.com/bot.html)"
66.249.70.111 - - [03/Feb/2022:18:03:29 +0000] "GET /files/v4_2_6_es6-promise_auto.min.js HTTP/1.1" 200 7975 "https://www.ai-news.lmu.de/updates/" "Mozilla/5.0 AppleWebKit/537.36 (KHTML, like Gecko; compatible; Googlebot/2.1; +http://www.google.com/bot.html) Chrome/97.0.4692.71 Safari/537.36"
66.249.70.109 - - [03/Feb/2022:18:03:29 +0000] "GET /files/v2_6_10_vue_min.js HTTP/1.1" 200 34564 "https://www.ai-news.lmu.de/updates/" "Mozilla/5.0 AppleWebKit/537.36 (KHTML, like Gecko; compatible; Googlebot/2.1; +http://www.google.com/bot.html) Chrome/97.0.4692.71 Safari/537.36"
66.249.70.111 - - [03/Feb/2022:18:03:30 +0000] "GET /files/vendors-app.bundle.js HTTP/1.1" 200 40005 "https://www.ai-news.lmu.de/updates/" "Mozilla/5.0 AppleWebKit/537.36 (KHTML, like Gecko; compatible; Googlebot/2.1; +http://www.google.com/bot.html) Chrome/97.0.4692.71 Safari/537.36"
66.249.70.107 - - [03/Feb/2022:18:03:30 +0000] "GET /files/Logo_LMU.svg HTTP/1.1" 200 24837 "https://www.ai-news.lmu.de/updates/" "Mozilla/5.0 AppleWebKit/537.36 (KHTML, like Gecko; compatible; Googlebot/2.1; +http://www.google.com/bot.html) Chrome/97.0.4692.71 Safari/537.36"
66.249.70.107 - - [03/Feb/2022:18:03:31 +0000] "GET /icons/sprites/sprites-sprite.svg HTTP/1.1" 200 83104 "https://www.ai-news.lmu.de/files/app.bundle.css" "Mozilla/5.0 AppleWebKit/537.36 (KHTML, like Gecko; compatible; Googlebot/2.1; +http://www.google.com/bot.html) Chrome/97.0.4692.71 Safari/537.36"
66.249.70.109 - - [03/Feb/2022:18:03:31 +0000] "GET /files/standard-json-navigation-generating-site.json?nocache=1643328000000 HTTP/1.1" 200 2093 "https://www.ai-news.lmu.de/updates/" "Mozilla/5.0 AppleWebKit/537.36 (KHTML, like Gecko; compatible; Googlebot/2.1; +http://www.google.com/bot.html) Chrome/97.0.4692.71 Safari/537.36"
208.115.199.23 - - [03/Feb/2022:18:06:00 +0000] "HEAD / HTTP/1.1" 200 5513 "https://www.ai-news.lmu.de/" "Mozilla/5.0+(compatible; UptimeRobot/2.0; http://www.uptimerobot.com/)"
207.241.233.151 - - [03/Feb/2022:18:09:53 +0000] "GET /robots.txt HTTP/1.0" 404 5020 "-" "Mozilla/5.0 (compatible; archive.org_bot +http://archive.org/details/archive.org_bot)"
207.241.233.151 - - [03/Feb/2022:18:10:08 +0000] "GET / HTTP/1.0" 200 21616 "-" "Mozilla/5.0 (compatible; archive.org_bot +http://archive.org/details/archive.org_bot)"
208.115.199.23 - - [03/Feb/2022:18:11:00 +0000] "HEAD / HTTP/1.1" 200 5513 "https://www.ai-news.lmu.de/" "Mozilla/5.0+(compatible; UptimeRobot/2.0; http://www.uptimerobot.com/)"
208.115.199.23 - - [03/Feb/2022:18:16:00 +0000] "HEAD / HTTP/1.1" 200 5513 "https://www.ai-news.lmu.de/" "Mozilla/5.0+(compatible; UptimeRobot/2.0; http://www.uptimerobot.com/)"
66.249.70.109 - - [03/Feb/2022:18:18:27 +0000] "GET / HTTP/1.1" 200 10601 "-" "Mozilla/5.0 (Linux; Android 6.0.1; Nexus 5X Build/MMB29P) AppleWebKit/537.36 (KHTML, like Gecko) Chrome/97.0.4692.99 Mobile Safari/537.36 (compatible; Googlebot/2.1; +http://www.google.com/bot.html)"
66.249.70.107 - - [03/Feb/2022:18:18:32 +0000] "GET /files/app.bundle.css HTTP/1.1" 200 97738 "https://www.ai-news.lmu.de/" "Mozilla/5.0 (Linux; Android 6.0.1; Nexus 5X Build/MMB29P) AppleWebKit/537.36 (KHTML, like Gecko) Chrome/97.0.4692.71 Mobile Safari/537.36 (compatible; Googlebot/2.1; +http://www.google.com/bot.html)"
66.249.70.109 - - [03/Feb/2022:18:18:33 +0000] "GET /files/v0_18_0_axios.min.js HTTP/1.1" 200 10045 "https://www.ai-news.lmu.de/" "Mozilla/5.0 (Linux; Android 6.0.1; Nexus 5X Build/MMB29P) AppleWebKit/537.36 (KHTML, like Gecko) Chrome/97.0.4692.71 Mobile Safari/537.36 (compatible; Googlebot/2.1; +http://www.google.com/bot.html)"
66.249.70.109 - - [03/Feb/2022:18:18:33 +0000] "GET /files/jquery-3.5.1.min.js HTTP/1.1" 200 31395 "https://www.ai-news.lmu.de/" "Mozilla/5.0 (Linux; Android 6.0.1; Nexus 5X Build/MMB29P) AppleWebKit/537.36 (KHTML, like Gecko) Chrome/97.0.4692.71 Mobile Safari/537.36 (compatible; Googlebot/2.1; +http://www.google.com/bot.html)"
66.249.70.109 - - [03/Feb/2022:18:18:34 +0000] "GET /files/vendors-app.bundle.js HTTP/1.1" 200 40005 "https://www.ai-news.lmu.de/" "Mozilla/5.0 (Linux; Android 6.0.1; Nexus 5X Build/MMB29P) AppleWebKit/537.36 (KHTML, like Gecko) Chrome/97.0.4692.71 Mobile Safari/537.36 (compatible; Googlebot/2.1; +http://www.google.com/bot.html)"
66.249.70.109 - - [03/Feb/2022:18:18:34 +0000] "GET /files/standard-json-navigation-generating-site.json?nocache=1643328000000 HTTP/1.1" 200 2093 "https://www.ai-news.lmu.de/" "Mozilla/5.0 (Linux; Android 6.0.1; Nexus 5X Build/MMB29P) AppleWebKit/537.36 (KHTML, like Gecko) Chrome/97.0.4692.71 Mobile Safari/537.36 (compatible; Googlebot/2.1; +http://www.google.com/bot.html)"
178.10.88.87 - - [03/Feb/2022:18:19:52 +0000] "GET /2021/10/01/towards.html HTTP/1.1" 200 10385 "-" "Mozilla/5.0 (Windows NT 10.0; Win64; x64; rv:96.0) Gecko/20100101 Firefox/96.0"
178.10.88.87 - - [03/Feb/2022:18:19:52 +0000] "GET /fonts/roboto-v18-latin-300.woff2 HTTP/1.1" 200 15772 "https://www.ai-news.lmu.de/2021/10/01/towards.html" "Mozilla/5.0 (Windows NT 10.0; Win64; x64; rv:96.0) Gecko/20100101 Firefox/96.0"
178.10.88.87 - - [03/Feb/2022:18:19:52 +0000] "GET /fonts/roboto-v18-latin-italic.woff2 HTTP/1.1" 200 17298 "https://www.ai-news.lmu.de/2021/10/01/towards.html" "Mozilla/5.0 (Windows NT 10.0; Win64; x64; rv:96.0) Gecko/20100101 Firefox/96.0"
178.10.88.87 - - [03/Feb/2022:18:19:52 +0000] "GET /fonts/roboto-v18-latin-regular.woff2 HTTP/1.1" 200 16240 "https://www.ai-news.lmu.de/2021/10/01/towards.html" "Mozilla/5.0 (Windows NT 10.0; Win64; x64; rv:96.0) Gecko/20100101 Firefox/96.0"
178.10.88.87 - - [03/Feb/2022:18:19:52 +0000] "GET /files/v3_1_0_vuex.min.js HTTP/1.1" 200 4282 "https://www.ai-news.lmu.de/2021/10/01/towards.html" "Mozilla/5.0 (Windows NT 10.0; Win64; x64; rv:96.0) Gecko/20100101 Firefox/96.0"
178.10.88.87 - - [03/Feb/2022:18:19:52 +0000] "GET /fonts/roboto-v18-latin-700.woff2 HTTP/1.1" 200 16332 "https://www.ai-news.lmu.de/2021/10/01/towards.html" "Mozilla/5.0 (Windows NT 10.0; Win64; x64; rv:96.0) Gecko/20100101 Firefox/96.0"
178.10.88.87 - - [03/Feb/2022:18:19:52 +0000] "GET /files/jquery-3.5.1.min.js HTTP/1.1" 200 31959 "https://www.ai-news.lmu.de/2021/10/01/towards.html" "Mozilla/5.0 (Windows NT 10.0; Win64; x64; rv:96.0) Gecko/20100101 Firefox/96.0"
178.10.88.87 - - [03/Feb/2022:18:19:52 +0000] "GET /files/v2_6_10_vue_min.js HTTP/1.1" 200 35128 "https://www.ai-news.lmu.de/2021/10/01/towards.html" "Mozilla/5.0 (Windows NT 10.0; Win64; x64; rv:96.0) Gecko/20100101 Firefox/96.0"
178.10.88.87 - - [03/Feb/2022:18:19:52 +0000] "GET /files/app.bundle.css HTTP/1.1" 200 93112 "https://www.ai-news.lmu.de/2021/10/01/towards.html" "Mozilla/5.0 (Windows NT 10.0; Win64; x64; rv:96.0) Gecko/20100101 Firefox/96.0"
178.10.88.87 - - [03/Feb/2022:18:19:52 +0000] "GET /files/v4_2_6_es6-promise_auto.min.js HTTP/1.1" 200 2785 "https://www.ai-news.lmu.de/2021/10/01/towards.html" "Mozilla/5.0 (Windows NT 10.0; Win64; x64; rv:96.0) Gecko/20100101 Firefox/96.0"
178.10.88.87 - - [03/Feb/2022:18:19:52 +0000] "GET /files/v0_18_0_axios.min.js HTTP/1.1" 200 4855 "https://www.ai-news.lmu.de/2021/10/01/towards.html" "Mozilla/5.0 (Windows NT 10.0; Win64; x64; rv:96.0) Gecko/20100101 Firefox/96.0"
178.10.88.87 - - [03/Feb/2022:18:19:52 +0000] "GET /files/runtime.bundle.js HTTP/1.1" 200 1087 "https://www.ai-news.lmu.de/2021/10/01/towards.html" "Mozilla/5.0 (Windows NT 10.0; Win64; x64; rv:96.0) Gecko/20100101 Firefox/96.0"
178.10.88.87 - - [03/Feb/2022:18:19:52 +0000] "GET /files/vendors-app.bundle.js HTTP/1.1" 200 40005 "https://www.ai-news.lmu.de/2021/10/01/towards.html" "Mozilla/5.0 (Windows NT 10.0; Win64; x64; rv:96.0) Gecko/20100101 Firefox/96.0"
178.10.88.87 - - [03/Feb/2022:18:19:52 +0000] "GET /files/bundle.vue.js HTTP/1.1" 200 39272 "https://www.ai-news.lmu.de/2021/10/01/towards.html" "Mozilla/5.0 (Windows NT 10.0; Win64; x64; rv:96.0) Gecko/20100101 Firefox/96.0"
178.10.88.87 - - [03/Feb/2022:18:19:52 +0000] "GET /files/app.bundle.js HTTP/1.1" 200 59193 "https://www.ai-news.lmu.de/2021/10/01/towards.html" "Mozilla/5.0 (Windows NT 10.0; Win64; x64; rv:96.0) Gecko/20100101 Firefox/96.0"
178.10.88.87 - - [03/Feb/2022:18:19:53 +0000] "GET /files/Logo_LMU.svg HTTP/1.1" 200 19647 "https://www.ai-news.lmu.de/2021/10/01/towards.html" "Mozilla/5.0 (Windows NT 10.0; Win64; x64; rv:96.0) Gecko/20100101 Firefox/96.0"
178.10.88.87 - - [03/Feb/2022:18:19:53 +0000] "GET /files/ai_web.jpg HTTP/1.1" 200 127890 "https://www.ai-news.lmu.de/2021/10/01/towards.html" "Mozilla/5.0 (Windows NT 10.0; Win64; x64; rv:96.0) Gecko/20100101 Firefox/96.0"
178.10.88.87 - - [03/Feb/2022:18:19:53 +0000] "GET /icons/sprites/sprites-sprite.svg HTTP/1.1" 200 83104 "https://www.ai-news.lmu.de/files/app.bundle.css" "Mozilla/5.0 (Windows NT 10.0; Win64; x64; rv:96.0) Gecko/20100101 Firefox/96.0"
178.10.88.87 - - [03/Feb/2022:18:19:53 +0000] "GET /img/footer-bg.svg HTTP/1.1" 200 303040 "https://www.ai-news.lmu.de/files/app.bundle.css" "Mozilla/5.0 (Windows NT 10.0; Win64; x64; rv:96.0) Gecko/20100101 Firefox/96.0"
178.10.88.87 - - [03/Feb/2022:18:19:53 +0000] "GET /files/favicon.ico HTTP/1.1" 200 7751 "https://www.ai-news.lmu.de/2021/10/01/towards.html" "Mozilla/5.0 (Windows NT 10.0; Win64; x64; rv:96.0) Gecko/20100101 Firefox/96.0"
178.10.88.87 - - [03/Feb/2022:18:19:53 +0000] "GET /files/standard-json-navigation-generating-site.json?nocache=1643912391651 HTTP/1.1" 200 2093 "https://www.ai-news.lmu.de/2021/10/01/towards.html" "Mozilla/5.0 (Windows NT 10.0; Win64; x64; rv:96.0) Gecko/20100101 Firefox/96.0"
208.115.199.23 - - [03/Feb/2022:18:21:00 +0000] "HEAD / HTTP/1.1" 200 5513 "https://www.ai-news.lmu.de/" "Mozilla/5.0+(compatible; UptimeRobot/2.0; http://www.uptimerobot.com/)"
208.115.199.23 - - [03/Feb/2022:18:26:00 +0000] "HEAD / HTTP/1.1" 200 5513 "https://www.ai-news.lmu.de/" "Mozilla/5.0+(compatible; UptimeRobot/2.0; http://www.uptimerobot.com/)"
178.10.88.87 - - [03/Feb/2022:18:28:11 +0000] "GET /feed.xml HTTP/1.1" 304 5408 "-" "Mozilla/5.0 (Windows NT 10.0; Win64; x64; rv:91.0) Gecko/20100101 Thunderbird/91.5.1"
208.115.199.23 - - [03/Feb/2022:18:31:00 +0000] "HEAD / HTTP/1.1" 200 5513 "https://www.ai-news.lmu.de/" "Mozilla/5.0+(compatible; UptimeRobot/2.0; http://www.uptimerobot.com/)"
80.187.70.176 - - [03/Feb/2022:18:34:21 +0000] "GET /newsletter/1 HTTP/1.1" 301 5850 "https://t.co/" "Mozilla/5.0 (iPhone; CPU iPhone OS 15_2_1 like Mac OS X) AppleWebKit/605.1.15 (KHTML, like Gecko) Version/15.2 Mobile/15E148 Safari/604.1"
208.115.199.23 - - [03/Feb/2022:18:36:00 +0000] "HEAD / HTTP/1.1" 200 5513 "https://www.ai-news.lmu.de/" "Mozilla/5.0+(compatible; UptimeRobot/2.0; http://www.uptimerobot.com/)"
208.115.199.23 - - [03/Feb/2022:18:41:00 +0000] "HEAD / HTTP/1.1" 200 5513 "https://www.ai-news.lmu.de/" "Mozilla/5.0+(compatible; UptimeRobot/2.0; http://www.uptimerobot.com/)"
217.225.202.222 - - [03/Feb/2022:18:43:31 +0000] "GET /newsletter/1 HTTP/1.1" 301 5850 "https://t.co/" "Mozilla/5.0 (Windows NT 6.3; Win64; x64; rv:96.0) Gecko/20100101 Firefox/96.0"
95.91.234.13 - - [03/Feb/2022:18:44:33 +0000] "GET /feed.xml HTTP/1.1" 304 5408 "-" "Mozilla/5.0 (Windows NT 10.0; Win64; x64; rv:91.0) Gecko/20100101 Thunderbird/91.5.1"
208.115.199.23 - - [03/Feb/2022:18:46:00 +0000] "HEAD / HTTP/1.1" 200 5513 "https://www.ai-news.lmu.de/" "Mozilla/5.0+(compatible; UptimeRobot/2.0; http://www.uptimerobot.com/)"
178.10.88.87 - - [03/Feb/2022:18:46:10 +0000] "GET /favicon.ico HTTP/1.1" 200 12956 "-" "Mozilla/5.0 (Windows NT 10.0; Win64; x64; rv:91.0) Gecko/20100101 Thunderbird/91.5.1"
208.115.199.23 - - [03/Feb/2022:18:51:00 +0000] "HEAD / HTTP/1.1" 200 5513 "https://www.ai-news.lmu.de/" "Mozilla/5.0+(compatible; UptimeRobot/2.0; http://www.uptimerobot.com/)"
208.115.199.23 - - [03/Feb/2022:18:56:00 +0000] "HEAD / HTTP/1.1" 200 5513 "https://www.ai-news.lmu.de/" "Mozilla/5.0+(compatible; UptimeRobot/2.0; http://www.uptimerobot.com/)"
208.115.199.23 - - [03/Feb/2022:19:01:00 +0000] "HEAD / HTTP/1.1" 200 5513 "https://www.ai-news.lmu.de/" "Mozilla/5.0+(compatible; UptimeRobot/2.0; http://www.uptimerobot.com/)"
208.115.199.23 - - [03/Feb/2022:19:06:00 +0000] "HEAD / HTTP/1.1" 200 5513 "https://www.ai-news.lmu.de/" "Mozilla/5.0+(compatible; UptimeRobot/2.0; http://www.uptimerobot.com/)"
208.115.199.23 - - [03/Feb/2022:19:11:00 +0000] "HEAD / HTTP/1.1" 200 5513 "https://www.ai-news.lmu.de/" "Mozilla/5.0+(compatible; UptimeRobot/2.0; http://www.uptimerobot.com/)"
208.115.199.23 - - [03/Feb/2022:19:16:00 +0000] "HEAD / HTTP/1.1" 200 5513 "https://www.ai-news.lmu.de/" "Mozilla/5.0+(compatible; UptimeRobot/2.0; http://www.uptimerobot.com/)"
95.91.234.13 - - [03/Feb/2022:19:16:13 +0000] "GET /feed.xml HTTP/1.1" 304 5408 "-" "Mozilla/5.0 (Windows NT 10.0; Win64; x64; rv:91.0) Gecko/20100101 Thunderbird/91.5.1"
66.249.70.107 - - [03/Feb/2022:19:18:27 +0000] "GET /submission HTTP/1.1" 301 5817 "-" "Mozilla/5.0 (compatible; Googlebot/2.1; +http://www.google.com/bot.html)"
66.249.70.107 - - [03/Feb/2022:19:18:28 +0000] "GET /submission/ HTTP/1.1" 200 5663 "-" "Mozilla/5.0 (compatible; Googlebot/2.1; +http://www.google.com/bot.html)"
66.249.70.107 - - [03/Feb/2022:19:20:01 +0000] "GET /files/jquery-3.5.1.min.js HTTP/1.1" 200 36585 "https://www.ai-news.lmu.de/submission/" "Mozilla/5.0 AppleWebKit/537.36 (KHTML, like Gecko; compatible; Googlebot/2.1; +http://www.google.com/bot.html) Chrome/97.0.4692.71 Safari/537.36"
66.249.70.111 - - [03/Feb/2022:19:20:01 +0000] "GET /files/standard-json-navigation-generating-site.json?nocache=1643328000000 HTTP/1.1" 200 7283 "https://www.ai-news.lmu.de/submission/" "Mozilla/5.0 AppleWebKit/537.36 (KHTML, like Gecko; compatible; Googlebot/2.1; +http://www.google.com/bot.html) Chrome/97.0.4692.71 Safari/537.36"
208.115.199.23 - - [03/Feb/2022:19:21:00 +0000] "HEAD / HTTP/1.1" 200 5513 "https://www.ai-news.lmu.de/" "Mozilla/5.0+(compatible; UptimeRobot/2.0; http://www.uptimerobot.com/)"
95.91.234.13 - - [03/Feb/2022:19:22:15 +0000] "GET /feed.xml HTTP/1.1" 304 5408 "-" "Mozilla/5.0 (Windows NT 10.0; Win64; x64; rv:91.0) Gecko/20100101 Thunderbird/91.5.1"
95.91.253.155 - - [03/Feb/2022:19:23:41 +0000] "GET /feed.xml HTTP/1.1" 304 5408 "-" "Mozilla/5.0 (X11; Linux x86_64; rv:91.0) Gecko/20100101 Thunderbird/91.5.1"
208.115.199.23 - - [03/Feb/2022:19:26:00 +0000] "HEAD / HTTP/1.1" 200 5513 "https://www.ai-news.lmu.de/" "Mozilla/5.0+(compatible; UptimeRobot/2.0; http://www.uptimerobot.com/)"
208.115.199.23 - - [03/Feb/2022:19:31:00 +0000] "HEAD / HTTP/1.1" 200 5513 "https://www.ai-news.lmu.de/" "Mozilla/5.0+(compatible; UptimeRobot/2.0; http://www.uptimerobot.com/)"
77.3.176.205 - - [03/Feb/2022:19:31:42 +0000] "GET /feed.xml HTTP/1.1" 304 5408 "-" "Mozilla/5.0 (Windows NT 10.0; Win64; x64; rv:91.0) Gecko/20100101 Thunderbird/91.5.1"
167.248.133.118 - - [03/Feb/2022:19:32:32 +0000] "GET / HTTP/1.1" 200 26560 "-" "-"
167.248.133.118 - - [03/Feb/2022:19:32:33 +0000] "GET / HTTP/1.1" 200 10477 "-" "Mozilla/5.0 (compatible; CensysInspect/1.1; +https://about.censys.io/)"
141.40.252.102 - - [03/Feb/2022:19:33:06 +0000] "GET /feed.xml HTTP/1.1" 304 5408 "-" "Mozilla/5.0 (Windows NT 10.0; Win64; x64; rv:91.0) Gecko/20100101 Thunderbird/91.5.1"
208.115.199.23 - - [03/Feb/2022:19:36:00 +0000] "HEAD / HTTP/1.1" 200 5513 "https://www.ai-news.lmu.de/" "Mozilla/5.0+(compatible; UptimeRobot/2.0; http://www.uptimerobot.com/)"
95.91.234.13 - - [03/Feb/2022:19:38:17 +0000] "GET /feed.xml HTTP/1.1" 304 5408 "-" "Mozilla/5.0 (Windows NT 10.0; Win64; x64; rv:91.0) Gecko/20100101 Thunderbird/91.5.1"
208.115.199.23 - - [03/Feb/2022:19:41:00 +0000] "HEAD / HTTP/1.1" 200 5513 "https://www.ai-news.lmu.de/" "Mozilla/5.0+(compatible; UptimeRobot/2.0; http://www.uptimerobot.com/)"
157.245.117.25 - - [03/Feb/2022:19:44:28 +0000] "GET /feed.xml HTTP/1.1" 200 9379 "-" "Mozilla/5.0 (Macintosh; Intel Mac OS X 10_13_6; +feeder.co) AppleWebKit/537.36 (KHTML, like Gecko) Chrome/67.0.3396.99 Safari/537.36"
208.115.199.23 - - [03/Feb/2022:19:46:00 +0000] "HEAD / HTTP/1.1" 200 5513 "https://www.ai-news.lmu.de/" "Mozilla/5.0+(compatible; UptimeRobot/2.0; http://www.uptimerobot.com/)"
93.207.23.40 - - [03/Feb/2022:19:48:24 +0000] "GET / HTTP/1.1" 200 10616 "-" "Mozilla/5.0 (X11; Linux x86_64; rv:91.0) Gecko/20100101 Firefox/91.0"
93.207.23.40 - - [03/Feb/2022:19:48:24 +0000] "GET /fonts/roboto-v18-latin-300.woff2 HTTP/1.1" 200 15772 "https://www.ai-news.lmu.de/" "Mozilla/5.0 (X11; Linux x86_64; rv:91.0) Gecko/20100101 Firefox/91.0"
93.207.23.40 - - [03/Feb/2022:19:48:24 +0000] "GET /files/v2_6_10_vue_min.js HTTP/1.1" 200 34564 "https://www.ai-news.lmu.de/" "Mozilla/5.0 (X11; Linux x86_64; rv:91.0) Gecko/20100101 Firefox/91.0"
93.207.23.40 - - [03/Feb/2022:19:48:24 +0000] "GET /fonts/roboto-v18-latin-regular.woff2 HTTP/1.1" 200 16240 "https://www.ai-news.lmu.de/" "Mozilla/5.0 (X11; Linux x86_64; rv:91.0) Gecko/20100101 Firefox/91.0"
93.207.23.40 - - [03/Feb/2022:19:48:24 +0000] "GET /fonts/roboto-v18-latin-italic.woff2 HTTP/1.1" 200 17862 "https://www.ai-news.lmu.de/" "Mozilla/5.0 (X11; Linux x86_64; rv:91.0) Gecko/20100101 Firefox/91.0"
93.207.23.40 - - [03/Feb/2022:19:48:24 +0000] "GET /fonts/roboto-v18-latin-700.woff2 HTTP/1.1" 200 16332 "https://www.ai-news.lmu.de/" "Mozilla/5.0 (X11; Linux x86_64; rv:91.0) Gecko/20100101 Firefox/91.0"
93.207.23.40 - - [03/Feb/2022:19:48:24 +0000] "GET /files/jquery-3.5.1.min.js HTTP/1.1" 200 31959 "https://www.ai-news.lmu.de/" "Mozilla/5.0 (X11; Linux x86_64; rv:91.0) Gecko/20100101 Firefox/91.0"
93.207.23.40 - - [03/Feb/2022:19:48:24 +0000] "GET /files/app.bundle.css HTTP/1.1" 200 93112 "https://www.ai-news.lmu.de/" "Mozilla/5.0 (X11; Linux x86_64; rv:91.0) Gecko/20100101 Firefox/91.0"
93.207.23.40 - - [03/Feb/2022:19:48:24 +0000] "GET /files/v3_1_0_vuex.min.js HTTP/1.1" 200 4282 "https://www.ai-news.lmu.de/" "Mozilla/5.0 (X11; Linux x86_64; rv:91.0) Gecko/20100101 Firefox/91.0"
93.207.23.40 - - [03/Feb/2022:19:48:24 +0000] "GET /files/v4_2_6_es6-promise_auto.min.js HTTP/1.1" 200 2785 "https://www.ai-news.lmu.de/" "Mozilla/5.0 (X11; Linux x86_64; rv:91.0) Gecko/20100101 Firefox/91.0"
93.207.23.40 - - [03/Feb/2022:19:48:24 +0000] "GET /files/v0_18_0_axios.min.js HTTP/1.1" 200 4855 "https://www.ai-news.lmu.de/" "Mozilla/5.0 (X11; Linux x86_64; rv:91.0) Gecko/20100101 Firefox/91.0"
93.207.23.40 - - [03/Feb/2022:19:48:24 +0000] "GET /files/vendors-app.bundle.js HTTP/1.1" 200 40005 "https://www.ai-news.lmu.de/" "Mozilla/5.0 (X11; Linux x86_64; rv:91.0) Gecko/20100101 Firefox/91.0"
93.207.23.40 - - [03/Feb/2022:19:48:24 +0000] "GET /files/runtime.bundle.js HTTP/1.1" 200 1087 "https://www.ai-news.lmu.de/" "Mozilla/5.0 (X11; Linux x86_64; rv:91.0) Gecko/20100101 Firefox/91.0"
93.207.23.40 - - [03/Feb/2022:19:48:24 +0000] "GET /files/bundle.vue.js HTTP/1.1" 200 39272 "https://www.ai-news.lmu.de/" "Mozilla/5.0 (X11; Linux x86_64; rv:91.0) Gecko/20100101 Firefox/91.0"
93.207.23.40 - - [03/Feb/2022:19:48:24 +0000] "GET /files/app.bundle.js HTTP/1.1" 200 59193 "https://www.ai-news.lmu.de/" "Mozilla/5.0 (X11; Linux x86_64; rv:91.0) Gecko/20100101 Firefox/91.0"
93.207.23.40 - - [03/Feb/2022:19:48:24 +0000] "GET /files/Logo_LMU.svg HTTP/1.1" 200 19647 "https://www.ai-news.lmu.de/" "Mozilla/5.0 (X11; Linux x86_64; rv:91.0) Gecko/20100101 Firefox/91.0"
93.207.23.40 - - [03/Feb/2022:19:48:24 +0000] "GET /files/conference.jpg HTTP/1.1" 200 201921 "https://www.ai-news.lmu.de/" "Mozilla/5.0 (X11; Linux x86_64; rv:91.0) Gecko/20100101 Firefox/91.0"
93.207.23.40 - - [03/Feb/2022:19:48:24 +0000] "GET /files/robot_back_small.jpg HTTP/1.1" 200 349911 "https://www.ai-news.lmu.de/" "Mozilla/5.0 (X11; Linux x86_64; rv:91.0) Gecko/20100101 Firefox/91.0"
93.207.23.40 - - [03/Feb/2022:19:48:24 +0000] "GET /files/robot_small.jpg HTTP/1.1" 200 312073 "https://www.ai-news.lmu.de/" "Mozilla/5.0 (X11; Linux x86_64; rv:91.0) Gecko/20100101 Firefox/91.0"
93.207.23.40 - - [03/Feb/2022:19:48:24 +0000] "GET /icons/sprites/sprites-sprite.svg HTTP/1.1" 200 83104 "https://www.ai-news.lmu.de/files/app.bundle.css" "Mozilla/5.0 (X11; Linux x86_64; rv:91.0) Gecko/20100101 Firefox/91.0"
93.207.23.40 - - [03/Feb/2022:19:48:24 +0000] "GET /files/lights.png HTTP/1.1" 200 213269 "https://www.ai-news.lmu.de/" "Mozilla/5.0 (X11; Linux x86_64; rv:91.0) Gecko/20100101 Firefox/91.0"
93.207.23.40 - - [03/Feb/2022:19:48:24 +0000] "GET /img/footer-bg.svg HTTP/1.1" 200 303040 "https://www.ai-news.lmu.de/files/app.bundle.css" "Mozilla/5.0 (X11; Linux x86_64; rv:91.0) Gecko/20100101 Firefox/91.0"
93.207.23.40 - - [03/Feb/2022:19:48:24 +0000] "GET /files/favicon.ico HTTP/1.1" 200 7751 "https://www.ai-news.lmu.de/" "Mozilla/5.0 (X11; Linux x86_64; rv:91.0) Gecko/20100101 Firefox/91.0"
93.207.23.40 - - [03/Feb/2022:19:48:25 +0000] "GET /files/standard-json-navigation-generating-site.json?nocache=1643917704628 HTTP/1.1" 200 2093 "https://www.ai-news.lmu.de/" "Mozilla/5.0 (X11; Linux x86_64; rv:91.0) Gecko/20100101 Firefox/91.0"
66.249.70.121 - - [03/Feb/2022:19:48:27 +0000] "GET /submission/ HTTP/1.1" 200 10853 "-" "Mozilla/5.0 (compatible; Googlebot/2.1; +http://www.google.com/bot.html)"
20.114.132.182 - - [03/Feb/2022:19:49:42 +0000] "GET /.env HTTP/1.1" 404 5062 "-" "Mozilla/5.0 (X11; Linux x86_64) AppleWebKit/537.36 (KHTML, like Gecko) Chrome/81.0.4044.129 Safari/537.36"
20.114.132.182 - - [03/Feb/2022:19:49:42 +0000] "POST / HTTP/1.1" 200 9974 "-" "Mozilla/5.0 (X11; Linux x86_64) AppleWebKit/537.36 (KHTML, like Gecko) Chrome/81.0.4044.129 Safari/537.36"
208.115.199.23 - - [03/Feb/2022:19:51:00 +0000] "HEAD / HTTP/1.1" 200 5513 "https://www.ai-news.lmu.de/" "Mozilla/5.0+(compatible; UptimeRobot/2.0; http://www.uptimerobot.com/)"
95.90.254.61 - - [03/Feb/2022:19:51:50 +0000] "GET /newsletter/1 HTTP/1.1" 301 5850 "-" "Mozilla/5.0 (Linux; Android 9) AppleWebKit/537.36 (KHTML, like Gecko) Version/4.0 Chrome/98.0.4758.87 Mobile DuckDuckGo/5 Safari/537.36"
172.225.6.36 - - [03/Feb/2022:19:52:15 +0000] "GET /newsletter/1 HTTP/1.1" 301 5850 "https://t.co/" "Mozilla/5.0 (iPhone; CPU iPhone OS 15_3 like Mac OS X) AppleWebKit/605.1.15 (KHTML, like Gecko) Version/15.3 Mobile/15E148 Safari/604.1"
172.225.6.36 - - [03/Feb/2022:19:53:04 +0000] "GET /2021/10/01/towards.html HTTP/1.1" 200 10385 "https://309506.seu2.cleverreach.com/" "Mozilla/5.0 (iPhone; CPU iPhone OS 15_3 like Mac OS X) AppleWebKit/605.1.15 (KHTML, like Gecko) Version/15.3 Mobile/15E148 Safari/604.1"
172.225.6.36 - - [03/Feb/2022:19:53:04 +0000] "GET /fonts/roboto-v18-latin-italic.woff2 HTTP/1.1" 200 17298 "https://www.ai-news.lmu.de/2021/10/01/towards.html" "Mozilla/5.0 (iPhone; CPU iPhone OS 15_3 like Mac OS X) AppleWebKit/605.1.15 (KHTML, like Gecko) Version/15.3 Mobile/15E148 Safari/604.1"
172.225.6.36 - - [03/Feb/2022:19:53:04 +0000] "GET /fonts/roboto-v18-latin-regular.woff2 HTTP/1.1" 200 20881 "https://www.ai-news.lmu.de/2021/10/01/towards.html" "Mozilla/5.0 (iPhone; CPU iPhone OS 15_3 like Mac OS X) AppleWebKit/605.1.15 (KHTML, like Gecko) Version/15.3 Mobile/15E148 Safari/604.1"
172.225.6.36 - - [03/Feb/2022:19:53:04 +0000] "GET /files/v3_1_0_vuex.min.js HTTP/1.1" 200 4282 "https://www.ai-news.lmu.de/2021/10/01/towards.html" "Mozilla/5.0 (iPhone; CPU iPhone OS 15_3 like Mac OS X) AppleWebKit/605.1.15 (KHTML, like Gecko) Version/15.3 Mobile/15E148 Safari/604.1"
172.225.6.36 - - [03/Feb/2022:19:53:04 +0000] "GET /files/v0_18_0_axios.min.js HTTP/1.1" 200 4855 "https://www.ai-news.lmu.de/2021/10/01/towards.html" "Mozilla/5.0 (iPhone; CPU iPhone OS 15_3 like Mac OS X) AppleWebKit/605.1.15 (KHTML, like Gecko) Version/15.3 Mobile/15E148 Safari/604.1"
172.225.6.36 - - [03/Feb/2022:19:53:04 +0000] "GET /fonts/roboto-v18-latin-700.woff2 HTTP/1.1" 200 20973 "https://www.ai-news.lmu.de/2021/10/01/towards.html" "Mozilla/5.0 (iPhone; CPU iPhone OS 15_3 like Mac OS X) AppleWebKit/605.1.15 (KHTML, like Gecko) Version/15.3 Mobile/15E148 Safari/604.1"
172.225.6.36 - - [03/Feb/2022:19:53:04 +0000] "GET /fonts/roboto-v18-latin-300.woff2 HTTP/1.1" 200 20977 "https://www.ai-news.lmu.de/2021/10/01/towards.html" "Mozilla/5.0 (iPhone; CPU iPhone OS 15_3 like Mac OS X) AppleWebKit/605.1.15 (KHTML, like Gecko) Version/15.3 Mobile/15E148 Safari/604.1"
172.225.6.36 - - [03/Feb/2022:19:53:04 +0000] "GET /files/runtime.bundle.js HTTP/1.1" 200 1087 "https://www.ai-news.lmu.de/2021/10/01/towards.html" "Mozilla/5.0 (iPhone; CPU iPhone OS 15_3 like Mac OS X) AppleWebKit/605.1.15 (KHTML, like Gecko) Version/15.3 Mobile/15E148 Safari/604.1"
172.225.6.36 - - [03/Feb/2022:19:53:04 +0000] "GET /files/v4_2_6_es6-promise_auto.min.js HTTP/1.1" 200 7990 "https://www.ai-news.lmu.de/2021/10/01/towards.html" "Mozilla/5.0 (iPhone; CPU iPhone OS 15_3 like Mac OS X) AppleWebKit/605.1.15 (KHTML, like Gecko) Version/15.3 Mobile/15E148 Safari/604.1"
172.225.6.36 - - [03/Feb/2022:19:53:04 +0000] "GET /files/jquery-3.5.1.min.js HTTP/1.1" 200 36600 "https://www.ai-news.lmu.de/2021/10/01/towards.html" "Mozilla/5.0 (iPhone; CPU iPhone OS 15_3 like Mac OS X) AppleWebKit/605.1.15 (KHTML, like Gecko) Version/15.3 Mobile/15E148 Safari/604.1"
172.225.6.36 - - [03/Feb/2022:19:53:04 +0000] "GET /files/v2_6_10_vue_min.js HTTP/1.1" 200 34564 "https://www.ai-news.lmu.de/2021/10/01/towards.html" "Mozilla/5.0 (iPhone; CPU iPhone OS 15_3 like Mac OS X) AppleWebKit/605.1.15 (KHTML, like Gecko) Version/15.3 Mobile/15E148 Safari/604.1"
172.225.6.36 - - [03/Feb/2022:19:53:04 +0000] "GET /files/Logo_LMU.svg HTTP/1.1" 200 19647 "https://www.ai-news.lmu.de/2021/10/01/towards.html" "Mozilla/5.0 (iPhone; CPU iPhone OS 15_3 like Mac OS X) AppleWebKit/605.1.15 (KHTML, like Gecko) Version/15.3 Mobile/15E148 Safari/604.1"
172.225.6.36 - - [03/Feb/2022:19:53:04 +0000] "GET /files/ai_web.jpg HTTP/1.1" 200 127890 "https://www.ai-news.lmu.de/2021/10/01/towards.html" "Mozilla/5.0 (iPhone; CPU iPhone OS 15_3 like Mac OS X) AppleWebKit/605.1.15 (KHTML, like Gecko) Version/15.3 Mobile/15E148 Safari/604.1"
172.225.6.36 - - [03/Feb/2022:19:53:04 +0000] "GET /files/vendors-app.bundle.js HTTP/1.1" 200 40005 "https://www.ai-news.lmu.de/2021/10/01/towards.html" "Mozilla/5.0 (iPhone; CPU iPhone OS 15_3 like Mac OS X) AppleWebKit/605.1.15 (KHTML, like Gecko) Version/15.3 Mobile/15E148 Safari/604.1"
172.225.6.36 - - [03/Feb/2022:19:53:04 +0000] "GET /files/bundle.vue.js HTTP/1.1" 200 39272 "https://www.ai-news.lmu.de/2021/10/01/towards.html" "Mozilla/5.0 (iPhone; CPU iPhone OS 15_3 like Mac OS X) AppleWebKit/605.1.15 (KHTML, like Gecko) Version/15.3 Mobile/15E148 Safari/604.1"
172.225.6.36 - - [03/Feb/2022:19:53:04 +0000] "GET /files/app.bundle.js HTTP/1.1" 200 59193 "https://www.ai-news.lmu.de/2021/10/01/towards.html" "Mozilla/5.0 (iPhone; CPU iPhone OS 15_3 like Mac OS X) AppleWebKit/605.1.15 (KHTML, like Gecko) Version/15.3 Mobile/15E148 Safari/604.1"
