141.84.149.18 - - [04/Feb/2022:07:36:54 +0000] "GET /fonts/roboto-v18-latin-regular.woff2 HTTP/1.1" 200 16225 "https://www.ai-news.lmu.de/" "Mozilla/5.0 (Windows NT 10.0; Win64; x64) AppleWebKit/537.36 (KHTML, like Gecko) Chrome/89.0.4389.91 Safari/537.36"
141.84.149.18 - - [04/Feb/2022:07:36:54 +0000] "GET /fonts/roboto-v18-latin-italic.woff2 HTTP/1.1" 200 17847 "https://www.ai-news.lmu.de/" "Mozilla/5.0 (Windows NT 10.0; Win64; x64) AppleWebKit/537.36 (KHTML, like Gecko) Chrome/89.0.4389.91 Safari/537.36"
141.84.149.18 - - [04/Feb/2022:07:36:54 +0000] "GET /fonts/roboto-v18-latin-700.woff2 HTTP/1.1" 200 20958 "https://www.ai-news.lmu.de/" "Mozilla/5.0 (Windows NT 10.0; Win64; x64) AppleWebKit/537.36 (KHTML, like Gecko) Chrome/89.0.4389.91 Safari/537.36"
141.84.149.18 - - [04/Feb/2022:07:36:54 +0000] "GET /files/v2_6_10_vue_min.js HTTP/1.1" 200 39754 "https://www.ai-news.lmu.de/" "Mozilla/5.0 (Windows NT 10.0; Win64; x64) AppleWebKit/537.36 (KHTML, like Gecko) Chrome/89.0.4389.91 Safari/537.36"
141.84.149.18 - - [04/Feb/2022:07:36:54 +0000] "GET /files/jquery-3.5.1.min.js HTTP/1.1" 200 36585 "https://www.ai-news.lmu.de/" "Mozilla/5.0 (Windows NT 10.0; Win64; x64) AppleWebKit/537.36 (KHTML, like Gecko) Chrome/89.0.4389.91 Safari/537.36"
141.84.149.18 - - [04/Feb/2022:07:36:54 +0000] "GET /files/app.bundle.css HTTP/1.1" 200 92548 "https://www.ai-news.lmu.de/" "Mozilla/5.0 (Windows NT 10.0; Win64; x64) AppleWebKit/537.36 (KHTML, like Gecko) Chrome/89.0.4389.91 Safari/537.36"
141.84.149.18 - - [04/Feb/2022:07:36:54 +0000] "GET /files/v3_1_0_vuex.min.js HTTP/1.1" 200 4282 "https://www.ai-news.lmu.de/" "Mozilla/5.0 (Windows NT 10.0; Win64; x64) AppleWebKit/537.36 (KHTML, like Gecko) Chrome/89.0.4389.91 Safari/537.36"
141.84.149.18 - - [04/Feb/2022:07:36:54 +0000] "GET /files/v0_18_0_axios.min.js HTTP/1.1" 200 4855 "https://www.ai-news.lmu.de/" "Mozilla/5.0 (Windows NT 10.0; Win64; x64) AppleWebKit/537.36 (KHTML, like Gecko) Chrome/89.0.4389.91 Safari/537.36"
141.84.149.18 - - [04/Feb/2022:07:36:54 +0000] "GET /files/v4_2_6_es6-promise_auto.min.js HTTP/1.1" 200 2785 "https://www.ai-news.lmu.de/" "Mozilla/5.0 (Windows NT 10.0; Win64; x64) AppleWebKit/537.36 (KHTML, like Gecko) Chrome/89.0.4389.91 Safari/537.36"
141.84.149.18 - - [04/Feb/2022:07:36:54 +0000] "GET /files/vendors-app.bundle.js HTTP/1.1" 200 40005 "https://www.ai-news.lmu.de/" "Mozilla/5.0 (Windows NT 10.0; Win64; x64) AppleWebKit/537.36 (KHTML, like Gecko) Chrome/89.0.4389.91 Safari/537.36"
141.84.149.18 - - [04/Feb/2022:07:36:54 +0000] "GET /files/runtime.bundle.js HTTP/1.1" 200 1087 "https://www.ai-news.lmu.de/" "Mozilla/5.0 (Windows NT 10.0; Win64; x64) AppleWebKit/537.36 (KHTML, like Gecko) Chrome/89.0.4389.91 Safari/537.36"
141.84.149.18 - - [04/Feb/2022:07:36:54 +0000] "GET /files/Logo_LMU.svg HTTP/1.1" 200 19647 "https://www.ai-news.lmu.de/" "Mozilla/5.0 (Windows NT 10.0; Win64; x64) AppleWebKit/537.36 (KHTML, like Gecko) Chrome/89.0.4389.91 Safari/537.36"
141.84.149.18 - - [04/Feb/2022:07:36:54 +0000] "GET /files/bundle.vue.js HTTP/1.1" 200 39272 "https://www.ai-news.lmu.de/" "Mozilla/5.0 (Windows NT 10.0; Win64; x64) AppleWebKit/537.36 (KHTML, like Gecko) Chrome/89.0.4389.91 Safari/537.36"
141.84.149.18 - - [04/Feb/2022:07:36:54 +0000] "GET /files/robot_back_small.jpg HTTP/1.1" 200 349911 "https://www.ai-news.lmu.de/" "Mozilla/5.0 (Windows NT 10.0; Win64; x64) AppleWebKit/537.36 (KHTML, like Gecko) Chrome/89.0.4389.91 Safari/537.36"
141.84.149.18 - - [04/Feb/2022:07:36:54 +0000] "GET /files/robot_small.jpg HTTP/1.1" 200 312073 "https://www.ai-news.lmu.de/" "Mozilla/5.0 (Windows NT 10.0; Win64; x64) AppleWebKit/537.36 (KHTML, like Gecko) Chrome/89.0.4389.91 Safari/537.36"
141.84.149.18 - - [04/Feb/2022:07:36:54 +0000] "GET /files/conference.jpg HTTP/1.1" 200 201921 "https://www.ai-news.lmu.de/" "Mozilla/5.0 (Windows NT 10.0; Win64; x64) AppleWebKit/537.36 (KHTML, like Gecko) Chrome/89.0.4389.91 Safari/537.36"
141.84.149.18 - - [04/Feb/2022:07:36:54 +0000] "GET /files/app.bundle.js HTTP/1.1" 200 59193 "https://www.ai-news.lmu.de/" "Mozilla/5.0 (Windows NT 10.0; Win64; x64) AppleWebKit/537.36 (KHTML, like Gecko) Chrome/89.0.4389.91 Safari/537.36"
141.84.149.18 - - [04/Feb/2022:07:36:54 +0000] "GET /files/lights.png HTTP/1.1" 200 213269 "https://www.ai-news.lmu.de/" "Mozilla/5.0 (Windows NT 10.0; Win64; x64) AppleWebKit/537.36 (KHTML, like Gecko) Chrome/89.0.4389.91 Safari/537.36"
141.84.149.18 - - [04/Feb/2022:07:36:54 +0000] "GET /icons/sprites/sprites-sprite.svg HTTP/1.1" 200 83104 "https://www.ai-news.lmu.de/files/app.bundle.css" "Mozilla/5.0 (Windows NT 10.0; Win64; x64) AppleWebKit/537.36 (KHTML, like Gecko) Chrome/89.0.4389.91 Safari/537.36"
141.84.149.18 - - [04/Feb/2022:07:36:54 +0000] "GET /img/footer-bg.svg HTTP/1.1" 200 303040 "https://www.ai-news.lmu.de/files/app.bundle.css" "Mozilla/5.0 (Windows NT 10.0; Win64; x64) AppleWebKit/537.36 (KHTML, like Gecko) Chrome/89.0.4389.91 Safari/537.36"
141.84.149.18 - - [04/Feb/2022:07:36:54 +0000] "GET /files/standard-json-navigation-generating-site.json?nocache=1643960214443 HTTP/1.1" 200 2093 "https://www.ai-news.lmu.de/" "Mozilla/5.0 (Windows NT 10.0; Win64; x64) AppleWebKit/537.36 (KHTML, like Gecko) Chrome/89.0.4389.91 Safari/537.36"
141.84.149.18 - - [04/Feb/2022:07:36:54 +0000] "GET /files/favicon.ico HTTP/1.1" 200 7751 "-" "Mozilla/5.0 (Windows NT 10.0; Win64; x64) AppleWebKit/537.36 (KHTML, like Gecko) Chrome/89.0.4389.91 Safari/537.36"
141.84.149.18 - - [04/Feb/2022:07:37:06 +0000] "GET /submission/ HTTP/1.1" 200 6212 "-" "Mozilla/5.0 (Windows NT 10.0; Win64; x64) AppleWebKit/537.36 (KHTML, like Gecko) Chrome/89.0.4389.91 Safari/537.36"
141.84.149.18 - - [04/Feb/2022:07:37:06 +0000] "GET /files/app.bundle.css HTTP/1.1" 200 92548 "https://www.ai-news.lmu.de/submission/" "Mozilla/5.0 (Windows NT 10.0; Win64; x64) AppleWebKit/537.36 (KHTML, like Gecko) Chrome/89.0.4389.91 Safari/537.36"
141.84.149.18 - - [04/Feb/2022:07:37:06 +0000] "GET /files/standard-json-navigation-generating-site.json?nocache=1643960226442 HTTP/1.1" 200 2093 "https://www.ai-news.lmu.de/submission/" "Mozilla/5.0 (Windows NT 10.0; Win64; x64) AppleWebKit/537.36 (KHTML, like Gecko) Chrome/89.0.4389.91 Safari/537.36"
95.91.251.194 - - [04/Feb/2022:07:38:29 +0000] "GET /favicon.ico HTTP/1.1" 200 12956 "-" "Mozilla/5.0 (Windows NT 10.0; Win64; x64; rv:91.0) Gecko/20100101 Thunderbird/91.5.1"
91.59.224.239 - - [04/Feb/2022:07:39:19 +0000] "GET /newsletter/1 HTTP/1.1" 301 5850 "https://t.co/" "Mozilla/5.0 (iPhone; CPU iPhone OS 15_2_1 like Mac OS X) AppleWebKit/605.1.15 (KHTML, like Gecko) Version/15.2 Mobile/15E148 Safari/604.1"
208.115.199.23 - - [04/Feb/2022:07:41:00 +0000] "HEAD / HTTP/1.1" 200 5513 "https://www.ai-news.lmu.de/" "Mozilla/5.0+(compatible; UptimeRobot/2.0; http://www.uptimerobot.com/)"
84.62.224.144 - - [04/Feb/2022:07:44:59 +0000] "GET /newsletter/1 HTTP/1.1" 301 5850 "https://t.co/" "Mozilla/5.0 (iPhone; CPU iPhone OS 15_1_1 like Mac OS X) AppleWebKit/605.1.15 (KHTML, like Gecko) Version/15.1 Mobile/15E148 Safari/604.1"
141.84.9.1 - - [04/Feb/2022:07:45:27 +0000] "GET / HTTP/1.1" 200 10616 "-" "Mozilla/5.0 (Windows NT 10.0; Win64; x64; rv:96.0) Gecko/20100101 Firefox/96.0"
141.84.9.1 - - [04/Feb/2022:07:45:27 +0000] "GET /fonts/roboto-v18-latin-300.woff2 HTTP/1.1" 200 15772 "https://www.ai-news.lmu.de/" "Mozilla/5.0 (Windows NT 10.0; Win64; x64; rv:96.0) Gecko/20100101 Firefox/96.0"
141.84.9.1 - - [04/Feb/2022:07:45:27 +0000] "GET /files/v2_6_10_vue_min.js HTTP/1.1" 200 34564 "https://www.ai-news.lmu.de/" "Mozilla/5.0 (Windows NT 10.0; Win64; x64; rv:96.0) Gecko/20100101 Firefox/96.0"
141.84.9.1 - - [04/Feb/2022:07:45:27 +0000] "GET /fonts/roboto-v18-latin-regular.woff2 HTTP/1.1" 200 16240 "https://www.ai-news.lmu.de/" "Mozilla/5.0 (Windows NT 10.0; Win64; x64; rv:96.0) Gecko/20100101 Firefox/96.0"
141.84.9.1 - - [04/Feb/2022:07:45:27 +0000] "GET /fonts/roboto-v18-latin-italic.woff2 HTTP/1.1" 200 17862 "https://www.ai-news.lmu.de/" "Mozilla/5.0 (Windows NT 10.0; Win64; x64; rv:96.0) Gecko/20100101 Firefox/96.0"
141.84.9.1 - - [04/Feb/2022:07:45:27 +0000] "GET /fonts/roboto-v18-latin-700.woff2 HTTP/1.1" 200 16332 "https://www.ai-news.lmu.de/" "Mozilla/5.0 (Windows NT 10.0; Win64; x64; rv:96.0) Gecko/20100101 Firefox/96.0"
141.84.9.1 - - [04/Feb/2022:07:45:27 +0000] "GET /files/v3_1_0_vuex.min.js HTTP/1.1" 200 4282 "https://www.ai-news.lmu.de/" "Mozilla/5.0 (Windows NT 10.0; Win64; x64; rv:96.0) Gecko/20100101 Firefox/96.0"
141.84.9.1 - - [04/Feb/2022:07:45:27 +0000] "GET /files/jquery-3.5.1.min.js HTTP/1.1" 200 31959 "https://www.ai-news.lmu.de/" "Mozilla/5.0 (Windows NT 10.0; Win64; x64; rv:96.0) Gecko/20100101 Firefox/96.0"
141.84.9.1 - - [04/Feb/2022:07:45:27 +0000] "GET /files/v4_2_6_es6-promise_auto.min.js HTTP/1.1" 200 2785 "https://www.ai-news.lmu.de/" "Mozilla/5.0 (Windows NT 10.0; Win64; x64; rv:96.0) Gecko/20100101 Firefox/96.0"
141.84.9.1 - - [04/Feb/2022:07:45:27 +0000] "GET /files/v0_18_0_axios.min.js HTTP/1.1" 200 4855 "https://www.ai-news.lmu.de/" "Mozilla/5.0 (Windows NT 10.0; Win64; x64; rv:96.0) Gecko/20100101 Firefox/96.0"
141.84.9.1 - - [04/Feb/2022:07:45:27 +0000] "GET /files/runtime.bundle.js HTTP/1.1" 200 1087 "https://www.ai-news.lmu.de/" "Mozilla/5.0 (Windows NT 10.0; Win64; x64; rv:96.0) Gecko/20100101 Firefox/96.0"
141.84.9.1 - - [04/Feb/2022:07:45:27 +0000] "GET /files/vendors-app.bundle.js HTTP/1.1" 200 40005 "https://www.ai-news.lmu.de/" "Mozilla/5.0 (Windows NT 10.0; Win64; x64; rv:96.0) Gecko/20100101 Firefox/96.0"
141.84.9.1 - - [04/Feb/2022:07:45:27 +0000] "GET /files/bundle.vue.js HTTP/1.1" 200 39272 "https://www.ai-news.lmu.de/" "Mozilla/5.0 (Windows NT 10.0; Win64; x64; rv:96.0) Gecko/20100101 Firefox/96.0"
141.84.9.1 - - [04/Feb/2022:07:45:27 +0000] "GET /files/app.bundle.js HTTP/1.1" 200 59193 "https://www.ai-news.lmu.de/" "Mozilla/5.0 (Windows NT 10.0; Win64; x64; rv:96.0) Gecko/20100101 Firefox/96.0"
141.84.9.1 - - [04/Feb/2022:07:45:27 +0000] "GET /files/app.bundle.css HTTP/1.1" 200 93112 "https://www.ai-news.lmu.de/" "Mozilla/5.0 (Windows NT 10.0; Win64; x64; rv:96.0) Gecko/20100101 Firefox/96.0"
141.84.9.1 - - [04/Feb/2022:07:45:27 +0000] "GET /files/robot_small.jpg HTTP/1.1" 304 204 "https://www.ai-news.lmu.de/" "Mozilla/5.0 (Windows NT 10.0; Win64; x64; rv:96.0) Gecko/20100101 Firefox/96.0"
141.84.9.1 - - [04/Feb/2022:07:45:27 +0000] "GET /files/Logo_LMU.svg HTTP/1.1" 200 19647 "https://www.ai-news.lmu.de/" "Mozilla/5.0 (Windows NT 10.0; Win64; x64; rv:96.0) Gecko/20100101 Firefox/96.0"
141.84.9.1 - - [04/Feb/2022:07:45:27 +0000] "GET /files/robot_back_small.jpg HTTP/1.1" 304 204 "https://www.ai-news.lmu.de/" "Mozilla/5.0 (Windows NT 10.0; Win64; x64; rv:96.0) Gecko/20100101 Firefox/96.0"
141.84.9.1 - - [04/Feb/2022:07:45:27 +0000] "GET /files/conference.jpg HTTP/1.1" 200 201921 "https://www.ai-news.lmu.de/" "Mozilla/5.0 (Windows NT 10.0; Win64; x64; rv:96.0) Gecko/20100101 Firefox/96.0"
141.84.9.1 - - [04/Feb/2022:07:45:27 +0000] "GET /files/lights.png HTTP/1.1" 200 213269 "https://www.ai-news.lmu.de/" "Mozilla/5.0 (Windows NT 10.0; Win64; x64; rv:96.0) Gecko/20100101 Firefox/96.0"
141.84.9.1 - - [04/Feb/2022:07:45:27 +0000] "GET /icons/sprites/sprites-sprite.svg HTTP/1.1" 200 83104 "https://www.ai-news.lmu.de/files/app.bundle.css" "Mozilla/5.0 (Windows NT 10.0; Win64; x64; rv:96.0) Gecko/20100101 Firefox/96.0"
141.84.9.1 - - [04/Feb/2022:07:45:27 +0000] "GET /img/footer-bg.svg HTTP/1.1" 304 204 "https://www.ai-news.lmu.de/files/app.bundle.css" "Mozilla/5.0 (Windows NT 10.0; Win64; x64; rv:96.0) Gecko/20100101 Firefox/96.0"
141.84.9.1 - - [04/Feb/2022:07:45:27 +0000] "GET /files/favicon.ico HTTP/1.1" 200 7751 "https://www.ai-news.lmu.de/" "Mozilla/5.0 (Windows NT 10.0; Win64; x64; rv:96.0) Gecko/20100101 Firefox/96.0"
141.84.9.1 - - [04/Feb/2022:07:45:27 +0000] "GET /files/standard-json-navigation-generating-site.json?nocache=1643960727380 HTTP/1.1" 200 2093 "https://www.ai-news.lmu.de/" "Mozilla/5.0 (Windows NT 10.0; Win64; x64; rv:96.0) Gecko/20100101 Firefox/96.0"
208.115.199.23 - - [04/Feb/2022:07:46:00 +0000] "HEAD / HTTP/1.1" 200 5513 "https://www.ai-news.lmu.de/" "Mozilla/5.0+(compatible; UptimeRobot/2.0; http://www.uptimerobot.com/)"
138.246.3.187 - - [04/Feb/2022:07:48:55 +0000] "GET /feed.xml HTTP/1.1" 304 5408 "-" "Mozilla/5.0 (Macintosh; Intel Mac OS X 10.15; rv:91.0) Gecko/20100101 Thunderbird/91.5.1"
208.115.199.23 - - [04/Feb/2022:07:51:00 +0000] "HEAD / HTTP/1.1" 200 5513 "https://www.ai-news.lmu.de/" "Mozilla/5.0+(compatible; UptimeRobot/2.0; http://www.uptimerobot.com/)"
95.91.253.155 - - [04/Feb/2022:07:51:20 +0000] "GET /feed.xml HTTP/1.1" 304 5408 "-" "Mozilla/5.0 (X11; Linux x86_64; rv:91.0) Gecko/20100101 Thunderbird/91.5.1"
93.212.249.22 - - [04/Feb/2022:07:52:16 +0000] "GET /newsletter/1 HTTP/1.1" 301 5850 "https://t.co/" "Mozilla/5.0 (iPhone; CPU iPhone OS 15_2_1 like Mac OS X) AppleWebKit/605.1.15 (KHTML, like Gecko) Version/15.2 Mobile/15E148 Safari/604.1"
95.117.104.157 - - [04/Feb/2022:07:52:41 +0000] "GET /newsletter/1 HTTP/1.1" 301 5850 "https://t.co/" "Mozilla/5.0 (Windows NT 10.0; Win64; x64; rv:96.0) Gecko/20100101 Firefox/96.0"
3.128.25.127 - - [04/Feb/2022:07:54:05 +0000] "HEAD /newsletter/1 HTTP/1.1" 301 5386 "https://www.google.com/" "Mozilla/5.0 (Macintosh; Intel Mac OS X 10.15; rv:77.0) Gecko/20100101 Firefox/77.0"
3.128.25.127 - - [04/Feb/2022:07:55:46 +0000] "HEAD /newsletter/1 HTTP/1.1" 301 5386 "https://www.google.com/" "Mozilla/5.0 (Macintosh; Intel Mac OS X 10.15; rv:77.0) Gecko/20100101 Firefox/77.0"
208.115.199.23 - - [04/Feb/2022:07:56:00 +0000] "HEAD / HTTP/1.1" 200 5513 "https://www.ai-news.lmu.de/" "Mozilla/5.0+(compatible; UptimeRobot/2.0; http://www.uptimerobot.com/)"
89.246.6.56 - - [04/Feb/2022:07:58:00 +0000] "GET /calendar.ics HTTP/1.1" 200 9720 "-" "Mozilla/5.0 (X11; Linux x86_64; rv:91.0) Gecko/20100101 Thunderbird/91.5.0"
208.115.199.23 - - [04/Feb/2022:08:01:00 +0000] "HEAD / HTTP/1.1" 200 5513 "https://www.ai-news.lmu.de/" "Mozilla/5.0+(compatible; UptimeRobot/2.0; http://www.uptimerobot.com/)"
93.241.204.70 - - [04/Feb/2022:08:03:28 +0000] "GET /calendar.ics HTTP/1.1" 304 5408 "-" "Mozilla/5.0 (Windows NT 10.0; Win64; x64; rv:91.0) Gecko/20100101 Thunderbird/91.5.1"
78.104.24.119 - - [04/Feb/2022:08:05:49 +0000] "GET /newsletter/1 HTTP/1.1" 301 5850 "https://t.co/" "Mozilla/5.0 (X11; Ubuntu; Linux x86_64; rv:96.0) Gecko/20100101 Firefox/96.0"
208.115.199.23 - - [04/Feb/2022:08:06:00 +0000] "HEAD / HTTP/1.1" 200 5513 "https://www.ai-news.lmu.de/" "Mozilla/5.0+(compatible; UptimeRobot/2.0; http://www.uptimerobot.com/)"
80.187.73.73 - - [04/Feb/2022:08:10:27 +0000] "GET /newsletter/1 HTTP/1.1" 301 5850 "https://t.co/" "Mozilla/5.0 (iPad; CPU OS 15_2 like Mac OS X) AppleWebKit/605.1.15 (KHTML, like Gecko) CriOS/97.0.4692.84 Mobile/15E148 Safari/604.1"
80.187.73.73 - - [04/Feb/2022:08:10:47 +0000] "-" 408 5204 "-" "-"
208.115.199.23 - - [04/Feb/2022:08:11:00 +0000] "HEAD / HTTP/1.1" 200 5513 "https://www.ai-news.lmu.de/" "Mozilla/5.0+(compatible; UptimeRobot/2.0; http://www.uptimerobot.com/)"
147.182.172.171 - - [04/Feb/2022:08:11:44 +0000] "GET /feed.xml HTTP/1.1" 200 9379 "-" "NewsBlur Feed Fetcher - 1 subscriber - https://www.newsblur.com/site/8444680/ailmu (\"Mozilla/5.0 (Macintosh; Intel Mac OS X 10_15_7) AppleWebKit/605.1.15 (KHTML, like Gecko) Version/14.0.1 Safari/605.1.15\")"
208.115.199.23 - - [04/Feb/2022:08:16:00 +0000] "HEAD / HTTP/1.1" 200 5513 "https://www.ai-news.lmu.de/" "Mozilla/5.0+(compatible; UptimeRobot/2.0; http://www.uptimerobot.com/)"
80.90.154.208 - - [04/Feb/2022:08:16:59 +0000] "GET /newsletter/1 HTTP/1.1" 301 5850 "https://t.co/" "Mozilla/5.0 (Linux; Android 11; Mi 9T Pro) AppleWebKit/537.36 (KHTML, like Gecko) Chrome/97.0.4692.98 Mobile Safari/537.36"
80.90.154.208 - - [04/Feb/2022:08:17:19 +0000] "-" 408 5204 "-" "-"
208.115.199.23 - - [04/Feb/2022:08:21:00 +0000] "HEAD / HTTP/1.1" 200 5513 "https://www.ai-news.lmu.de/" "Mozilla/5.0+(compatible; UptimeRobot/2.0; http://www.uptimerobot.com/)"
208.115.199.23 - - [04/Feb/2022:08:26:00 +0000] "HEAD / HTTP/1.1" 200 5513 "https://www.ai-news.lmu.de/" "Mozilla/5.0+(compatible; UptimeRobot/2.0; http://www.uptimerobot.com/)"
93.241.204.70 - - [04/Feb/2022:08:30:37 +0000] "GET /feed.xml HTTP/1.1" 304 5408 "-" "Mozilla/5.0 (Windows NT 10.0; Win64; x64; rv:91.0) Gecko/20100101 Thunderbird/91.5.1"
208.115.199.23 - - [04/Feb/2022:08:31:00 +0000] "HEAD / HTTP/1.1" 200 5513 "https://www.ai-news.lmu.de/" "Mozilla/5.0+(compatible; UptimeRobot/2.0; http://www.uptimerobot.com/)"
93.241.204.70 - - [04/Feb/2022:08:33:28 +0000] "GET /calendar.ics HTTP/1.1" 304 767 "-" "Mozilla/5.0 (Windows NT 10.0; Win64; x64; rv:91.0) Gecko/20100101 Thunderbird/91.5.1"
178.10.82.130 - - [04/Feb/2022:08:34:51 +0000] "GET /feed.xml HTTP/1.1" 304 5408 "-" "Mozilla/5.0 (Windows NT 10.0; Win64; x64; rv:91.0) Gecko/20100101 Thunderbird/91.5.1"
208.115.199.23 - - [04/Feb/2022:08:36:00 +0000] "HEAD / HTTP/1.1" 200 5513 "https://www.ai-news.lmu.de/" "Mozilla/5.0+(compatible; UptimeRobot/2.0; http://www.uptimerobot.com/)"
157.245.117.2 - - [04/Feb/2022:08:36:12 +0000] "GET /feed.xml HTTP/1.1" 200 9379 "-" "Mozilla/5.0 (feeder.co; Intel Mac OS X 10_13_6) AppleWebKit/537.36 (KHTML, like Gecko) Chrome/67.0.3396.99 Safari/537.36"
138.246.3.237 - - [04/Feb/2022:08:40:02 +0000] "GET /newsletter/1 HTTP/1.1" 301 5850 "https://t.co/" "Mozilla/5.0 (Macintosh; Intel Mac OS X 10_15_7) AppleWebKit/537.36 (KHTML, like Gecko) Chrome/97.0.4692.99 Safari/537.36"
138.246.3.237 - - [04/Feb/2022:08:40:22 +0000] "-" 408 5204 "-" "-"
208.115.199.23 - - [04/Feb/2022:08:41:00 +0000] "HEAD / HTTP/1.1" 200 5513 "https://www.ai-news.lmu.de/" "Mozilla/5.0+(compatible; UptimeRobot/2.0; http://www.uptimerobot.com/)"
95.91.251.194 - - [04/Feb/2022:08:45:32 +0000] "GET /feed.xml HTTP/1.1" 304 5408 "-" "Mozilla/5.0 (Windows NT 10.0; Win64; x64; rv:91.0) Gecko/20100101 Thunderbird/91.5.1"
208.115.199.23 - - [04/Feb/2022:08:46:00 +0000] "HEAD / HTTP/1.1" 200 5513 "https://www.ai-news.lmu.de/" "Mozilla/5.0+(compatible; UptimeRobot/2.0; http://www.uptimerobot.com/)"
208.115.199.23 - - [04/Feb/2022:08:51:00 +0000] "HEAD / HTTP/1.1" 200 5513 "https://www.ai-news.lmu.de/" "Mozilla/5.0+(compatible; UptimeRobot/2.0; http://www.uptimerobot.com/)"
141.40.252.102 - - [04/Feb/2022:08:53:11 +0000] "GET /feed.xml HTTP/1.1" 304 5408 "-" "Mozilla/5.0 (Windows NT 10.0; Win64; x64; rv:91.0) Gecko/20100101 Thunderbird/91.5.1"
208.115.199.23 - - [04/Feb/2022:08:56:00 +0000] "HEAD / HTTP/1.1" 200 5513 "https://www.ai-news.lmu.de/" "Mozilla/5.0+(compatible; UptimeRobot/2.0; http://www.uptimerobot.com/)"
208.115.199.23 - - [04/Feb/2022:09:01:00 +0000] "HEAD / HTTP/1.1" 200 5513 "https://www.ai-news.lmu.de/" "Mozilla/5.0+(compatible; UptimeRobot/2.0; http://www.uptimerobot.com/)"
93.241.204.70 - - [04/Feb/2022:09:01:56 +0000] "GET /feed.xml HTTP/1.1" 304 5408 "-" "Mozilla/5.0 (Windows NT 10.0; Win64; x64; rv:91.0) Gecko/20100101 Thunderbird/91.5.1"
8.29.198.27 - - [04/Feb/2022:09:02:34 +0000] "GET /feed.xml HTTP/1.1" 200 9428 "-" "Feedly/1.0 (+http://www.feedly.com/fetcher.html; 2 subscribers; like FeedFetcher-Google)"
93.241.204.70 - - [04/Feb/2022:09:03:28 +0000] "GET /calendar.ics HTTP/1.1" 304 767 "-" "Mozilla/5.0 (Windows NT 10.0; Win64; x64; rv:91.0) Gecko/20100101 Thunderbird/91.5.1"
208.115.199.23 - - [04/Feb/2022:09:06:00 +0000] "HEAD / HTTP/1.1" 200 5513 "https://www.ai-news.lmu.de/" "Mozilla/5.0+(compatible; UptimeRobot/2.0; http://www.uptimerobot.com/)"
208.115.199.23 - - [04/Feb/2022:09:11:00 +0000] "HEAD / HTTP/1.1" 200 5513 "https://www.ai-news.lmu.de/" "Mozilla/5.0+(compatible; UptimeRobot/2.0; http://www.uptimerobot.com/)"
95.91.251.194 - - [04/Feb/2022:09:15:07 +0000] "GET /feed.xml HTTP/1.1" 304 5408 "-" "Mozilla/5.0 (Windows NT 10.0; Win64; x64; rv:91.0) Gecko/20100101 Thunderbird/91.5.1"
208.115.199.23 - - [04/Feb/2022:09:16:00 +0000] "HEAD / HTTP/1.1" 200 5513 "https://www.ai-news.lmu.de/" "Mozilla/5.0+(compatible; UptimeRobot/2.0; http://www.uptimerobot.com/)"
208.115.199.23 - - [04/Feb/2022:09:21:00 +0000] "HEAD / HTTP/1.1" 200 5513 "https://www.ai-news.lmu.de/" "Mozilla/5.0+(compatible; UptimeRobot/2.0; http://www.uptimerobot.com/)"
46.223.150.11 - - [04/Feb/2022:09:22:12 +0000] "GET /newsletter/1 HTTP/1.1" 301 5850 "https://t.co/Mtw9Hwjzq2" "Mozilla/5.0 (iPhone; CPU iPhone OS 14_4_2 like Mac OS X) AppleWebKit/605.1.15 (KHTML, like Gecko) Version/14.0.3 Mobile/15E148 Safari/604.1"
92.195.245.37 - - [04/Feb/2022:09:24:27 +0000] "GET /newsletter/1 HTTP/1.1" 301 5850 "https://t.co/" "Mozilla/5.0 (Linux; Android 11; SM-G780F) AppleWebKit/537.36 (KHTML, like Gecko) Chrome/97.0.4692.98 Mobile Safari/537.36"
92.195.245.37 - - [04/Feb/2022:09:24:47 +0000] "-" 408 5204 "-" "-"
208.115.199.23 - - [04/Feb/2022:09:26:00 +0000] "HEAD / HTTP/1.1" 200 5513 "https://www.ai-news.lmu.de/" "Mozilla/5.0+(compatible; UptimeRobot/2.0; http://www.uptimerobot.com/)"
208.115.199.23 - - [04/Feb/2022:09:31:00 +0000] "HEAD / HTTP/1.1" 200 5513 "https://www.ai-news.lmu.de/" "Mozilla/5.0+(compatible; UptimeRobot/2.0; http://www.uptimerobot.com/)"
46.183.103.17 - - [04/Feb/2022:09:31:40 +0000] "GET /calendar.ics HTTP/1.1" 200 9720 "-" "Mozilla/5.0 (X11; Linux x86_64; rv:91.0) Gecko/20100101 Thunderbird/91.5.0"
95.91.253.155 - - [04/Feb/2022:09:32:30 +0000] "GET /feed.xml HTTP/1.1" 304 5408 "-" "Mozilla/5.0 (X11; Linux x86_64; rv:91.0) Gecko/20100101 Thunderbird/91.5.1"
93.241.204.70 - - [04/Feb/2022:09:33:28 +0000] "GET /calendar.ics HTTP/1.1" 304 5408 "-" "Mozilla/5.0 (Windows NT 10.0; Win64; x64; rv:91.0) Gecko/20100101 Thunderbird/91.5.1"
208.115.199.23 - - [04/Feb/2022:09:36:00 +0000] "HEAD / HTTP/1.1" 200 5513 "https://www.ai-news.lmu.de/" "Mozilla/5.0+(compatible; UptimeRobot/2.0; http://www.uptimerobot.com/)"
208.115.199.23 - - [04/Feb/2022:09:41:00 +0000] "HEAD / HTTP/1.1" 200 5513 "https://www.ai-news.lmu.de/" "Mozilla/5.0+(compatible; UptimeRobot/2.0; http://www.uptimerobot.com/)"
192.241.211.240 - - [04/Feb/2022:09:42:31 +0000] "GET / HTTP/1.1" 200 9903 "-" "Mozilla/5.0 zgrab/0.x"
213.186.1.243 - - [04/Feb/2022:09:44:02 +0000] "GET /newsletter/1 HTTP/1.1" 301 5835 "-" "Mediatoolkitbot (complaints@mediatoolkit.com)"
208.115.199.23 - - [04/Feb/2022:09:46:00 +0000] "HEAD / HTTP/1.1" 200 5513 "https://www.ai-news.lmu.de/" "Mozilla/5.0+(compatible; UptimeRobot/2.0; http://www.uptimerobot.com/)"
208.115.199.23 - - [04/Feb/2022:09:51:00 +0000] "HEAD / HTTP/1.1" 200 5513 "https://www.ai-news.lmu.de/" "Mozilla/5.0+(compatible; UptimeRobot/2.0; http://www.uptimerobot.com/)"
208.115.199.23 - - [04/Feb/2022:09:56:00 +0000] "HEAD / HTTP/1.1" 200 5513 "https://www.ai-news.lmu.de/" "Mozilla/5.0+(compatible; UptimeRobot/2.0; http://www.uptimerobot.com/)"
178.202.0.251 - - [04/Feb/2022:10:00:44 +0000] "GET /newsletter/1 HTTP/1.1" 301 5850 "https://t.co/" "Mozilla/5.0 (Windows NT 10.0; WOW64) AppleWebKit/537.36 (KHTML, like Gecko) Chrome/96.0.4664.110 Safari/537.36"
208.115.199.23 - - [04/Feb/2022:10:01:00 +0000] "HEAD / HTTP/1.1" 200 5513 "https://www.ai-news.lmu.de/" "Mozilla/5.0+(compatible; UptimeRobot/2.0; http://www.uptimerobot.com/)"
178.202.0.251 - - [04/Feb/2022:10:01:04 +0000] "-" 408 5204 "-" "-"
46.183.103.17 - - [04/Feb/2022:10:01:35 +0000] "GET /calendar.ics HTTP/1.1" 304 5408 "-" "Mozilla/5.0 (X11; Linux x86_64; rv:91.0) Gecko/20100101 Thunderbird/91.5.0"
93.241.204.70 - - [04/Feb/2022:10:03:28 +0000] "GET /calendar.ics HTTP/1.1" 304 5408 "-" "Mozilla/5.0 (Windows NT 10.0; Win64; x64; rv:91.0) Gecko/20100101 Thunderbird/91.5.1"
208.115.199.23 - - [04/Feb/2022:10:06:00 +0000] "HEAD / HTTP/1.1" 200 5513 "https://www.ai-news.lmu.de/" "Mozilla/5.0+(compatible; UptimeRobot/2.0; http://www.uptimerobot.com/)"
208.115.199.23 - - [04/Feb/2022:10:11:00 +0000] "HEAD / HTTP/1.1" 200 5513 "https://www.ai-news.lmu.de/" "Mozilla/5.0+(compatible; UptimeRobot/2.0; http://www.uptimerobot.com/)"
93.241.204.70 - - [04/Feb/2022:10:11:53 +0000] "GET /feed.xml HTTP/1.1" 304 5408 "-" "Mozilla/5.0 (Windows NT 10.0; Win64; x64; rv:91.0) Gecko/20100101 Thunderbird/91.5.1"
138.246.3.109 - - [04/Feb/2022:10:13:06 +0000] "GET /subscribe/ HTTP/1.1" 200 9608 "-" "Mozilla/5.0 (Windows NT 10.0; Win64; x64; rv:96.0) Gecko/20100101 Firefox/96.0"
138.246.3.109 - - [04/Feb/2022:10:13:06 +0000] "GET /fonts/roboto-v18-latin-300.woff2 HTTP/1.1" 200 15772 "https://www.ai-news.lmu.de/subscribe/" "Mozilla/5.0 (Windows NT 10.0; Win64; x64; rv:96.0) Gecko/20100101 Firefox/96.0"
138.246.3.109 - - [04/Feb/2022:10:13:06 +0000] "GET /files/app.bundle.css HTTP/1.1" 200 92548 "https://www.ai-news.lmu.de/subscribe/" "Mozilla/5.0 (Windows NT 10.0; Win64; x64; rv:96.0) Gecko/20100101 Firefox/96.0"
138.246.3.109 - - [04/Feb/2022:10:13:06 +0000] "GET /fonts/roboto-v18-latin-regular.woff2 HTTP/1.1" 200 20881 "https://www.ai-news.lmu.de/subscribe/" "Mozilla/5.0 (Windows NT 10.0; Win64; x64; rv:96.0) Gecko/20100101 Firefox/96.0"
138.246.3.109 - - [04/Feb/2022:10:13:06 +0000] "GET /fonts/roboto-v18-latin-italic.woff2 HTTP/1.1" 200 22503 "https://www.ai-news.lmu.de/subscribe/" "Mozilla/5.0 (Windows NT 10.0; Win64; x64; rv:96.0) Gecko/20100101 Firefox/96.0"
138.246.3.109 - - [04/Feb/2022:10:13:06 +0000] "GET /fonts/roboto-v18-latin-700.woff2 HTTP/1.1" 200 20973 "https://www.ai-news.lmu.de/subscribe/" "Mozilla/5.0 (Windows NT 10.0; Win64; x64; rv:96.0) Gecko/20100101 Firefox/96.0"
138.246.3.109 - - [04/Feb/2022:10:13:06 +0000] "GET /files/v3_1_0_vuex.min.js HTTP/1.1" 200 4282 "https://www.ai-news.lmu.de/subscribe/" "Mozilla/5.0 (Windows NT 10.0; Win64; x64; rv:96.0) Gecko/20100101 Firefox/96.0"
138.246.3.109 - - [04/Feb/2022:10:13:06 +0000] "GET /files/jquery-3.5.1.min.js HTTP/1.1" 200 36600 "https://www.ai-news.lmu.de/subscribe/" "Mozilla/5.0 (Windows NT 10.0; Win64; x64; rv:96.0) Gecko/20100101 Firefox/96.0"
138.246.3.109 - - [04/Feb/2022:10:13:06 +0000] "GET /files/v2_6_10_vue_min.js HTTP/1.1" 200 39769 "https://www.ai-news.lmu.de/subscribe/" "Mozilla/5.0 (Windows NT 10.0; Win64; x64; rv:96.0) Gecko/20100101 Firefox/96.0"
138.246.3.109 - - [04/Feb/2022:10:13:06 +0000] "GET /files/v4_2_6_es6-promise_auto.min.js HTTP/1.1" 200 2785 "https://www.ai-news.lmu.de/subscribe/" "Mozilla/5.0 (Windows NT 10.0; Win64; x64; rv:96.0) Gecko/20100101 Firefox/96.0"
138.246.3.109 - - [04/Feb/2022:10:13:06 +0000] "GET /files/v0_18_0_axios.min.js HTTP/1.1" 200 4855 "https://www.ai-news.lmu.de/subscribe/" "Mozilla/5.0 (Windows NT 10.0; Win64; x64; rv:96.0) Gecko/20100101 Firefox/96.0"
138.246.3.109 - - [04/Feb/2022:10:13:06 +0000] "GET /files/runtime.bundle.js HTTP/1.1" 200 1087 "https://www.ai-news.lmu.de/subscribe/" "Mozilla/5.0 (Windows NT 10.0; Win64; x64; rv:96.0) Gecko/20100101 Firefox/96.0"
138.246.3.109 - - [04/Feb/2022:10:13:06 +0000] "GET /files/vendors-app.bundle.js HTTP/1.1" 200 40005 "https://www.ai-news.lmu.de/subscribe/" "Mozilla/5.0 (Windows NT 10.0; Win64; x64; rv:96.0) Gecko/20100101 Firefox/96.0"
138.246.3.109 - - [04/Feb/2022:10:13:06 +0000] "GET /files/Logo_LMU.svg HTTP/1.1" 200 19647 "https://www.ai-news.lmu.de/subscribe/" "Mozilla/5.0 (Windows NT 10.0; Win64; x64; rv:96.0) Gecko/20100101 Firefox/96.0"
138.246.3.109 - - [04/Feb/2022:10:13:06 +0000] "GET /files/bundle.vue.js HTTP/1.1" 200 39272 "https://www.ai-news.lmu.de/subscribe/" "Mozilla/5.0 (Windows NT 10.0; Win64; x64; rv:96.0) Gecko/20100101 Firefox/96.0"
138.246.3.109 - - [04/Feb/2022:10:13:06 +0000] "GET /files/app.bundle.js HTTP/1.1" 200 59193 "https://www.ai-news.lmu.de/subscribe/" "Mozilla/5.0 (Windows NT 10.0; Win64; x64; rv:96.0) Gecko/20100101 Firefox/96.0"
138.246.3.109 - - [04/Feb/2022:10:13:06 +0000] "GET /icons/sprites/sprites-sprite.svg HTTP/1.1" 200 83104 "https://www.ai-news.lmu.de/files/app.bundle.css" "Mozilla/5.0 (Windows NT 10.0; Win64; x64; rv:96.0) Gecko/20100101 Firefox/96.0"
138.246.3.109 - - [04/Feb/2022:10:13:06 +0000] "GET /img/footer-bg.svg HTTP/1.1" 200 303040 "https://www.ai-news.lmu.de/files/app.bundle.css" "Mozilla/5.0 (Windows NT 10.0; Win64; x64; rv:96.0) Gecko/20100101 Firefox/96.0"
138.246.3.109 - - [04/Feb/2022:10:13:06 +0000] "GET /files/favicon.ico HTTP/1.1" 200 7751 "https://www.ai-news.lmu.de/subscribe/" "Mozilla/5.0 (Windows NT 10.0; Win64; x64; rv:96.0) Gecko/20100101 Firefox/96.0"
138.246.3.109 - - [04/Feb/2022:10:13:06 +0000] "GET /files/standard-json-navigation-generating-site.json?nocache=1643969586279 HTTP/1.1" 200 2093 "https://www.ai-news.lmu.de/subscribe/" "Mozilla/5.0 (Windows NT 10.0; Win64; x64; rv:96.0) Gecko/20100101 Firefox/96.0"
217.238.153.22 - - [04/Feb/2022:10:13:10 +0000] "GET /newsletter/1 HTTP/1.1" 301 5850 "-" "Mozilla/5.0 (iPhone; CPU iPhone OS 15_2_1 like Mac OS X) AppleWebKit/605.1.15 (KHTML, like Gecko) Version/15.2 Mobile/15E148 Safari/604.1"
138.246.3.186 - - [04/Feb/2022:10:13:42 +0000] "GET /newsletter/1 HTTP/1.1" 301 5850 "-" "Mozilla/5.0 (Windows NT 10.0; Win64; x64; rv:91.0) Gecko/20100101 Firefox/91.0"
87.158.135.176 - - [04/Feb/2022:10:13:57 +0000] "GET /subscribe/ HTTP/1.1" 200 9608 "-" "Mozilla/5.0 (Windows NT 10.0; Win64; x64; rv:96.0) Gecko/20100101 Firefox/96.0"
87.158.135.176 - - [04/Feb/2022:10:13:57 +0000] "GET /fonts/roboto-v18-latin-300.woff2 HTTP/1.1" 200 15772 "https://www.ai-news.lmu.de/subscribe/" "Mozilla/5.0 (Windows NT 10.0; Win64; x64; rv:96.0) Gecko/20100101 Firefox/96.0"
87.158.135.176 - - [04/Feb/2022:10:13:57 +0000] "GET /files/v2_6_10_vue_min.js HTTP/1.1" 200 34564 "https://www.ai-news.lmu.de/subscribe/" "Mozilla/5.0 (Windows NT 10.0; Win64; x64; rv:96.0) Gecko/20100101 Firefox/96.0"
87.158.135.176 - - [04/Feb/2022:10:13:57 +0000] "GET /fonts/roboto-v18-latin-regular.woff2 HTTP/1.1" 200 20881 "https://www.ai-news.lmu.de/subscribe/" "Mozilla/5.0 (Windows NT 10.0; Win64; x64; rv:96.0) Gecko/20100101 Firefox/96.0"
87.158.135.176 - - [04/Feb/2022:10:13:57 +0000] "GET /fonts/roboto-v18-latin-italic.woff2 HTTP/1.1" 200 22503 "https://www.ai-news.lmu.de/subscribe/" "Mozilla/5.0 (Windows NT 10.0; Win64; x64; rv:96.0) Gecko/20100101 Firefox/96.0"
87.158.135.176 - - [04/Feb/2022:10:13:57 +0000] "GET /fonts/roboto-v18-latin-700.woff2 HTTP/1.1" 200 20973 "https://www.ai-news.lmu.de/subscribe/" "Mozilla/5.0 (Windows NT 10.0; Win64; x64; rv:96.0) Gecko/20100101 Firefox/96.0"
87.158.135.176 - - [04/Feb/2022:10:13:57 +0000] "GET /files/jquery-3.5.1.min.js HTTP/1.1" 200 36600 "https://www.ai-news.lmu.de/subscribe/" "Mozilla/5.0 (Windows NT 10.0; Win64; x64; rv:96.0) Gecko/20100101 Firefox/96.0"
87.158.135.176 - - [04/Feb/2022:10:13:57 +0000] "GET /files/app.bundle.css HTTP/1.1" 200 97753 "https://www.ai-news.lmu.de/subscribe/" "Mozilla/5.0 (Windows NT 10.0; Win64; x64; rv:96.0) Gecko/20100101 Firefox/96.0"
87.158.135.176 - - [04/Feb/2022:10:13:57 +0000] "GET /files/v3_1_0_vuex.min.js HTTP/1.1" 200 4282 "https://www.ai-news.lmu.de/subscribe/" "Mozilla/5.0 (Windows NT 10.0; Win64; x64; rv:96.0) Gecko/20100101 Firefox/96.0"
87.158.135.176 - - [04/Feb/2022:10:13:57 +0000] "GET /files/v4_2_6_es6-promise_auto.min.js HTTP/1.1" 200 2785 "https://www.ai-news.lmu.de/subscribe/" "Mozilla/5.0 (Windows NT 10.0; Win64; x64; rv:96.0) Gecko/20100101 Firefox/96.0"
87.158.135.176 - - [04/Feb/2022:10:13:57 +0000] "GET /files/v0_18_0_axios.min.js HTTP/1.1" 200 4855 "https://www.ai-news.lmu.de/subscribe/" "Mozilla/5.0 (Windows NT 10.0; Win64; x64; rv:96.0) Gecko/20100101 Firefox/96.0"
87.158.135.176 - - [04/Feb/2022:10:13:57 +0000] "GET /files/vendors-app.bundle.js HTTP/1.1" 200 40005 "https://www.ai-news.lmu.de/subscribe/" "Mozilla/5.0 (Windows NT 10.0; Win64; x64; rv:96.0) Gecko/20100101 Firefox/96.0"
87.158.135.176 - - [04/Feb/2022:10:13:57 +0000] "GET /files/runtime.bundle.js HTTP/1.1" 200 1087 "https://www.ai-news.lmu.de/subscribe/" "Mozilla/5.0 (Windows NT 10.0; Win64; x64; rv:96.0) Gecko/20100101 Firefox/96.0"
87.158.135.176 - - [04/Feb/2022:10:13:57 +0000] "GET /files/bundle.vue.js HTTP/1.1" 200 39272 "https://www.ai-news.lmu.de/subscribe/" "Mozilla/5.0 (Windows NT 10.0; Win64; x64; rv:96.0) Gecko/20100101 Firefox/96.0"
87.158.135.176 - - [04/Feb/2022:10:13:57 +0000] "GET /files/Logo_LMU.svg HTTP/1.1" 200 19647 "https://www.ai-news.lmu.de/subscribe/" "Mozilla/5.0 (Windows NT 10.0; Win64; x64; rv:96.0) Gecko/20100101 Firefox/96.0"
87.158.135.176 - - [04/Feb/2022:10:13:57 +0000] "GET /files/app.bundle.js HTTP/1.1" 200 59193 "https://www.ai-news.lmu.de/subscribe/" "Mozilla/5.0 (Windows NT 10.0; Win64; x64; rv:96.0) Gecko/20100101 Firefox/96.0"
87.158.135.176 - - [04/Feb/2022:10:13:57 +0000] "GET /icons/sprites/sprites-sprite.svg HTTP/1.1" 200 83104 "https://www.ai-news.lmu.de/files/app.bundle.css" "Mozilla/5.0 (Windows NT 10.0; Win64; x64; rv:96.0) Gecko/20100101 Firefox/96.0"
87.158.135.176 - - [04/Feb/2022:10:13:57 +0000] "GET /img/footer-bg.svg HTTP/1.1" 200 303040 "https://www.ai-news.lmu.de/files/app.bundle.css" "Mozilla/5.0 (Windows NT 10.0; Win64; x64; rv:96.0) Gecko/20100101 Firefox/96.0"
87.158.135.176 - - [04/Feb/2022:10:13:57 +0000] "GET /files/favicon.ico HTTP/1.1" 200 7751 "https://www.ai-news.lmu.de/subscribe/" "Mozilla/5.0 (Windows NT 10.0; Win64; x64; rv:96.0) Gecko/20100101 Firefox/96.0"
87.158.135.176 - - [04/Feb/2022:10:13:57 +0000] "GET /files/standard-json-navigation-generating-site.json?nocache=1643969637944 HTTP/1.1" 200 2093 "https://www.ai-news.lmu.de/subscribe/" "Mozilla/5.0 (Windows NT 10.0; Win64; x64; rv:96.0) Gecko/20100101 Firefox/96.0"
95.91.210.176 - - [04/Feb/2022:10:14:10 +0000] "GET /newsletter/1 HTTP/1.1" 301 5850 "-" "Mozilla/5.0 (Macintosh; Intel Mac OS X 10_15_7) AppleWebKit/605.1.15 (KHTML, like Gecko) Version/15.2 Safari/605.1.15"
138.246.3.109 - - [04/Feb/2022:10:14:11 +0000] "GET / HTTP/1.1" 200 10616 "-" "Mozilla/5.0 (Windows NT 10.0; Win64; x64; rv:96.0) Gecko/20100101 Firefox/96.0"
138.246.3.109 - - [04/Feb/2022:10:14:11 +0000] "GET /files/robot_back_small.jpg HTTP/1.1" 200 349911 "https://www.ai-news.lmu.de/" "Mozilla/5.0 (Windows NT 10.0; Win64; x64; rv:96.0) Gecko/20100101 Firefox/96.0"
138.246.3.109 - - [04/Feb/2022:10:14:11 +0000] "GET /files/conference.jpg HTTP/1.1" 200 207126 "https://www.ai-news.lmu.de/" "Mozilla/5.0 (Windows NT 10.0; Win64; x64; rv:96.0) Gecko/20100101 Firefox/96.0"
138.246.3.109 - - [04/Feb/2022:10:14:11 +0000] "GET /files/lights.png HTTP/1.1" 200 218474 "https://www.ai-news.lmu.de/" "Mozilla/5.0 (Windows NT 10.0; Win64; x64; rv:96.0) Gecko/20100101 Firefox/96.0"
138.246.3.109 - - [04/Feb/2022:10:14:11 +0000] "GET /files/robot_small.jpg HTTP/1.1" 200 317278 "https://www.ai-news.lmu.de/" "Mozilla/5.0 (Windows NT 10.0; Win64; x64; rv:96.0) Gecko/20100101 Firefox/96.0"
138.246.3.109 - - [04/Feb/2022:10:14:12 +0000] "GET /files/standard-json-navigation-generating-site.json?nocache=1643969651925 HTTP/1.1" 200 2093 "https://www.ai-news.lmu.de/" "Mozilla/5.0 (Windows NT 10.0; Win64; x64; rv:96.0) Gecko/20100101 Firefox/96.0"
138.246.3.184 - - [04/Feb/2022:10:14:12 +0000] "GET /newsletter/1 HTTP/1.1" 301 5850 "-" "Mozilla/5.0 (Windows NT 10.0; Win64; x64; rv:96.0) Gecko/20100101 Firefox/96.0"
138.246.3.109 - - [04/Feb/2022:10:14:14 +0000] "GET /people HTTP/1.1" 301 619 "https://www.ai-news.lmu.de/" "Mozilla/5.0 (Windows NT 10.0; Win64; x64; rv:96.0) Gecko/20100101 Firefox/96.0"
138.246.3.109 - - [04/Feb/2022:10:14:14 +0000] "GET /people/ HTTP/1.1" 200 11462 "https://www.ai-news.lmu.de/" "Mozilla/5.0 (Windows NT 10.0; Win64; x64; rv:96.0) Gecko/20100101 Firefox/96.0"
138.246.3.109 - - [04/Feb/2022:10:14:14 +0000] "GET /files/bernd.jpg HTTP/1.1" 200 13545 "https://www.ai-news.lmu.de/people/" "Mozilla/5.0 (Windows NT 10.0; Win64; x64; rv:96.0) Gecko/20100101 Firefox/96.0"
138.246.3.109 - - [04/Feb/2022:10:14:14 +0000] "GET /files/Butz_small.jpg HTTP/1.1" 200 85388 "https://www.ai-news.lmu.de/people/" "Mozilla/5.0 (Windows NT 10.0; Win64; x64; rv:96.0) Gecko/20100101 Firefox/96.0"
138.246.3.109 - - [04/Feb/2022:10:14:14 +0000] "GET /files/brosius_leger.jpg HTTP/1.1" 200 239362 "https://www.ai-news.lmu.de/people/" "Mozilla/5.0 (Windows NT 10.0; Win64; x64; rv:96.0) Gecko/20100101 Firefox/96.0"
138.246.3.109 - - [04/Feb/2022:10:14:14 +0000] "GET /files/2021_12_01lmu0566_Feuerriegel_S.jpg HTTP/1.1" 200 30244 "https://www.ai-news.lmu.de/people/" "Mozilla/5.0 (Windows NT 10.0; Win64; x64; rv:96.0) Gecko/20100101 Firefox/96.0"
138.246.3.109 - - [04/Feb/2022:10:14:14 +0000] "GET /files/2021_10_06lmu0217_Oliver%20Falck_s.jpg HTTP/1.1" 200 139347 "https://www.ai-news.lmu.de/people/" "Mozilla/5.0 (Windows NT 10.0; Win64; x64; rv:96.0) Gecko/20100101 Firefox/96.0"
138.246.3.109 - - [04/Feb/2022:10:14:14 +0000] "GET /files/gruen-daniel-now_1_1_format_m.jpg HTTP/1.1" 200 32744 "https://www.ai-news.lmu.de/people/" "Mozilla/5.0 (Windows NT 10.0; Win64; x64; rv:96.0) Gecko/20100101 Firefox/96.0"
138.246.3.109 - - [04/Feb/2022:10:14:14 +0000] "GET /files/christian-boehm-2_s.jpg HTTP/1.1" 200 336887 "https://www.ai-news.lmu.de/people/" "Mozilla/5.0 (Windows NT 10.0; Win64; x64; rv:96.0) Gecko/20100101 Firefox/96.0"
138.246.3.109 - - [04/Feb/2022:10:14:14 +0000] "GET /files/SHartmann%20low%20res.jpg HTTP/1.1" 200 247161 "https://www.ai-news.lmu.de/people/" "Mozilla/5.0 (Windows NT 10.0; Win64; x64; rv:96.0) Gecko/20100101 Firefox/96.0"
138.246.3.109 - - [04/Feb/2022:10:14:14 +0000] "GET /files/haim-s.jpg HTTP/1.1" 200 192092 "https://www.ai-news.lmu.de/people/" "Mozilla/5.0 (Windows NT 10.0; Win64; x64; rv:96.0) Gecko/20100101 Firefox/96.0"
138.246.3.109 - - [04/Feb/2022:10:14:14 +0000] "GET /files/photo_InesHelm_2021.jpg HTTP/1.1" 200 384909 "https://www.ai-news.lmu.de/people/" "Mozilla/5.0 (Windows NT 10.0; Win64; x64; rv:96.0) Gecko/20100101 Firefox/96.0"
138.246.3.109 - - [04/Feb/2022:10:14:14 +0000] "GET /files/2021_11_24lmu1034_Hess_.jpg HTTP/1.1" 200 134014 "https://www.ai-news.lmu.de/people/" "Mozilla/5.0 (Windows NT 10.0; Win64; x64; rv:96.0) Gecko/20100101 Firefox/96.0"
138.246.3.109 - - [04/Feb/2022:10:14:14 +0000] "GET /files/huellermeier2.jpg HTTP/1.1" 200 57785 "https://www.ai-news.lmu.de/people/" "Mozilla/5.0 (Windows NT 10.0; Win64; x64; rv:96.0) Gecko/20100101 Firefox/96.0"
138.246.3.109 - - [04/Feb/2022:10:14:14 +0000] "GET /files/heinerigel.jpg HTTP/1.1" 200 21356 "https://www.ai-news.lmu.de/people/" "Mozilla/5.0 (Windows NT 10.0; Win64; x64; rv:96.0) Gecko/20100101 Firefox/96.0"
138.246.3.109 - - [04/Feb/2022:10:14:14 +0000] "GET /files/EnriqueJimenez.jpg HTTP/1.1" 200 175488 "https://www.ai-news.lmu.de/people/" "Mozilla/5.0 (Windows NT 10.0; Win64; x64; rv:96.0) Gecko/20100101 Firefox/96.0"
138.246.3.109 - - [04/Feb/2022:10:14:14 +0000] "GET /files/Weller.jpg HTTP/1.1" 200 83554 "https://www.ai-news.lmu.de/people/" "Mozilla/5.0 (Windows NT 10.0; Win64; x64; rv:96.0) Gecko/20100101 Firefox/96.0"
138.246.3.109 - - [04/Feb/2022:10:14:14 +0000] "GET /files/kau.jpg HTTP/1.1" 200 153043 "https://www.ai-news.lmu.de/people/" "Mozilla/5.0 (Windows NT 10.0; Win64; x64; rv:96.0) Gecko/20100101 Firefox/96.0"
138.246.3.109 - - [04/Feb/2022:10:14:14 +0000] "GET /files/JPK_NIK_0265.jpeg HTTP/1.1" 200 46892 "https://www.ai-news.lmu.de/people/" "Mozilla/5.0 (Windows NT 10.0; Win64; x64; rv:96.0) Gecko/20100101 Firefox/96.0"
138.246.3.109 - - [04/Feb/2022:10:14:14 +0000] "GET /files/2021_12_01lmu0760_s.jpg HTTP/1.1" 200 193426 "https://www.ai-news.lmu.de/people/" "Mozilla/5.0 (Windows NT 10.0; Win64; x64; rv:96.0) Gecko/20100101 Firefox/96.0"
138.246.3.109 - - [04/Feb/2022:10:14:14 +0000] "GET /files/Ingrisch%20Michael.JPG HTTP/1.1" 200 548413 "https://www.ai-news.lmu.de/people/" "Mozilla/5.0 (Windows NT 10.0; Win64; x64; rv:96.0) Gecko/20100101 Firefox/96.0"
138.246.3.109 - - [04/Feb/2022:10:14:14 +0000] "GET /files/picture_1_1_format_m.jpg HTTP/1.1" 200 38649 "https://www.ai-news.lmu.de/people/" "Mozilla/5.0 (Windows NT 10.0; Win64; x64; rv:96.0) Gecko/20100101 Firefox/96.0"
138.246.3.109 - - [04/Feb/2022:10:14:14 +0000] "GET /files/FK_MBS_c.jpg HTTP/1.1" 200 90691 "https://www.ai-news.lmu.de/people/" "Mozilla/5.0 (Windows NT 10.0; Win64; x64; rv:96.0) Gecko/20100101 Firefox/96.0"
138.246.3.109 - - [04/Feb/2022:10:14:14 +0000] "GET /files/gitta_2.jpg HTTP/1.1" 200 21725 "https://www.ai-news.lmu.de/people/" "Mozilla/5.0 (Windows NT 10.0; Win64; x64; rv:96.0) Gecko/20100101 Firefox/96.0"
138.246.3.109 - - [04/Feb/2022:10:14:14 +0000] "GET /files/Leitgeb.jpg HTTP/1.1" 200 49776 "https://www.ai-news.lmu.de/people/" "Mozilla/5.0 (Windows NT 10.0; Win64; x64; rv:96.0) Gecko/20100101 Firefox/96.0"
138.246.3.109 - - [04/Feb/2022:10:14:14 +0000] "GET /files/DSC_6513_s.jpg HTTP/1.1" 200 205817 "https://www.ai-news.lmu.de/people/" "Mozilla/5.0 (Windows NT 10.0; Win64; x64; rv:96.0) Gecko/20100101 Firefox/96.0"
138.246.3.109 - - [04/Feb/2022:10:14:14 +0000] "GET /files/Linnhoff-Popien-s.jpg HTTP/1.1" 200 228298 "https://www.ai-news.lmu.de/people/" "Mozilla/5.0 (Windows NT 10.0; Win64; x64; rv:96.0) Gecko/20100101 Firefox/96.0"
138.246.3.109 - - [04/Feb/2022:10:14:14 +0000] "GET /files/ListPhoto.jpg HTTP/1.1" 200 75996 "https://www.ai-news.lmu.de/people/" "Mozilla/5.0 (Windows NT 10.0; Win64; x64; rv:96.0) Gecko/20100101 Firefox/96.0"
138.246.3.109 - - [04/Feb/2022:10:14:14 +0000] "GET /files/bjorn.jpeg HTTP/1.1" 200 47993 "https://www.ai-news.lmu.de/people/" "Mozilla/5.0 (Windows NT 10.0; Win64; x64; rv:96.0) Gecko/20100101 Firefox/96.0"
138.246.3.109 - - [04/Feb/2022:10:14:14 +0000] "GET /files/pollet.jpg HTTP/1.1" 200 11670 "https://www.ai-news.lmu.de/people/" "Mozilla/5.0 (Windows NT 10.0; Win64; x64; rv:96.0) Gecko/20100101 Firefox/96.0"
138.246.3.109 - - [04/Feb/2022:10:14:14 +0000] "GET /files/albrecht.jpg HTTP/1.1" 200 5540 "https://www.ai-news.lmu.de/people/" "Mozilla/5.0 (Windows NT 10.0; Win64; x64; rv:96.0) Gecko/20100101 Firefox/96.0"
138.246.3.109 - - [04/Feb/2022:10:14:14 +0000] "GET /files/KatiaParodi_AAPM.jpg HTTP/1.1" 200 379863 "https://www.ai-news.lmu.de/people/" "Mozilla/5.0 (Windows NT 10.0; Win64; x64; rv:96.0) Gecko/20100101 Firefox/96.0"
138.246.3.109 - - [04/Feb/2022:10:14:14 +0000] "GET /files/Peichl_Andreas_07_d_s.jpg HTTP/1.1" 200 166818 "https://www.ai-news.lmu.de/people/" "Mozilla/5.0 (Windows NT 10.0; Win64; x64; rv:96.0) Gecko/20100101 Firefox/96.0"
138.246.3.109 - - [04/Feb/2022:10:14:14 +0000] "GET /files/Matthias_Schubert.jpg HTTP/1.1" 200 46978 "https://www.ai-news.lmu.de/people/" "Mozilla/5.0 (Windows NT 10.0; Win64; x64; rv:96.0) Gecko/20100101 Firefox/96.0"
138.246.3.109 - - [04/Feb/2022:10:14:14 +0000] "GET /files/Schuetze-c_172_s.jpg HTTP/1.1" 200 159128 "https://www.ai-news.lmu.de/people/" "Mozilla/5.0 (Windows NT 10.0; Win64; x64; rv:96.0) Gecko/20100101 Firefox/96.0"
138.246.3.109 - - [04/Feb/2022:10:14:14 +0000] "GET /files/seid.jpg HTTP/1.1" 200 323380 "https://www.ai-news.lmu.de/people/" "Mozilla/5.0 (Windows NT 10.0; Win64; x64; rv:96.0) Gecko/20100101 Firefox/96.0"
138.246.3.109 - - [04/Feb/2022:10:14:14 +0000] "GET /files/NeilThurman_s.jpg HTTP/1.1" 200 121896 "https://www.ai-news.lmu.de/people/" "Mozilla/5.0 (Windows NT 10.0; Win64; x64; rv:96.0) Gecko/20100101 Firefox/96.0"
138.246.3.109 - - [04/Feb/2022:10:14:14 +0000] "GET /files/2021-Volker.jpg HTTP/1.1" 200 57470 "https://www.ai-news.lmu.de/people/" "Mozilla/5.0 (Windows NT 10.0; Win64; x64; rv:96.0) Gecko/20100101 Firefox/96.0"
138.246.3.109 - - [04/Feb/2022:10:14:14 +0000] "GET /files/winter_joachim.jpg HTTP/1.1" 200 25281 "https://www.ai-news.lmu.de/people/" "Mozilla/5.0 (Windows NT 10.0; Win64; x64; rv:96.0) Gecko/20100101 Firefox/96.0"
138.246.3.109 - - [04/Feb/2022:10:14:14 +0000] "GET /files/ProfessorZoellerPress.jpg HTTP/1.1" 200 416961 "https://www.ai-news.lmu.de/people/" "Mozilla/5.0 (Windows NT 10.0; Win64; x64; rv:96.0) Gecko/20100101 Firefox/96.0"
138.246.3.109 - - [04/Feb/2022:10:14:14 +0000] "GET /files/2021_Udupa.jpg HTTP/1.1" 200 548314 "https://www.ai-news.lmu.de/people/" "Mozilla/5.0 (Windows NT 10.0; Win64; x64; rv:96.0) Gecko/20100101 Firefox/96.0"
138.246.3.109 - - [04/Feb/2022:10:14:15 +0000] "GET /files/standard-json-navigation-generating-site.json?nocache=1643969654703 HTTP/1.1" 200 2093 "https://www.ai-news.lmu.de/people/" "Mozilla/5.0 (Windows NT 10.0; Win64; x64; rv:96.0) Gecko/20100101 Firefox/96.0"
46.244.135.69 - - [04/Feb/2022:10:14:26 +0000] "GET /newsletter/1%C2%A0%C2%A0finden HTTP/1.1" 404 5724 "-" "Mozilla/5.0 (Macintosh; Intel Mac OS X 10.15; rv:96.0) Gecko/20100101 Firefox/96.0"
46.244.135.69 - - [04/Feb/2022:10:14:26 +0000] "GET /favicon.ico HTTP/1.1" 200 7751 "https://www.ai-news.lmu.de/newsletter/1%C2%A0%C2%A0finden" "Mozilla/5.0 (Macintosh; Intel Mac OS X 10.15; rv:96.0) Gecko/20100101 Firefox/96.0"
46.244.135.69 - - [04/Feb/2022:10:14:49 +0000] "GET /newslette HTTP/1.1" 404 5724 "-" "Mozilla/5.0 (Macintosh; Intel Mac OS X 10.15; rv:96.0) Gecko/20100101 Firefox/96.0"
46.244.135.69 - - [04/Feb/2022:10:14:49 +0000] "GET /favicon.ico HTTP/1.1" 200 7751 "https://www.ai-news.lmu.de/newslette" "Mozilla/5.0 (Macintosh; Intel Mac OS X 10.15; rv:96.0) Gecko/20100101 Firefox/96.0"
46.244.135.69 - - [04/Feb/2022:10:14:55 +0000] "GET /newsletter HTTP/1.1" 301 5832 "-" "Mozilla/5.0 (Macintosh; Intel Mac OS X 10.15; rv:96.0) Gecko/20100101 Firefox/96.0"
46.244.135.69 - - [04/Feb/2022:10:14:55 +0000] "GET /newsletter/ HTTP/1.1" 403 522 "-" "Mozilla/5.0 (Macintosh; Intel Mac OS X 10.15; rv:96.0) Gecko/20100101 Firefox/96.0"
138.245.1.1 - - [04/Feb/2022:10:14:57 +0000] "GET /newsletter/1 HTTP/1.1" 301 5835 "-" "Mozilla/5.0 (Windows NT 10.0; Win64; x64) AppleWebKit/537.36 (KHTML, like Gecko) Chrome/94.0.4606.71 Safari/537.36 Edg/94.0.992.38"
46.244.135.69 - - [04/Feb/2022:10:15:03 +0000] "GET /newsletter/1 HTTP/1.1" 301 5850 "-" "Mozilla/5.0 (Macintosh; Intel Mac OS X 10.15; rv:96.0) Gecko/20100101 Firefox/96.0"
138.245.1.1 - - [04/Feb/2022:10:15:17 +0000] "-" 408 5189 "-" "-"
138.246.3.232 - - [04/Feb/2022:10:15:26 +0000] "GET /newsletter/1 HTTP/1.1" 301 5850 "-" "Mozilla/5.0 (Macintosh; Intel Mac OS X 10.15; rv:96.0) Gecko/20100101 Firefox/96.0"
138.246.3.109 - - [04/Feb/2022:10:15:44 +0000] "GET /submission HTTP/1.1" 301 5832 "https://www.ai-news.lmu.de/people/" "Mozilla/5.0 (Windows NT 10.0; Win64; x64; rv:96.0) Gecko/20100101 Firefox/96.0"
138.246.3.109 - - [04/Feb/2022:10:15:44 +0000] "GET /submission/ HTTP/1.1" 200 5663 "https://www.ai-news.lmu.de/people/" "Mozilla/5.0 (Windows NT 10.0; Win64; x64; rv:96.0) Gecko/20100101 Firefox/96.0"
138.246.3.109 - - [04/Feb/2022:10:15:44 +0000] "GET /files/standard-json-navigation-generating-site.json?nocache=1643969744303 HTTP/1.1" 200 2093 "https://www.ai-news.lmu.de/submission/" "Mozilla/5.0 (Windows NT 10.0; Win64; x64; rv:96.0) Gecko/20100101 Firefox/96.0"
141.84.144.11 - - [04/Feb/2022:10:15:45 +0000] "GET /subscribe/ HTTP/1.1" 200 9608 "-" "Mozilla/5.0 (Macintosh; Intel Mac OS X 10_15_7) AppleWebKit/605.1.15 (KHTML, like Gecko) Version/15.2 Safari/605.1.15"
141.84.144.11 - - [04/Feb/2022:10:15:45 +0000] "GET /fonts/roboto-v18-latin-300.woff2 HTTP/1.1" 200 15772 "https://www.ai-news.lmu.de/subscribe/" "Mozilla/5.0 (Macintosh; Intel Mac OS X 10_15_7) AppleWebKit/605.1.15 (KHTML, like Gecko) Version/15.2 Safari/605.1.15"
141.84.144.11 - - [04/Feb/2022:10:15:45 +0000] "GET /files/v2_6_10_vue_min.js HTTP/1.1" 200 34564 "https://www.ai-news.lmu.de/subscribe/" "Mozilla/5.0 (Macintosh; Intel Mac OS X 10_15_7) AppleWebKit/605.1.15 (KHTML, like Gecko) Version/15.2 Safari/605.1.15"
141.84.144.11 - - [04/Feb/2022:10:15:45 +0000] "GET /fonts/roboto-v18-latin-700.woff2 HTTP/1.1" 200 20973 "https://www.ai-news.lmu.de/subscribe/" "Mozilla/5.0 (Macintosh; Intel Mac OS X 10_15_7) AppleWebKit/605.1.15 (KHTML, like Gecko) Version/15.2 Safari/605.1.15"
141.84.144.11 - - [04/Feb/2022:10:15:45 +0000] "GET /fonts/roboto-v18-latin-regular.woff2 HTTP/1.1" 200 20881 "https://www.ai-news.lmu.de/subscribe/" "Mozilla/5.0 (Macintosh; Intel Mac OS X 10_15_7) AppleWebKit/605.1.15 (KHTML, like Gecko) Version/15.2 Safari/605.1.15"
141.84.144.11 - - [04/Feb/2022:10:15:45 +0000] "GET /fonts/roboto-v18-latin-italic.woff2 HTTP/1.1" 200 22503 "https://www.ai-news.lmu.de/subscribe/" "Mozilla/5.0 (Macintosh; Intel Mac OS X 10_15_7) AppleWebKit/605.1.15 (KHTML, like Gecko) Version/15.2 Safari/605.1.15"
141.84.144.11 - - [04/Feb/2022:10:15:45 +0000] "GET /files/jquery-3.5.1.min.js HTTP/1.1" 200 36600 "https://www.ai-news.lmu.de/subscribe/" "Mozilla/5.0 (Macintosh; Intel Mac OS X 10_15_7) AppleWebKit/605.1.15 (KHTML, like Gecko) Version/15.2 Safari/605.1.15"
141.84.144.11 - - [04/Feb/2022:10:15:45 +0000] "GET /files/v3_1_0_vuex.min.js HTTP/1.1" 200 4282 "https://www.ai-news.lmu.de/subscribe/" "Mozilla/5.0 (Macintosh; Intel Mac OS X 10_15_7) AppleWebKit/605.1.15 (KHTML, like Gecko) Version/15.2 Safari/605.1.15"
141.84.144.11 - - [04/Feb/2022:10:15:45 +0000] "GET /files/v4_2_6_es6-promise_auto.min.js HTTP/1.1" 200 2785 "https://www.ai-news.lmu.de/subscribe/" "Mozilla/5.0 (Macintosh; Intel Mac OS X 10_15_7) AppleWebKit/605.1.15 (KHTML, like Gecko) Version/15.2 Safari/605.1.15"
141.84.144.11 - - [04/Feb/2022:10:15:45 +0000] "GET /files/v0_18_0_axios.min.js HTTP/1.1" 200 4855 "https://www.ai-news.lmu.de/subscribe/" "Mozilla/5.0 (Macintosh; Intel Mac OS X 10_15_7) AppleWebKit/605.1.15 (KHTML, like Gecko) Version/15.2 Safari/605.1.15"
141.84.144.11 - - [04/Feb/2022:10:15:45 +0000] "GET /files/runtime.bundle.js HTTP/1.1" 200 1087 "https://www.ai-news.lmu.de/subscribe/" "Mozilla/5.0 (Macintosh; Intel Mac OS X 10_15_7) AppleWebKit/605.1.15 (KHTML, like Gecko) Version/15.2 Safari/605.1.15"
141.84.144.11 - - [04/Feb/2022:10:15:45 +0000] "GET /files/vendors-app.bundle.js HTTP/1.1" 200 40005 "https://www.ai-news.lmu.de/subscribe/" "Mozilla/5.0 (Macintosh; Intel Mac OS X 10_15_7) AppleWebKit/605.1.15 (KHTML, like Gecko) Version/15.2 Safari/605.1.15"
141.84.144.11 - - [04/Feb/2022:10:15:45 +0000] "GET /files/bundle.vue.js HTTP/1.1" 200 39272 "https://www.ai-news.lmu.de/subscribe/" "Mozilla/5.0 (Macintosh; Intel Mac OS X 10_15_7) AppleWebKit/605.1.15 (KHTML, like Gecko) Version/15.2 Safari/605.1.15"
