88.217.45.180 - - [03/Feb/2022:14:42:49 +0000] "GET /files/standard-json-navigation-generating-site.json?nocache=1643899368977 HTTP/1.1" 200 2093 "https://www.ai-news.lmu.de/2021/10/01/towards.html" "Mozilla/5.0 (iPhone; CPU iPhone OS 14_8_1 like Mac OS X) AppleWebKit/605.1.15 (KHTML, like Gecko) Version/14.1.2 Mobile/15E148 Safari/604.1"
88.217.45.180 - - [03/Feb/2022:14:42:49 +0000] "GET /files/favicon.ico HTTP/1.1" 200 12956 "https://www.ai-news.lmu.de/2021/10/01/towards.html" "Mozilla/5.0 (iPhone; CPU iPhone OS 14_8_1 like Mac OS X) AppleWebKit/605.1.15 (KHTML, like Gecko) Version/14.1.2 Mobile/15E148 Safari/604.1"
88.217.45.180 - - [03/Feb/2022:14:43:08 +0000] "-" 408 5204 "-" "-"
208.115.199.23 - - [03/Feb/2022:14:46:00 +0000] "HEAD / HTTP/1.1" 200 5513 "https://www.ai-news.lmu.de/" "Mozilla/5.0+(compatible; UptimeRobot/2.0; http://www.uptimerobot.com/)"
84.59.131.250 - - [03/Feb/2022:14:48:57 +0000] "GET /submission/ HTTP/1.1" 200 10868 "-" "Mozilla/5.0 (Windows NT 10.0; Win64; x64; rv:96.0) Gecko/20100101 Firefox/96.0"
84.59.131.250 - - [03/Feb/2022:14:48:57 +0000] "GET /fonts/roboto-v18-latin-300.woff2 HTTP/1.1" 200 15772 "https://www.ai-news.lmu.de/submission/" "Mozilla/5.0 (Windows NT 10.0; Win64; x64; rv:96.0) Gecko/20100101 Firefox/96.0"
84.59.131.250 - - [03/Feb/2022:14:48:57 +0000] "GET /fonts/roboto-v18-latin-regular.woff2 HTTP/1.1" 200 15676 "https://www.ai-news.lmu.de/submission/" "Mozilla/5.0 (Windows NT 10.0; Win64; x64; rv:96.0) Gecko/20100101 Firefox/96.0"
84.59.131.250 - - [03/Feb/2022:14:48:57 +0000] "GET /files/v3_1_0_vuex.min.js HTTP/1.1" 200 4282 "https://www.ai-news.lmu.de/submission/" "Mozilla/5.0 (Windows NT 10.0; Win64; x64; rv:96.0) Gecko/20100101 Firefox/96.0"
84.59.131.250 - - [03/Feb/2022:14:48:57 +0000] "GET /fonts/roboto-v18-latin-italic.woff2 HTTP/1.1" 200 17862 "https://www.ai-news.lmu.de/submission/" "Mozilla/5.0 (Windows NT 10.0; Win64; x64; rv:96.0) Gecko/20100101 Firefox/96.0"
84.59.131.250 - - [03/Feb/2022:14:48:57 +0000] "GET /fonts/roboto-v18-latin-700.woff2 HTTP/1.1" 200 16332 "https://www.ai-news.lmu.de/submission/" "Mozilla/5.0 (Windows NT 10.0; Win64; x64; rv:96.0) Gecko/20100101 Firefox/96.0"
84.59.131.250 - - [03/Feb/2022:14:48:57 +0000] "GET /files/v4_2_6_es6-promise_auto.min.js HTTP/1.1" 200 2785 "https://www.ai-news.lmu.de/submission/" "Mozilla/5.0 (Windows NT 10.0; Win64; x64; rv:96.0) Gecko/20100101 Firefox/96.0"
84.59.131.250 - - [03/Feb/2022:14:48:57 +0000] "GET /files/jquery-3.5.1.min.js HTTP/1.1" 200 31959 "https://www.ai-news.lmu.de/submission/" "Mozilla/5.0 (Windows NT 10.0; Win64; x64; rv:96.0) Gecko/20100101 Firefox/96.0"
84.59.131.250 - - [03/Feb/2022:14:48:57 +0000] "GET /files/v2_6_10_vue_min.js HTTP/1.1" 200 35128 "https://www.ai-news.lmu.de/submission/" "Mozilla/5.0 (Windows NT 10.0; Win64; x64; rv:96.0) Gecko/20100101 Firefox/96.0"
84.59.131.250 - - [03/Feb/2022:14:48:57 +0000] "GET /files/v0_18_0_axios.min.js HTTP/1.1" 200 4855 "https://www.ai-news.lmu.de/submission/" "Mozilla/5.0 (Windows NT 10.0; Win64; x64; rv:96.0) Gecko/20100101 Firefox/96.0"
84.59.131.250 - - [03/Feb/2022:14:48:57 +0000] "GET /files/runtime.bundle.js HTTP/1.1" 200 1087 "https://www.ai-news.lmu.de/submission/" "Mozilla/5.0 (Windows NT 10.0; Win64; x64; rv:96.0) Gecko/20100101 Firefox/96.0"
84.59.131.250 - - [03/Feb/2022:14:48:57 +0000] "GET /files/vendors-app.bundle.js HTTP/1.1" 200 40005 "https://www.ai-news.lmu.de/submission/" "Mozilla/5.0 (Windows NT 10.0; Win64; x64; rv:96.0) Gecko/20100101 Firefox/96.0"
84.59.131.250 - - [03/Feb/2022:14:48:57 +0000] "GET /files/app.bundle.css HTTP/1.1" 200 93112 "https://www.ai-news.lmu.de/submission/" "Mozilla/5.0 (Windows NT 10.0; Win64; x64; rv:96.0) Gecko/20100101 Firefox/96.0"
84.59.131.250 - - [03/Feb/2022:14:48:57 +0000] "GET /files/bundle.vue.js HTTP/1.1" 200 39272 "https://www.ai-news.lmu.de/submission/" "Mozilla/5.0 (Windows NT 10.0; Win64; x64; rv:96.0) Gecko/20100101 Firefox/96.0"
84.59.131.250 - - [03/Feb/2022:14:48:57 +0000] "GET /files/app.bundle.js HTTP/1.1" 200 59193 "https://www.ai-news.lmu.de/submission/" "Mozilla/5.0 (Windows NT 10.0; Win64; x64; rv:96.0) Gecko/20100101 Firefox/96.0"
84.59.131.250 - - [03/Feb/2022:14:48:57 +0000] "GET /files/Logo_LMU.svg HTTP/1.1" 200 19647 "https://www.ai-news.lmu.de/submission/" "Mozilla/5.0 (Windows NT 10.0; Win64; x64; rv:96.0) Gecko/20100101 Firefox/96.0"
84.59.131.250 - - [03/Feb/2022:14:48:57 +0000] "GET /icons/sprites/sprites-sprite.svg HTTP/1.1" 200 83104 "https://www.ai-news.lmu.de/files/app.bundle.css" "Mozilla/5.0 (Windows NT 10.0; Win64; x64; rv:96.0) Gecko/20100101 Firefox/96.0"
84.59.131.250 - - [03/Feb/2022:14:48:57 +0000] "GET /img/footer-bg.svg HTTP/1.1" 200 303040 "https://www.ai-news.lmu.de/files/app.bundle.css" "Mozilla/5.0 (Windows NT 10.0; Win64; x64; rv:96.0) Gecko/20100101 Firefox/96.0"
84.59.131.250 - - [03/Feb/2022:14:48:57 +0000] "GET /files/favicon.ico HTTP/1.1" 200 7751 "https://www.ai-news.lmu.de/submission/" "Mozilla/5.0 (Windows NT 10.0; Win64; x64; rv:96.0) Gecko/20100101 Firefox/96.0"
84.59.131.250 - - [03/Feb/2022:14:48:57 +0000] "GET /files/standard-json-navigation-generating-site.json?nocache=1643899737364 HTTP/1.1" 200 2093 "https://www.ai-news.lmu.de/submission/" "Mozilla/5.0 (Windows NT 10.0; Win64; x64; rv:96.0) Gecko/20100101 Firefox/96.0"
87.89.246.137 - - [03/Feb/2022:14:49:35 +0000] "GET /newsletter/1 HTTP/1.1" 301 5850 "https://t.co/" "Mozilla/5.0 (Linux; Android 11; SM-T865) AppleWebKit/537.36 (KHTML, like Gecko) Chrome/97.0.4692.98 Safari/537.36"
87.89.246.137 - - [03/Feb/2022:14:49:55 +0000] "-" 408 5204 "-" "-"
208.115.199.23 - - [03/Feb/2022:14:51:00 +0000] "HEAD / HTTP/1.1" 200 5513 "https://www.ai-news.lmu.de/" "Mozilla/5.0+(compatible; UptimeRobot/2.0; http://www.uptimerobot.com/)"
167.94.138.47 - - [03/Feb/2022:14:51:44 +0000] "GET / HTTP/1.1" 200 10477 "-" "Mozilla/5.0 (compatible; CensysInspect/1.1; +https://about.censys.io/)"
40.77.167.106 - - [03/Feb/2022:14:53:30 +0000] "GET /robots.txt HTTP/1.1" 404 5267 "-" "Mozilla/5.0 (compatible; bingbot/2.0; +http://www.bing.com/bingbot.htm)"
207.46.13.185 - - [03/Feb/2022:14:53:34 +0000] "GET / HTTP/1.1" 200 10193 "-" "Mozilla/5.0 (compatible; bingbot/2.0; +http://www.bing.com/bingbot.htm)"
208.115.199.23 - - [03/Feb/2022:14:56:00 +0000] "HEAD / HTTP/1.1" 200 5513 "https://www.ai-news.lmu.de/" "Mozilla/5.0+(compatible; UptimeRobot/2.0; http://www.uptimerobot.com/)"
89.1.208.184 - - [03/Feb/2022:14:56:24 +0000] "GET /2021/10/01/towards.html HTTP/1.1" 200 10385 "https://mailbox.portal.uni-muenchen.de/" "Mozilla/5.0 (Windows NT 10.0; Win64; x64; rv:96.0) Gecko/20100101 Firefox/96.0"
89.1.208.184 - - [03/Feb/2022:14:56:24 +0000] "GET /fonts/roboto-v18-latin-300.woff2 HTTP/1.1" 200 15772 "https://www.ai-news.lmu.de/2021/10/01/towards.html" "Mozilla/5.0 (Windows NT 10.0; Win64; x64; rv:96.0) Gecko/20100101 Firefox/96.0"
89.1.208.184 - - [03/Feb/2022:14:56:24 +0000] "GET /fonts/roboto-v18-latin-regular.woff2 HTTP/1.1" 200 15676 "https://www.ai-news.lmu.de/2021/10/01/towards.html" "Mozilla/5.0 (Windows NT 10.0; Win64; x64; rv:96.0) Gecko/20100101 Firefox/96.0"
89.1.208.184 - - [03/Feb/2022:14:56:25 +0000] "GET /files/v3_1_0_vuex.min.js HTTP/1.1" 200 4282 "https://www.ai-news.lmu.de/2021/10/01/towards.html" "Mozilla/5.0 (Windows NT 10.0; Win64; x64; rv:96.0) Gecko/20100101 Firefox/96.0"
89.1.208.184 - - [03/Feb/2022:14:56:25 +0000] "GET /fonts/roboto-v18-latin-italic.woff2 HTTP/1.1" 200 17862 "https://www.ai-news.lmu.de/2021/10/01/towards.html" "Mozilla/5.0 (Windows NT 10.0; Win64; x64; rv:96.0) Gecko/20100101 Firefox/96.0"
89.1.208.184 - - [03/Feb/2022:14:56:25 +0000] "GET /fonts/roboto-v18-latin-700.woff2 HTTP/1.1" 200 16332 "https://www.ai-news.lmu.de/2021/10/01/towards.html" "Mozilla/5.0 (Windows NT 10.0; Win64; x64; rv:96.0) Gecko/20100101 Firefox/96.0"
89.1.208.184 - - [03/Feb/2022:14:56:25 +0000] "GET /files/v4_2_6_es6-promise_auto.min.js HTTP/1.1" 200 2785 "https://www.ai-news.lmu.de/2021/10/01/towards.html" "Mozilla/5.0 (Windows NT 10.0; Win64; x64; rv:96.0) Gecko/20100101 Firefox/96.0"
89.1.208.184 - - [03/Feb/2022:14:56:25 +0000] "GET /files/jquery-3.5.1.min.js HTTP/1.1" 200 31959 "https://www.ai-news.lmu.de/2021/10/01/towards.html" "Mozilla/5.0 (Windows NT 10.0; Win64; x64; rv:96.0) Gecko/20100101 Firefox/96.0"
89.1.208.184 - - [03/Feb/2022:14:56:25 +0000] "GET /files/v2_6_10_vue_min.js HTTP/1.1" 200 35128 "https://www.ai-news.lmu.de/2021/10/01/towards.html" "Mozilla/5.0 (Windows NT 10.0; Win64; x64; rv:96.0) Gecko/20100101 Firefox/96.0"
89.1.208.184 - - [03/Feb/2022:14:56:25 +0000] "GET /files/app.bundle.css HTTP/1.1" 200 93112 "https://www.ai-news.lmu.de/2021/10/01/towards.html" "Mozilla/5.0 (Windows NT 10.0; Win64; x64; rv:96.0) Gecko/20100101 Firefox/96.0"
89.1.208.184 - - [03/Feb/2022:14:56:25 +0000] "GET /files/v0_18_0_axios.min.js HTTP/1.1" 200 4855 "https://www.ai-news.lmu.de/2021/10/01/towards.html" "Mozilla/5.0 (Windows NT 10.0; Win64; x64; rv:96.0) Gecko/20100101 Firefox/96.0"
89.1.208.184 - - [03/Feb/2022:14:56:25 +0000] "GET /files/vendors-app.bundle.js HTTP/1.1" 200 40005 "https://www.ai-news.lmu.de/2021/10/01/towards.html" "Mozilla/5.0 (Windows NT 10.0; Win64; x64; rv:96.0) Gecko/20100101 Firefox/96.0"
89.1.208.184 - - [03/Feb/2022:14:56:25 +0000] "GET /files/runtime.bundle.js HTTP/1.1" 200 1087 "https://www.ai-news.lmu.de/2021/10/01/towards.html" "Mozilla/5.0 (Windows NT 10.0; Win64; x64; rv:96.0) Gecko/20100101 Firefox/96.0"
89.1.208.184 - - [03/Feb/2022:14:56:25 +0000] "GET /files/app.bundle.js HTTP/1.1" 200 59193 "https://www.ai-news.lmu.de/2021/10/01/towards.html" "Mozilla/5.0 (Windows NT 10.0; Win64; x64; rv:96.0) Gecko/20100101 Firefox/96.0"
89.1.208.184 - - [03/Feb/2022:14:56:25 +0000] "GET /files/bundle.vue.js HTTP/1.1" 200 39272 "https://www.ai-news.lmu.de/2021/10/01/towards.html" "Mozilla/5.0 (Windows NT 10.0; Win64; x64; rv:96.0) Gecko/20100101 Firefox/96.0"
89.1.208.184 - - [03/Feb/2022:14:56:25 +0000] "GET /files/Logo_LMU.svg HTTP/1.1" 200 19647 "https://www.ai-news.lmu.de/2021/10/01/towards.html" "Mozilla/5.0 (Windows NT 10.0; Win64; x64; rv:96.0) Gecko/20100101 Firefox/96.0"
89.1.208.184 - - [03/Feb/2022:14:56:25 +0000] "GET /files/ai_web.jpg HTTP/1.1" 200 127890 "https://www.ai-news.lmu.de/2021/10/01/towards.html" "Mozilla/5.0 (Windows NT 10.0; Win64; x64; rv:96.0) Gecko/20100101 Firefox/96.0"
89.1.208.184 - - [03/Feb/2022:14:56:25 +0000] "GET /icons/sprites/sprites-sprite.svg HTTP/1.1" 200 83104 "https://www.ai-news.lmu.de/files/app.bundle.css" "Mozilla/5.0 (Windows NT 10.0; Win64; x64; rv:96.0) Gecko/20100101 Firefox/96.0"
89.1.208.184 - - [03/Feb/2022:14:56:25 +0000] "GET /img/footer-bg.svg HTTP/1.1" 200 303040 "https://www.ai-news.lmu.de/files/app.bundle.css" "Mozilla/5.0 (Windows NT 10.0; Win64; x64; rv:96.0) Gecko/20100101 Firefox/96.0"
89.1.208.184 - - [03/Feb/2022:14:56:25 +0000] "GET /files/favicon.ico HTTP/1.1" 200 7751 "https://www.ai-news.lmu.de/2021/10/01/towards.html" "Mozilla/5.0 (Windows NT 10.0; Win64; x64; rv:96.0) Gecko/20100101 Firefox/96.0"
89.1.208.184 - - [03/Feb/2022:14:56:25 +0000] "GET /files/standard-json-navigation-generating-site.json?nocache=1643900185177 HTTP/1.1" 200 2093 "https://www.ai-news.lmu.de/2021/10/01/towards.html" "Mozilla/5.0 (Windows NT 10.0; Win64; x64; rv:96.0) Gecko/20100101 Firefox/96.0"
77.3.176.205 - - [03/Feb/2022:15:00:18 +0000] "GET /calendar.ics HTTP/1.1" 304 5408 "-" "Mozilla/5.0 (Windows NT 10.0; Win64; x64; rv:91.0) Gecko/20100101 Thunderbird/91.5.1"
8.29.198.26 - - [03/Feb/2022:15:00:24 +0000] "GET /feed.xml HTTP/1.1" 200 9428 "-" "Feedly/1.0 (+http://www.feedly.com/fetcher.html; 2 subscribers; like FeedFetcher-Google)"
208.115.199.23 - - [03/Feb/2022:15:01:00 +0000] "HEAD / HTTP/1.1" 200 5513 "https://www.ai-news.lmu.de/" "Mozilla/5.0+(compatible; UptimeRobot/2.0; http://www.uptimerobot.com/)"
138.246.3.184 - - [03/Feb/2022:15:03:03 +0000] "GET /calendar.ics HTTP/1.1" 304 5408 "-" "Mozilla/5.0 (X11; Linux x86_64; rv:91.0) Gecko/20100101 Thunderbird/91.5.0"
109.237.103.123 - - [03/Feb/2022:15:05:23 +0000] "GET /.env HTTP/1.1" 404 5635 "-" "Mozilla/5.0 (X11; Linux x86_64) AppleWebKit/537.36 (KHTML, like Gecko) Chrome/81.0.4044.129 Safari/537.36"
208.115.199.23 - - [03/Feb/2022:15:06:00 +0000] "HEAD / HTTP/1.1" 200 5513 "https://www.ai-news.lmu.de/" "Mozilla/5.0+(compatible; UptimeRobot/2.0; http://www.uptimerobot.com/)"
178.10.88.87 - - [03/Feb/2022:15:08:09 +0000] "GET /feed.xml HTTP/1.1" 200 9431 "-" "Mozilla/5.0 (Windows NT 10.0; Win64; x64; rv:91.0) Gecko/20100101 Thunderbird/91.5.1"
208.115.199.23 - - [03/Feb/2022:15:11:00 +0000] "HEAD / HTTP/1.1" 200 5513 "https://www.ai-news.lmu.de/" "Mozilla/5.0+(compatible; UptimeRobot/2.0; http://www.uptimerobot.com/)"
77.3.176.205 - - [03/Feb/2022:15:12:31 +0000] "GET /feed.xml HTTP/1.1" 304 5408 "-" "Mozilla/5.0 (Windows NT 10.0; Win64; x64; rv:91.0) Gecko/20100101 Thunderbird/91.5.1"
208.115.199.23 - - [03/Feb/2022:15:16:00 +0000] "HEAD / HTTP/1.1" 200 5513 "https://www.ai-news.lmu.de/" "Mozilla/5.0+(compatible; UptimeRobot/2.0; http://www.uptimerobot.com/)"
157.245.117.2 - - [03/Feb/2022:15:18:18 +0000] "GET /feed.xml HTTP/1.1" 200 9379 "-" "Mozilla/5.0 (Macintosh; Intel Mac OS X 10_13_6; +feeder.co) AppleWebKit/537.36 (KHTML, like Gecko) Chrome/67.0.3396.99 Safari/537.36"
217.226.215.70 - - [03/Feb/2022:15:19:00 +0000] "GET /2021/10/01/towards.html HTTP/1.1" 200 10385 "-" "Mozilla/5.0 (Windows NT 10.0; Win64; x64; rv:96.0) Gecko/20100101 Firefox/96.0"
217.226.215.70 - - [03/Feb/2022:15:19:00 +0000] "GET /files/ai_web.jpg HTTP/1.1" 200 127890 "https://www.ai-news.lmu.de/2021/10/01/towards.html" "Mozilla/5.0 (Windows NT 10.0; Win64; x64; rv:96.0) Gecko/20100101 Firefox/96.0"
217.226.215.70 - - [03/Feb/2022:15:19:00 +0000] "GET /icons/sprites/sprites-sprite.svg HTTP/1.1" 200 83104 "https://www.ai-news.lmu.de/files/app.bundle.css" "Mozilla/5.0 (Windows NT 10.0; Win64; x64; rv:96.0) Gecko/20100101 Firefox/96.0"
217.226.215.70 - - [03/Feb/2022:15:19:00 +0000] "GET /files/favicon.ico HTTP/1.1" 200 8315 "https://www.ai-news.lmu.de/2021/10/01/towards.html" "Mozilla/5.0 (Windows NT 10.0; Win64; x64; rv:96.0) Gecko/20100101 Firefox/96.0"
217.226.215.70 - - [03/Feb/2022:15:19:00 +0000] "GET /files/standard-json-navigation-generating-site.json?nocache=1643901539527 HTTP/1.1" 200 2657 "https://www.ai-news.lmu.de/2021/10/01/towards.html" "Mozilla/5.0 (Windows NT 10.0; Win64; x64; rv:96.0) Gecko/20100101 Firefox/96.0"
208.115.199.23 - - [03/Feb/2022:15:21:00 +0000] "HEAD / HTTP/1.1" 200 5513 "https://www.ai-news.lmu.de/" "Mozilla/5.0+(compatible; UptimeRobot/2.0; http://www.uptimerobot.com/)"
208.115.199.23 - - [03/Feb/2022:15:26:00 +0000] "HEAD / HTTP/1.1" 200 5513 "https://www.ai-news.lmu.de/" "Mozilla/5.0+(compatible; UptimeRobot/2.0; http://www.uptimerobot.com/)"
217.226.215.70 - - [03/Feb/2022:15:26:54 +0000] "GET /2021/12/20/trustworthy.html HTTP/1.1" 200 10569 "-" "Mozilla/5.0 (Windows NT 10.0; Win64; x64; rv:96.0) Gecko/20100101 Firefox/96.0"
217.226.215.70 - - [03/Feb/2022:15:26:54 +0000] "GET /files/robot_small.jpg HTTP/1.1" 200 312073 "https://www.ai-news.lmu.de/2021/12/20/trustworthy.html" "Mozilla/5.0 (Windows NT 10.0; Win64; x64; rv:96.0) Gecko/20100101 Firefox/96.0"
217.226.215.70 - - [03/Feb/2022:15:26:54 +0000] "GET /files/standard-json-navigation-generating-site.json?nocache=1643902013500 HTTP/1.1" 200 2093 "https://www.ai-news.lmu.de/2021/12/20/trustworthy.html" "Mozilla/5.0 (Windows NT 10.0; Win64; x64; rv:96.0) Gecko/20100101 Firefox/96.0"
52.139.151.114 - - [03/Feb/2022:15:29:42 +0000] "GET /.env HTTP/1.1" 404 5062 "-" "Mozilla/5.0 (iPhone; CPU iPhone OS 12_2 like Mac OS X) AppleWebKit/605.1.15 (KHTML, like Gecko) Mobile/15E148"
52.139.151.114 - - [03/Feb/2022:15:29:43 +0000] "POST / HTTP/1.1" 200 9974 "-" "Mozilla/5.0 (iPhone; CPU iPhone OS 12_2 like Mac OS X) AppleWebKit/605.1.15 (KHTML, like Gecko) Mobile/15E148"
77.3.176.205 - - [03/Feb/2022:15:30:18 +0000] "GET /calendar.ics HTTP/1.1" 304 5408 "-" "Mozilla/5.0 (Windows NT 10.0; Win64; x64; rv:91.0) Gecko/20100101 Thunderbird/91.5.1"
109.237.103.9 - - [03/Feb/2022:15:30:33 +0000] "GET /.env HTTP/1.1" 404 5635 "-" "Mozilla/5.0 (X11; Linux x86_64) AppleWebKit/537.36 (KHTML, like Gecko) Chrome/81.0.4044.129 Safari/537.36"
146.107.103.108 - - [03/Feb/2022:15:30:47 +0000] "GET /feed.xml HTTP/1.1" 304 5408 "-" "Mozilla/5.0 (X11; Linux x86_64; rv:91.0) Gecko/20100101 Thunderbird/91.5.1"
208.115.199.23 - - [03/Feb/2022:15:31:00 +0000] "HEAD / HTTP/1.1" 200 5513 "https://www.ai-news.lmu.de/" "Mozilla/5.0+(compatible; UptimeRobot/2.0; http://www.uptimerobot.com/)"
138.246.3.184 - - [03/Feb/2022:15:33:03 +0000] "GET /calendar.ics HTTP/1.1" 304 5408 "-" "Mozilla/5.0 (X11; Linux x86_64; rv:91.0) Gecko/20100101 Thunderbird/91.5.0"
77.23.154.42 - - [03/Feb/2022:15:33:16 +0000] "GET /newsletter/1 HTTP/1.1" 301 5850 "https://t.co/" "Mozilla/5.0 (Macintosh; Intel Mac OS X 10.15; rv:96.0) Gecko/20100101 Firefox/96.0"
208.115.199.23 - - [03/Feb/2022:15:36:00 +0000] "HEAD / HTTP/1.1" 200 5513 "https://www.ai-news.lmu.de/" "Mozilla/5.0+(compatible; UptimeRobot/2.0; http://www.uptimerobot.com/)"
208.115.199.23 - - [03/Feb/2022:15:41:00 +0000] "HEAD / HTTP/1.1" 200 5513 "https://www.ai-news.lmu.de/" "Mozilla/5.0+(compatible; UptimeRobot/2.0; http://www.uptimerobot.com/)"
13.72.99.192 - - [03/Feb/2022:15:42:13 +0000] "GET /.env HTTP/1.1" 404 5635 "-" "Mozilla/5.0 (X11; Linux x86_64) AppleWebKit/537.36 (KHTML, like Gecko) Chrome/81.0.4044.129 Safari/537.36"
13.72.99.192 - - [03/Feb/2022:15:42:14 +0000] "POST / HTTP/1.1" 200 10533 "-" "Mozilla/5.0 (X11; Linux x86_64) AppleWebKit/537.36 (KHTML, like Gecko) Chrome/81.0.4044.129 Safari/537.36"
66.249.70.111 - - [03/Feb/2022:15:43:39 +0000] "GET /robots.txt HTTP/1.1" 404 5709 "-" "Mozilla/5.0 (compatible; Googlebot/2.1; +http://www.google.com/bot.html)"
66.249.70.109 - - [03/Feb/2022:15:43:39 +0000] "GET /files/Logo_LMU.svg HTTP/1.1" 304 5393 "-" "Googlebot-Image/1.0"
208.115.199.23 - - [03/Feb/2022:15:46:00 +0000] "HEAD / HTTP/1.1" 200 5513 "https://www.ai-news.lmu.de/" "Mozilla/5.0+(compatible; UptimeRobot/2.0; http://www.uptimerobot.com/)"
89.246.32.11 - - [03/Feb/2022:15:48:55 +0000] "GET /submission/ HTTP/1.1" 200 10868 "-" "Mozilla/5.0 (Windows NT 10.0; Win64; x64) AppleWebKit/537.36 (KHTML, like Gecko) Chrome/97.0.4692.99 Safari/537.36"
89.246.32.11 - - [03/Feb/2022:15:48:55 +0000] "GET /fonts/roboto-v18-latin-300.woff2 HTTP/1.1" 200 15772 "https://www.ai-news.lmu.de/submission/" "Mozilla/5.0 (Windows NT 10.0; Win64; x64) AppleWebKit/537.36 (KHTML, like Gecko) Chrome/97.0.4692.99 Safari/537.36"
89.246.32.11 - - [03/Feb/2022:15:48:55 +0000] "GET /fonts/roboto-v18-latin-regular.woff2 HTTP/1.1" 200 16240 "https://www.ai-news.lmu.de/submission/" "Mozilla/5.0 (Windows NT 10.0; Win64; x64) AppleWebKit/537.36 (KHTML, like Gecko) Chrome/97.0.4692.99 Safari/537.36"
89.246.32.11 - - [03/Feb/2022:15:48:55 +0000] "GET /fonts/roboto-v18-latin-italic.woff2 HTTP/1.1" 200 22503 "https://www.ai-news.lmu.de/submission/" "Mozilla/5.0 (Windows NT 10.0; Win64; x64) AppleWebKit/537.36 (KHTML, like Gecko) Chrome/97.0.4692.99 Safari/537.36"
89.246.32.11 - - [03/Feb/2022:15:48:55 +0000] "GET /fonts/roboto-v18-latin-700.woff2 HTTP/1.1" 200 20973 "https://www.ai-news.lmu.de/submission/" "Mozilla/5.0 (Windows NT 10.0; Win64; x64) AppleWebKit/537.36 (KHTML, like Gecko) Chrome/97.0.4692.99 Safari/537.36"
89.246.32.11 - - [03/Feb/2022:15:48:55 +0000] "GET /files/jquery-3.5.1.min.js HTTP/1.1" 200 36600 "https://www.ai-news.lmu.de/submission/" "Mozilla/5.0 (Windows NT 10.0; Win64; x64) AppleWebKit/537.36 (KHTML, like Gecko) Chrome/97.0.4692.99 Safari/537.36"
89.246.32.11 - - [03/Feb/2022:15:48:55 +0000] "GET /files/app.bundle.css HTTP/1.1" 200 92548 "https://www.ai-news.lmu.de/submission/" "Mozilla/5.0 (Windows NT 10.0; Win64; x64) AppleWebKit/537.36 (KHTML, like Gecko) Chrome/97.0.4692.99 Safari/537.36"
89.246.32.11 - - [03/Feb/2022:15:48:55 +0000] "GET /files/v2_6_10_vue_min.js HTTP/1.1" 200 35128 "https://www.ai-news.lmu.de/submission/" "Mozilla/5.0 (Windows NT 10.0; Win64; x64) AppleWebKit/537.36 (KHTML, like Gecko) Chrome/97.0.4692.99 Safari/537.36"
89.246.32.11 - - [03/Feb/2022:15:48:55 +0000] "GET /files/v3_1_0_vuex.min.js HTTP/1.1" 200 4282 "https://www.ai-news.lmu.de/submission/" "Mozilla/5.0 (Windows NT 10.0; Win64; x64) AppleWebKit/537.36 (KHTML, like Gecko) Chrome/97.0.4692.99 Safari/537.36"
89.246.32.11 - - [03/Feb/2022:15:48:55 +0000] "GET /files/v4_2_6_es6-promise_auto.min.js HTTP/1.1" 200 2785 "https://www.ai-news.lmu.de/submission/" "Mozilla/5.0 (Windows NT 10.0; Win64; x64) AppleWebKit/537.36 (KHTML, like Gecko) Chrome/97.0.4692.99 Safari/537.36"
89.246.32.11 - - [03/Feb/2022:15:48:55 +0000] "GET /files/v0_18_0_axios.min.js HTTP/1.1" 200 4855 "https://www.ai-news.lmu.de/submission/" "Mozilla/5.0 (Windows NT 10.0; Win64; x64) AppleWebKit/537.36 (KHTML, like Gecko) Chrome/97.0.4692.99 Safari/537.36"
89.246.32.11 - - [03/Feb/2022:15:48:56 +0000] "GET /files/vendors-app.bundle.js HTTP/1.1" 200 40005 "https://www.ai-news.lmu.de/submission/" "Mozilla/5.0 (Windows NT 10.0; Win64; x64) AppleWebKit/537.36 (KHTML, like Gecko) Chrome/97.0.4692.99 Safari/537.36"
89.246.32.11 - - [03/Feb/2022:15:48:56 +0000] "GET /files/runtime.bundle.js HTTP/1.1" 200 1087 "https://www.ai-news.lmu.de/submission/" "Mozilla/5.0 (Windows NT 10.0; Win64; x64) AppleWebKit/537.36 (KHTML, like Gecko) Chrome/97.0.4692.99 Safari/537.36"
89.246.32.11 - - [03/Feb/2022:15:48:56 +0000] "GET /files/Logo_LMU.svg HTTP/1.1" 200 19647 "https://www.ai-news.lmu.de/submission/" "Mozilla/5.0 (Windows NT 10.0; Win64; x64) AppleWebKit/537.36 (KHTML, like Gecko) Chrome/97.0.4692.99 Safari/537.36"
89.246.32.11 - - [03/Feb/2022:15:48:56 +0000] "GET /files/bundle.vue.js HTTP/1.1" 200 39272 "https://www.ai-news.lmu.de/submission/" "Mozilla/5.0 (Windows NT 10.0; Win64; x64) AppleWebKit/537.36 (KHTML, like Gecko) Chrome/97.0.4692.99 Safari/537.36"
89.246.32.11 - - [03/Feb/2022:15:48:56 +0000] "GET /icons/sprites/sprites-sprite.svg HTTP/1.1" 200 83104 "https://www.ai-news.lmu.de/files/app.bundle.css" "Mozilla/5.0 (Windows NT 10.0; Win64; x64) AppleWebKit/537.36 (KHTML, like Gecko) Chrome/97.0.4692.99 Safari/537.36"
89.246.32.11 - - [03/Feb/2022:15:48:56 +0000] "GET /files/app.bundle.js HTTP/1.1" 200 59193 "https://www.ai-news.lmu.de/submission/" "Mozilla/5.0 (Windows NT 10.0; Win64; x64) AppleWebKit/537.36 (KHTML, like Gecko) Chrome/97.0.4692.99 Safari/537.36"
89.246.32.11 - - [03/Feb/2022:15:48:56 +0000] "GET /img/footer-bg.svg HTTP/1.1" 200 303040 "https://www.ai-news.lmu.de/files/app.bundle.css" "Mozilla/5.0 (Windows NT 10.0; Win64; x64) AppleWebKit/537.36 (KHTML, like Gecko) Chrome/97.0.4692.99 Safari/537.36"
89.246.32.11 - - [03/Feb/2022:15:48:56 +0000] "GET /files/standard-json-navigation-generating-site.json?nocache=1643903336034 HTTP/1.1" 200 2093 "https://www.ai-news.lmu.de/submission/" "Mozilla/5.0 (Windows NT 10.0; Win64; x64) AppleWebKit/537.36 (KHTML, like Gecko) Chrome/97.0.4692.99 Safari/537.36"
89.246.32.11 - - [03/Feb/2022:15:48:56 +0000] "GET /files/favicon.ico HTTP/1.1" 200 7751 "https://www.ai-news.lmu.de/submission/" "Mozilla/5.0 (Windows NT 10.0; Win64; x64) AppleWebKit/537.36 (KHTML, like Gecko) Chrome/97.0.4692.99 Safari/537.36"
208.115.199.23 - - [03/Feb/2022:15:51:00 +0000] "HEAD / HTTP/1.1" 200 5513 "https://www.ai-news.lmu.de/" "Mozilla/5.0+(compatible; UptimeRobot/2.0; http://www.uptimerobot.com/)"
208.115.199.23 - - [03/Feb/2022:15:56:00 +0000] "HEAD / HTTP/1.1" 200 5513 "https://www.ai-news.lmu.de/" "Mozilla/5.0+(compatible; UptimeRobot/2.0; http://www.uptimerobot.com/)"
77.3.176.205 - - [03/Feb/2022:16:00:18 +0000] "GET /calendar.ics HTTP/1.1" 304 5408 "-" "Mozilla/5.0 (Windows NT 10.0; Win64; x64; rv:91.0) Gecko/20100101 Thunderbird/91.5.1"
208.115.199.23 - - [03/Feb/2022:16:01:00 +0000] "HEAD / HTTP/1.1" 200 5513 "https://www.ai-news.lmu.de/" "Mozilla/5.0+(compatible; UptimeRobot/2.0; http://www.uptimerobot.com/)"
208.115.199.23 - - [03/Feb/2022:16:06:00 +0000] "HEAD / HTTP/1.1" 200 5513 "https://www.ai-news.lmu.de/" "Mozilla/5.0+(compatible; UptimeRobot/2.0; http://www.uptimerobot.com/)"
92.116.226.147 - - [03/Feb/2022:16:07:41 +0000] "GET /feed.xml HTTP/1.1" 200 9431 "-" "MWFeedParser"
208.115.199.23 - - [03/Feb/2022:16:11:00 +0000] "HEAD / HTTP/1.1" 200 5513 "https://www.ai-news.lmu.de/" "Mozilla/5.0+(compatible; UptimeRobot/2.0; http://www.uptimerobot.com/)"
82.135.82.152 - - [03/Feb/2022:16:12:20 +0000] "GET /newsletter/1 HTTP/1.1" 301 5850 "https://t.co/" "Mozilla/5.0 (Macintosh; Intel Mac OS X 10_15_7) AppleWebKit/605.1.15 (KHTML, like Gecko) Version/15.3 Safari/605.1.15"
82.135.82.152 - - [03/Feb/2022:16:12:41 +0000] "GET /2021/12/20/trustworthy.html HTTP/1.1" 200 10569 "-" "Mozilla/5.0 (Macintosh; Intel Mac OS X 10_15_7) AppleWebKit/605.1.15 (KHTML, like Gecko) Version/15.3 Safari/605.1.15"
82.135.82.152 - - [03/Feb/2022:16:12:42 +0000] "GET /fonts/roboto-v18-latin-300.woff2 HTTP/1.1" 200 15772 "https://www.ai-news.lmu.de/2021/12/20/trustworthy.html" "Mozilla/5.0 (Macintosh; Intel Mac OS X 10_15_7) AppleWebKit/605.1.15 (KHTML, like Gecko) Version/15.3 Safari/605.1.15"
82.135.82.152 - - [03/Feb/2022:16:12:42 +0000] "GET /files/v2_6_10_vue_min.js HTTP/1.1" 200 34564 "https://www.ai-news.lmu.de/2021/12/20/trustworthy.html" "Mozilla/5.0 (Macintosh; Intel Mac OS X 10_15_7) AppleWebKit/605.1.15 (KHTML, like Gecko) Version/15.3 Safari/605.1.15"
82.135.82.152 - - [03/Feb/2022:16:12:42 +0000] "GET /fonts/roboto-v18-latin-regular.woff2 HTTP/1.1" 200 20881 "https://www.ai-news.lmu.de/2021/12/20/trustworthy.html" "Mozilla/5.0 (Macintosh; Intel Mac OS X 10_15_7) AppleWebKit/605.1.15 (KHTML, like Gecko) Version/15.3 Safari/605.1.15"
82.135.82.152 - - [03/Feb/2022:16:12:42 +0000] "GET /fonts/roboto-v18-latin-italic.woff2 HTTP/1.1" 200 22503 "https://www.ai-news.lmu.de/2021/12/20/trustworthy.html" "Mozilla/5.0 (Macintosh; Intel Mac OS X 10_15_7) AppleWebKit/605.1.15 (KHTML, like Gecko) Version/15.3 Safari/605.1.15"
82.135.82.152 - - [03/Feb/2022:16:12:42 +0000] "GET /fonts/roboto-v18-latin-700.woff2 HTTP/1.1" 200 20973 "https://www.ai-news.lmu.de/2021/12/20/trustworthy.html" "Mozilla/5.0 (Macintosh; Intel Mac OS X 10_15_7) AppleWebKit/605.1.15 (KHTML, like Gecko) Version/15.3 Safari/605.1.15"
82.135.82.152 - - [03/Feb/2022:16:12:42 +0000] "GET /files/v3_1_0_vuex.min.js HTTP/1.1" 200 4282 "https://www.ai-news.lmu.de/2021/12/20/trustworthy.html" "Mozilla/5.0 (Macintosh; Intel Mac OS X 10_15_7) AppleWebKit/605.1.15 (KHTML, like Gecko) Version/15.3 Safari/605.1.15"
82.135.82.152 - - [03/Feb/2022:16:12:42 +0000] "GET /files/v4_2_6_es6-promise_auto.min.js HTTP/1.1" 200 2785 "https://www.ai-news.lmu.de/2021/12/20/trustworthy.html" "Mozilla/5.0 (Macintosh; Intel Mac OS X 10_15_7) AppleWebKit/605.1.15 (KHTML, like Gecko) Version/15.3 Safari/605.1.15"
82.135.82.152 - - [03/Feb/2022:16:12:42 +0000] "GET /files/v0_18_0_axios.min.js HTTP/1.1" 200 4855 "https://www.ai-news.lmu.de/2021/12/20/trustworthy.html" "Mozilla/5.0 (Macintosh; Intel Mac OS X 10_15_7) AppleWebKit/605.1.15 (KHTML, like Gecko) Version/15.3 Safari/605.1.15"
82.135.82.152 - - [03/Feb/2022:16:12:42 +0000] "GET /files/runtime.bundle.js HTTP/1.1" 200 1087 "https://www.ai-news.lmu.de/2021/12/20/trustworthy.html" "Mozilla/5.0 (Macintosh; Intel Mac OS X 10_15_7) AppleWebKit/605.1.15 (KHTML, like Gecko) Version/15.3 Safari/605.1.15"
82.135.82.152 - - [03/Feb/2022:16:12:42 +0000] "GET /files/vendors-app.bundle.js HTTP/1.1" 200 40005 "https://www.ai-news.lmu.de/2021/12/20/trustworthy.html" "Mozilla/5.0 (Macintosh; Intel Mac OS X 10_15_7) AppleWebKit/605.1.15 (KHTML, like Gecko) Version/15.3 Safari/605.1.15"
82.135.82.152 - - [03/Feb/2022:16:12:42 +0000] "GET /files/jquery-3.5.1.min.js HTTP/1.1" 200 36600 "https://www.ai-news.lmu.de/2021/12/20/trustworthy.html" "Mozilla/5.0 (Macintosh; Intel Mac OS X 10_15_7) AppleWebKit/605.1.15 (KHTML, like Gecko) Version/15.3 Safari/605.1.15"
82.135.82.152 - - [03/Feb/2022:16:12:42 +0000] "GET /files/bundle.vue.js HTTP/1.1" 200 39272 "https://www.ai-news.lmu.de/2021/12/20/trustworthy.html" "Mozilla/5.0 (Macintosh; Intel Mac OS X 10_15_7) AppleWebKit/605.1.15 (KHTML, like Gecko) Version/15.3 Safari/605.1.15"
82.135.82.152 - - [03/Feb/2022:16:12:42 +0000] "GET /files/app.bundle.js HTTP/1.1" 200 59193 "https://www.ai-news.lmu.de/2021/12/20/trustworthy.html" "Mozilla/5.0 (Macintosh; Intel Mac OS X 10_15_7) AppleWebKit/605.1.15 (KHTML, like Gecko) Version/15.3 Safari/605.1.15"
82.135.82.152 - - [03/Feb/2022:16:12:42 +0000] "GET /files/app.bundle.css HTTP/1.1" 200 97753 "https://www.ai-news.lmu.de/2021/12/20/trustworthy.html" "Mozilla/5.0 (Macintosh; Intel Mac OS X 10_15_7) AppleWebKit/605.1.15 (KHTML, like Gecko) Version/15.3 Safari/605.1.15"
82.135.82.152 - - [03/Feb/2022:16:12:42 +0000] "GET /files/Logo_LMU.svg HTTP/1.1" 200 19647 "https://www.ai-news.lmu.de/2021/12/20/trustworthy.html" "Mozilla/5.0 (Macintosh; Intel Mac OS X 10_15_7) AppleWebKit/605.1.15 (KHTML, like Gecko) Version/15.3 Safari/605.1.15"
82.135.82.152 - - [03/Feb/2022:16:12:42 +0000] "GET /files/robot_small.jpg HTTP/1.1" 200 312073 "https://www.ai-news.lmu.de/2021/12/20/trustworthy.html" "Mozilla/5.0 (Macintosh; Intel Mac OS X 10_15_7) AppleWebKit/605.1.15 (KHTML, like Gecko) Version/15.3 Safari/605.1.15"
82.135.82.152 - - [03/Feb/2022:16:12:42 +0000] "GET /icons/sprites/sprites-sprite.svg HTTP/1.1" 200 83104 "https://www.ai-news.lmu.de/2021/12/20/trustworthy.html" "Mozilla/5.0 (Macintosh; Intel Mac OS X 10_15_7) AppleWebKit/605.1.15 (KHTML, like Gecko) Version/15.3 Safari/605.1.15"
82.135.82.152 - - [03/Feb/2022:16:12:42 +0000] "GET /img/footer-bg.svg HTTP/1.1" 200 303040 "https://www.ai-news.lmu.de/2021/12/20/trustworthy.html" "Mozilla/5.0 (Macintosh; Intel Mac OS X 10_15_7) AppleWebKit/605.1.15 (KHTML, like Gecko) Version/15.3 Safari/605.1.15"
82.135.82.152 - - [03/Feb/2022:16:12:43 +0000] "GET /files/standard-json-navigation-generating-site.json?nocache=1643904762652 HTTP/1.1" 200 2093 "https://www.ai-news.lmu.de/2021/12/20/trustworthy.html" "Mozilla/5.0 (Macintosh; Intel Mac OS X 10_15_7) AppleWebKit/605.1.15 (KHTML, like Gecko) Version/15.3 Safari/605.1.15"
82.135.82.152 - - [03/Feb/2022:16:12:45 +0000] "GET /files/favicon.ico HTTP/1.1" 200 12956 "https://www.ai-news.lmu.de/2021/12/20/trustworthy.html" "Mozilla/5.0 (Macintosh; Intel Mac OS X 10_15_7) AppleWebKit/605.1.15 (KHTML, like Gecko) Version/15.3 Safari/605.1.15"
141.40.252.102 - - [03/Feb/2022:16:13:03 +0000] "GET /feed.xml HTTP/1.1" 304 5408 "-" "Mozilla/5.0 (Windows NT 10.0; Win64; x64; rv:91.0) Gecko/20100101 Thunderbird/91.5.1"
208.115.199.23 - - [03/Feb/2022:16:16:00 +0000] "HEAD / HTTP/1.1" 200 5513 "https://www.ai-news.lmu.de/" "Mozilla/5.0+(compatible; UptimeRobot/2.0; http://www.uptimerobot.com/)"
95.91.234.13 - - [03/Feb/2022:16:17:19 +0000] "GET /feed.xml HTTP/1.1" 304 5408 "-" "Mozilla/5.0 (Windows NT 10.0; Win64; x64; rv:91.0) Gecko/20100101 Thunderbird/91.5.1"
141.84.149.18 - - [03/Feb/2022:16:20:04 +0000] "GET /subscribe/ HTTP/1.1" 200 9593 "-" "Mozilla/5.0 (Windows NT 10.0; Win64; x64) AppleWebKit/537.36 (KHTML, like Gecko) Chrome/89.0.4389.91 Safari/537.36"
141.84.149.18 - - [03/Feb/2022:16:20:04 +0000] "GET /fonts/roboto-v18-latin-300.woff2 HTTP/1.1" 200 15772 "https://www.ai-news.lmu.de/subscribe/" "Mozilla/5.0 (Windows NT 10.0; Win64; x64) AppleWebKit/537.36 (KHTML, like Gecko) Chrome/89.0.4389.91 Safari/537.36"
141.84.149.18 - - [03/Feb/2022:16:20:04 +0000] "GET /fonts/roboto-v18-latin-italic.woff2 HTTP/1.1" 200 17298 "https://www.ai-news.lmu.de/subscribe/" "Mozilla/5.0 (Windows NT 10.0; Win64; x64) AppleWebKit/537.36 (KHTML, like Gecko) Chrome/89.0.4389.91 Safari/537.36"
141.84.149.18 - - [03/Feb/2022:16:20:04 +0000] "GET /fonts/roboto-v18-latin-regular.woff2 HTTP/1.1" 200 16225 "https://www.ai-news.lmu.de/subscribe/" "Mozilla/5.0 (Windows NT 10.0; Win64; x64) AppleWebKit/537.36 (KHTML, like Gecko) Chrome/89.0.4389.91 Safari/537.36"
141.84.149.18 - - [03/Feb/2022:16:20:04 +0000] "GET /fonts/roboto-v18-latin-700.woff2 HTTP/1.1" 200 20958 "https://www.ai-news.lmu.de/subscribe/" "Mozilla/5.0 (Windows NT 10.0; Win64; x64) AppleWebKit/537.36 (KHTML, like Gecko) Chrome/89.0.4389.91 Safari/537.36"
141.84.149.18 - - [03/Feb/2022:16:20:04 +0000] "GET /files/v2_6_10_vue_min.js HTTP/1.1" 200 39754 "https://www.ai-news.lmu.de/subscribe/" "Mozilla/5.0 (Windows NT 10.0; Win64; x64) AppleWebKit/537.36 (KHTML, like Gecko) Chrome/89.0.4389.91 Safari/537.36"
141.84.149.18 - - [03/Feb/2022:16:20:04 +0000] "GET /files/jquery-3.5.1.min.js HTTP/1.1" 200 36585 "https://www.ai-news.lmu.de/subscribe/" "Mozilla/5.0 (Windows NT 10.0; Win64; x64) AppleWebKit/537.36 (KHTML, like Gecko) Chrome/89.0.4389.91 Safari/537.36"
141.84.149.18 - - [03/Feb/2022:16:20:04 +0000] "GET /files/v3_1_0_vuex.min.js HTTP/1.1" 200 4282 "https://www.ai-news.lmu.de/subscribe/" "Mozilla/5.0 (Windows NT 10.0; Win64; x64) AppleWebKit/537.36 (KHTML, like Gecko) Chrome/89.0.4389.91 Safari/537.36"
141.84.149.18 - - [03/Feb/2022:16:20:04 +0000] "GET /files/app.bundle.css HTTP/1.1" 200 93097 "https://www.ai-news.lmu.de/subscribe/" "Mozilla/5.0 (Windows NT 10.0; Win64; x64) AppleWebKit/537.36 (KHTML, like Gecko) Chrome/89.0.4389.91 Safari/537.36"
141.84.149.18 - - [03/Feb/2022:16:20:04 +0000] "GET /files/v4_2_6_es6-promise_auto.min.js HTTP/1.1" 200 2785 "https://www.ai-news.lmu.de/subscribe/" "Mozilla/5.0 (Windows NT 10.0; Win64; x64) AppleWebKit/537.36 (KHTML, like Gecko) Chrome/89.0.4389.91 Safari/537.36"
141.84.149.18 - - [03/Feb/2022:16:20:04 +0000] "GET /files/v0_18_0_axios.min.js HTTP/1.1" 200 4855 "https://www.ai-news.lmu.de/subscribe/" "Mozilla/5.0 (Windows NT 10.0; Win64; x64) AppleWebKit/537.36 (KHTML, like Gecko) Chrome/89.0.4389.91 Safari/537.36"
141.84.149.18 - - [03/Feb/2022:16:20:04 +0000] "GET /files/runtime.bundle.js HTTP/1.1" 200 1087 "https://www.ai-news.lmu.de/subscribe/" "Mozilla/5.0 (Windows NT 10.0; Win64; x64) AppleWebKit/537.36 (KHTML, like Gecko) Chrome/89.0.4389.91 Safari/537.36"
141.84.149.18 - - [03/Feb/2022:16:20:04 +0000] "GET /files/vendors-app.bundle.js HTTP/1.1" 200 40005 "https://www.ai-news.lmu.de/subscribe/" "Mozilla/5.0 (Windows NT 10.0; Win64; x64) AppleWebKit/537.36 (KHTML, like Gecko) Chrome/89.0.4389.91 Safari/537.36"
141.84.149.18 - - [03/Feb/2022:16:20:04 +0000] "GET /files/Logo_LMU.svg HTTP/1.1" 200 19647 "https://www.ai-news.lmu.de/subscribe/" "Mozilla/5.0 (Windows NT 10.0; Win64; x64) AppleWebKit/537.36 (KHTML, like Gecko) Chrome/89.0.4389.91 Safari/537.36"
141.84.149.18 - - [03/Feb/2022:16:20:04 +0000] "GET /files/bundle.vue.js HTTP/1.1" 200 39272 "https://www.ai-news.lmu.de/subscribe/" "Mozilla/5.0 (Windows NT 10.0; Win64; x64) AppleWebKit/537.36 (KHTML, like Gecko) Chrome/89.0.4389.91 Safari/537.36"
141.84.149.18 - - [03/Feb/2022:16:20:04 +0000] "GET /files/app.bundle.js HTTP/1.1" 200 59193 "https://www.ai-news.lmu.de/subscribe/" "Mozilla/5.0 (Windows NT 10.0; Win64; x64) AppleWebKit/537.36 (KHTML, like Gecko) Chrome/89.0.4389.91 Safari/537.36"
141.84.149.18 - - [03/Feb/2022:16:20:04 +0000] "GET /icons/sprites/sprites-sprite.svg HTTP/1.1" 200 83104 "https://www.ai-news.lmu.de/files/app.bundle.css" "Mozilla/5.0 (Windows NT 10.0; Win64; x64) AppleWebKit/537.36 (KHTML, like Gecko) Chrome/89.0.4389.91 Safari/537.36"
141.84.149.18 - - [03/Feb/2022:16:20:04 +0000] "GET /img/footer-bg.svg HTTP/1.1" 200 303040 "https://www.ai-news.lmu.de/files/app.bundle.css" "Mozilla/5.0 (Windows NT 10.0; Win64; x64) AppleWebKit/537.36 (KHTML, like Gecko) Chrome/89.0.4389.91 Safari/537.36"
141.84.149.18 - - [03/Feb/2022:16:20:04 +0000] "GET /files/standard-json-navigation-generating-site.json?nocache=1643905204357 HTTP/1.1" 200 2093 "https://www.ai-news.lmu.de/subscribe/" "Mozilla/5.0 (Windows NT 10.0; Win64; x64) AppleWebKit/537.36 (KHTML, like Gecko) Chrome/89.0.4389.91 Safari/537.36"
141.84.149.18 - - [03/Feb/2022:16:20:04 +0000] "GET /files/favicon.ico HTTP/1.1" 200 7751 "https://www.ai-news.lmu.de/subscribe/" "Mozilla/5.0 (Windows NT 10.0; Win64; x64) AppleWebKit/537.36 (KHTML, like Gecko) Chrome/89.0.4389.91 Safari/537.36"
141.84.149.18 - - [03/Feb/2022:16:20:04 +0000] "GET /files/favicon.ico HTTP/1.1" 200 7751 "-" "Mozilla/5.0 (Windows NT 10.0; Win64; x64) AppleWebKit/537.36 (KHTML, like Gecko) Chrome/89.0.4389.91 Safari/537.36"
141.84.149.18 - - [03/Feb/2022:16:20:04 +0000] "GET /files/favicon.ico HTTP/1.1" 200 7751 "-" "Mozilla/5.0 (Windows NT 10.0; Win64; x64) AppleWebKit/537.36 (KHTML, like Gecko) Chrome/89.0.4389.91 Safari/537.36"
208.115.199.23 - - [03/Feb/2022:16:21:00 +0000] "HEAD / HTTP/1.1" 200 5513 "https://www.ai-news.lmu.de/" "Mozilla/5.0+(compatible; UptimeRobot/2.0; http://www.uptimerobot.com/)"
91.37.222.66 - - [03/Feb/2022:16:21:11 +0000] "GET /newsletter/1 HTTP/1.1" 301 5850 "https://t.co/" "Mozilla/5.0 (Linux; Android 7.0; Redmi Note 4) AppleWebKit/537.36 (KHTML, like Gecko) Chrome/97.0.4692.98 Mobile Safari/537.36"
178.3.48.33 - - [03/Feb/2022:16:22:08 +0000] "GET / HTTP/1.1" 200 10616 "-" "Mozilla/5.0 (Linux; Android 10; HarmonyOS; HLK-AL00; HMSCore 6.3.0.327; GMSCore 20.47.14) AppleWebKit/537.36 (KHTML, like Gecko) Chrome/92.0.4515.105 HuaweiBrowser/12.0.3.310 Mobile Safari/537.36"
178.3.48.33 - - [03/Feb/2022:16:22:08 +0000] "GET /fonts/roboto-v18-latin-300.woff2 HTTP/1.1" 200 15772 "https://www.ai-news.lmu.de/" "Mozilla/5.0 (Linux; Android 10; HarmonyOS; HLK-AL00; HMSCore 6.3.0.327; GMSCore 20.47.14) AppleWebKit/537.36 (KHTML, like Gecko) Chrome/92.0.4515.105 HuaweiBrowser/12.0.3.310 Mobile Safari/537.36"
178.3.48.33 - - [03/Feb/2022:16:22:08 +0000] "GET /fonts/roboto-v18-latin-regular.woff2 HTTP/1.1" 200 20881 "https://www.ai-news.lmu.de/" "Mozilla/5.0 (Linux; Android 10; HarmonyOS; HLK-AL00; HMSCore 6.3.0.327; GMSCore 20.47.14) AppleWebKit/537.36 (KHTML, like Gecko) Chrome/92.0.4515.105 HuaweiBrowser/12.0.3.310 Mobile Safari/537.36"
178.3.48.33 - - [03/Feb/2022:16:22:08 +0000] "GET /fonts/roboto-v18-latin-italic.woff2 HTTP/1.1" 200 17298 "https://www.ai-news.lmu.de/" "Mozilla/5.0 (Linux; Android 10; HarmonyOS; HLK-AL00; HMSCore 6.3.0.327; GMSCore 20.47.14) AppleWebKit/537.36 (KHTML, like Gecko) Chrome/92.0.4515.105 HuaweiBrowser/12.0.3.310 Mobile Safari/537.36"
178.3.48.33 - - [03/Feb/2022:16:22:08 +0000] "GET /files/app.bundle.css HTTP/1.1" 200 92548 "https://www.ai-news.lmu.de/" "Mozilla/5.0 (Linux; Android 10; HarmonyOS; HLK-AL00; HMSCore 6.3.0.327; GMSCore 20.47.14) AppleWebKit/537.36 (KHTML, like Gecko) Chrome/92.0.4515.105 HuaweiBrowser/12.0.3.310 Mobile Safari/537.36"
178.3.48.33 - - [03/Feb/2022:16:22:08 +0000] "GET /fonts/roboto-v18-latin-700.woff2 HTTP/1.1" 200 16332 "https://www.ai-news.lmu.de/" "Mozilla/5.0 (Linux; Android 10; HarmonyOS; HLK-AL00; HMSCore 6.3.0.327; GMSCore 20.47.14) AppleWebKit/537.36 (KHTML, like Gecko) Chrome/92.0.4515.105 HuaweiBrowser/12.0.3.310 Mobile Safari/537.36"
178.3.48.33 - - [03/Feb/2022:16:22:08 +0000] "GET /files/v2_6_10_vue_min.js HTTP/1.1" 200 39769 "https://www.ai-news.lmu.de/" "Mozilla/5.0 (Linux; Android 10; HarmonyOS; HLK-AL00; HMSCore 6.3.0.327; GMSCore 20.47.14) AppleWebKit/537.36 (KHTML, like Gecko) Chrome/92.0.4515.105 HuaweiBrowser/12.0.3.310 Mobile Safari/537.36"
178.3.48.33 - - [03/Feb/2022:16:22:08 +0000] "GET /files/jquery-3.5.1.min.js HTTP/1.1" 200 31959 "https://www.ai-news.lmu.de/" "Mozilla/5.0 (Linux; Android 10; HarmonyOS; HLK-AL00; HMSCore 6.3.0.327; GMSCore 20.47.14) AppleWebKit/537.36 (KHTML, like Gecko) Chrome/92.0.4515.105 HuaweiBrowser/12.0.3.310 Mobile Safari/537.36"
178.3.48.33 - - [03/Feb/2022:16:22:08 +0000] "GET /files/v3_1_0_vuex.min.js HTTP/1.1" 200 9487 "https://www.ai-news.lmu.de/" "Mozilla/5.0 (Linux; Android 10; HarmonyOS; HLK-AL00; HMSCore 6.3.0.327; GMSCore 20.47.14) AppleWebKit/537.36 (KHTML, like Gecko) Chrome/92.0.4515.105 HuaweiBrowser/12.0.3.310 Mobile Safari/537.36"
178.3.48.33 - - [03/Feb/2022:16:22:08 +0000] "GET /files/v4_2_6_es6-promise_auto.min.js HTTP/1.1" 200 2785 "https://www.ai-news.lmu.de/" "Mozilla/5.0 (Linux; Android 10; HarmonyOS; HLK-AL00; HMSCore 6.3.0.327; GMSCore 20.47.14) AppleWebKit/537.36 (KHTML, like Gecko) Chrome/92.0.4515.105 HuaweiBrowser/12.0.3.310 Mobile Safari/537.36"
178.3.48.33 - - [03/Feb/2022:16:22:08 +0000] "GET /files/v0_18_0_axios.min.js HTTP/1.1" 200 4855 "https://www.ai-news.lmu.de/" "Mozilla/5.0 (Linux; Android 10; HarmonyOS; HLK-AL00; HMSCore 6.3.0.327; GMSCore 20.47.14) AppleWebKit/537.36 (KHTML, like Gecko) Chrome/92.0.4515.105 HuaweiBrowser/12.0.3.310 Mobile Safari/537.36"
178.3.48.33 - - [03/Feb/2022:16:22:08 +0000] "GET /files/vendors-app.bundle.js HTTP/1.1" 200 40005 "https://www.ai-news.lmu.de/" "Mozilla/5.0 (Linux; Android 10; HarmonyOS; HLK-AL00; HMSCore 6.3.0.327; GMSCore 20.47.14) AppleWebKit/537.36 (KHTML, like Gecko) Chrome/92.0.4515.105 HuaweiBrowser/12.0.3.310 Mobile Safari/537.36"
178.3.48.33 - - [03/Feb/2022:16:22:08 +0000] "GET /files/runtime.bundle.js HTTP/1.1" 200 1087 "https://www.ai-news.lmu.de/" "Mozilla/5.0 (Linux; Android 10; HarmonyOS; HLK-AL00; HMSCore 6.3.0.327; GMSCore 20.47.14) AppleWebKit/537.36 (KHTML, like Gecko) Chrome/92.0.4515.105 HuaweiBrowser/12.0.3.310 Mobile Safari/537.36"
178.3.48.33 - - [03/Feb/2022:16:22:08 +0000] "GET /files/app.bundle.js HTTP/1.1" 200 59193 "https://www.ai-news.lmu.de/" "Mozilla/5.0 (Linux; Android 10; HarmonyOS; HLK-AL00; HMSCore 6.3.0.327; GMSCore 20.47.14) AppleWebKit/537.36 (KHTML, like Gecko) Chrome/92.0.4515.105 HuaweiBrowser/12.0.3.310 Mobile Safari/537.36"
178.3.48.33 - - [03/Feb/2022:16:22:08 +0000] "GET /files/Logo_LMU.svg HTTP/1.1" 200 19647 "https://www.ai-news.lmu.de/" "Mozilla/5.0 (Linux; Android 10; HarmonyOS; HLK-AL00; HMSCore 6.3.0.327; GMSCore 20.47.14) AppleWebKit/537.36 (KHTML, like Gecko) Chrome/92.0.4515.105 HuaweiBrowser/12.0.3.310 Mobile Safari/537.36"
178.3.48.33 - - [03/Feb/2022:16:22:08 +0000] "GET /files/bundle.vue.js HTTP/1.1" 200 39272 "https://www.ai-news.lmu.de/" "Mozilla/5.0 (Linux; Android 10; HarmonyOS; HLK-AL00; HMSCore 6.3.0.327; GMSCore 20.47.14) AppleWebKit/537.36 (KHTML, like Gecko) Chrome/92.0.4515.105 HuaweiBrowser/12.0.3.310 Mobile Safari/537.36"
178.3.48.33 - - [03/Feb/2022:16:22:08 +0000] "GET /files/conference.jpg HTTP/1.1" 200 201921 "https://www.ai-news.lmu.de/" "Mozilla/5.0 (Linux; Android 10; HarmonyOS; HLK-AL00; HMSCore 6.3.0.327; GMSCore 20.47.14) AppleWebKit/537.36 (KHTML, like Gecko) Chrome/92.0.4515.105 HuaweiBrowser/12.0.3.310 Mobile Safari/537.36"
178.3.48.33 - - [03/Feb/2022:16:22:09 +0000] "GET /files/lights.png HTTP/1.1" 200 213269 "https://www.ai-news.lmu.de/" "Mozilla/5.0 (Linux; Android 10; HarmonyOS; HLK-AL00; HMSCore 6.3.0.327; GMSCore 20.47.14) AppleWebKit/537.36 (KHTML, like Gecko) Chrome/92.0.4515.105 HuaweiBrowser/12.0.3.310 Mobile Safari/537.36"
178.3.48.33 - - [03/Feb/2022:16:22:08 +0000] "GET /files/robot_small.jpg HTTP/1.1" 200 312073 "https://www.ai-news.lmu.de/" "Mozilla/5.0 (Linux; Android 10; HarmonyOS; HLK-AL00; HMSCore 6.3.0.327; GMSCore 20.47.14) AppleWebKit/537.36 (KHTML, like Gecko) Chrome/92.0.4515.105 HuaweiBrowser/12.0.3.310 Mobile Safari/537.36"
178.3.48.33 - - [03/Feb/2022:16:22:08 +0000] "GET /files/robot_back_small.jpg HTTP/1.1" 200 349911 "https://www.ai-news.lmu.de/" "Mozilla/5.0 (Linux; Android 10; HarmonyOS; HLK-AL00; HMSCore 6.3.0.327; GMSCore 20.47.14) AppleWebKit/537.36 (KHTML, like Gecko) Chrome/92.0.4515.105 HuaweiBrowser/12.0.3.310 Mobile Safari/537.36"
178.3.48.33 - - [03/Feb/2022:16:22:09 +0000] "GET /icons/sprites/sprites-sprite.svg HTTP/1.1" 200 83104 "https://www.ai-news.lmu.de/files/app.bundle.css" "Mozilla/5.0 (Linux; Android 10; HarmonyOS; HLK-AL00; HMSCore 6.3.0.327; GMSCore 20.47.14) AppleWebKit/537.36 (KHTML, like Gecko) Chrome/92.0.4515.105 HuaweiBrowser/12.0.3.310 Mobile Safari/537.36"
178.3.48.33 - - [03/Feb/2022:16:22:09 +0000] "GET /img/footer-bg.svg HTTP/1.1" 200 303040 "https://www.ai-news.lmu.de/files/app.bundle.css" "Mozilla/5.0 (Linux; Android 10; HarmonyOS; HLK-AL00; HMSCore 6.3.0.327; GMSCore 20.47.14) AppleWebKit/537.36 (KHTML, like Gecko) Chrome/92.0.4515.105 HuaweiBrowser/12.0.3.310 Mobile Safari/537.36"
178.3.48.33 - - [03/Feb/2022:16:22:10 +0000] "GET /files/standard-json-navigation-generating-site.json?nocache=1643905329188 HTTP/1.1" 200 2093 "https://www.ai-news.lmu.de/" "Mozilla/5.0 (Linux; Android 10; HarmonyOS; HLK-AL00; HMSCore 6.3.0.327; GMSCore 20.47.14) AppleWebKit/537.36 (KHTML, like Gecko) Chrome/92.0.4515.105 HuaweiBrowser/12.0.3.310 Mobile Safari/537.36"
178.3.48.33 - - [03/Feb/2022:16:22:10 +0000] "GET /files/favicon.ico HTTP/1.1" 200 7751 "https://www.ai-news.lmu.de/" "Mozilla/5.0 (Linux; Android 10; HarmonyOS; HLK-AL00; HMSCore 6.3.0.327; GMSCore 20.47.14) AppleWebKit/537.36 (KHTML, like Gecko) Chrome/92.0.4515.105 HuaweiBrowser/12.0.3.310 Mobile Safari/537.36"
27.115.124.45 - - [03/Feb/2022:16:25:41 +0000] "GET / HTTP/1.1" 200 10128 "http://baidu.com/" "Mozilla/5.0 (Linux; U; Android 8.1.0; zh-CN; EML-AL00 Build/HUAWEIEML-AL00) AppleWebKit/537.36 (KHTML, like Gecko) Version/4.0 Chrome/57.0.2987.108 baidu.sogo.uc.UCBrowser/11.9.4.974 UWS/2.13.1.48 Mobile Safari/537.36 AliApp(DingTalk/4.5.11) com.alibaba.android.rimet/10487439 Channel/227200 language/zh-CN"
27.115.124.45 - - [03/Feb/2022:16:25:41 +0000] "GET /fonts/roboto-v18-latin-300.woff2 HTTP/1.1" 200 15770 "https://www.ai-news.lmu.de/" "Mozilla/5.0 (Linux; U; Android 8.1.0; zh-CN; EML-AL00 Build/HUAWEIEML-AL00) AppleWebKit/537.36 (KHTML, like Gecko) Version/4.0 Chrome/57.0.2987.108 baidu.sogo.uc.UCBrowser/11.9.4.974 UWS/2.13.1.48 Mobile Safari/537.36 AliApp(DingTalk/4.5.11) com.alibaba.android.rimet/10487439 Channel/227200 language/zh-CN"
27.115.124.45 - - [03/Feb/2022:16:25:41 +0000] "GET /fonts/roboto-v18-latin-regular.woff2 HTTP/1.1" 200 20394 "https://www.ai-news.lmu.de/" "Mozilla/5.0 (Linux; U; Android 8.1.0; zh-CN; EML-AL00 Build/HUAWEIEML-AL00) AppleWebKit/537.36 (KHTML, like Gecko) Version/4.0 Chrome/57.0.2987.108 baidu.sogo.uc.UCBrowser/11.9.4.974 UWS/2.13.1.48 Mobile Safari/537.36 AliApp(DingTalk/4.5.11) com.alibaba.android.rimet/10487439 Channel/227200 language/zh-CN"
27.115.124.45 - - [03/Feb/2022:16:25:41 +0000] "GET /fonts/roboto-v18-latin-italic.woff2 HTTP/1.1" 200 17295 "https://www.ai-news.lmu.de/" "Mozilla/5.0 (Linux; U; Android 8.1.0; zh-CN; EML-AL00 Build/HUAWEIEML-AL00) AppleWebKit/537.36 (KHTML, like Gecko) Version/4.0 Chrome/57.0.2987.108 baidu.sogo.uc.UCBrowser/11.9.4.974 UWS/2.13.1.48 Mobile Safari/537.36 AliApp(DingTalk/4.5.11) com.alibaba.android.rimet/10487439 Channel/227200 language/zh-CN"
27.115.124.45 - - [03/Feb/2022:16:25:42 +0000] "GET /fonts/roboto-v18-latin-700.woff2 HTTP/1.1" 200 15766 "https://www.ai-news.lmu.de/" "Mozilla/5.0 (Linux; U; Android 8.1.0; zh-CN; EML-AL00 Build/HUAWEIEML-AL00) AppleWebKit/537.36 (KHTML, like Gecko) Version/4.0 Chrome/57.0.2987.108 baidu.sogo.uc.UCBrowser/11.9.4.974 UWS/2.13.1.48 Mobile Safari/537.36 AliApp(DingTalk/4.5.11) com.alibaba.android.rimet/10487439 Channel/227200 language/zh-CN"
27.115.124.45 - - [03/Feb/2022:16:25:42 +0000] "GET /files/v3_1_0_vuex.min.js HTTP/1.1" 200 4279 "https://www.ai-news.lmu.de/" "Mozilla/5.0 (Linux; U; Android 8.1.0; zh-CN; EML-AL00 Build/HUAWEIEML-AL00) AppleWebKit/537.36 (KHTML, like Gecko) Version/4.0 Chrome/57.0.2987.108 baidu.sogo.uc.UCBrowser/11.9.4.974 UWS/2.13.1.48 Mobile Safari/537.36 AliApp(DingTalk/4.5.11) com.alibaba.android.rimet/10487439 Channel/227200 language/zh-CN"
27.115.124.6 - - [03/Feb/2022:16:25:42 +0000] "GET /files/v2_6_10_vue_min.js HTTP/1.1" 200 34706 "https://www.ai-news.lmu.de/" "Mozilla/5.0 (Linux; U; Android 8.1.0; zh-CN; EML-AL00 Build/HUAWEIEML-AL00) AppleWebKit/537.36 (KHTML, like Gecko) Version/4.0 Chrome/57.0.2987.108 baidu.sogo.uc.UCBrowser/11.9.4.974 UWS/2.13.1.48 Mobile Safari/537.36 AliApp(DingTalk/4.5.11) com.alibaba.android.rimet/10487439 Channel/227200 language/zh-CN"
27.115.124.6 - - [03/Feb/2022:16:25:41 +0000] "GET /files/app.bundle.css HTTP/1.1" 200 92667 "https://www.ai-news.lmu.de/" "Mozilla/5.0 (Linux; U; Android 8.1.0; zh-CN; EML-AL00 Build/HUAWEIEML-AL00) AppleWebKit/537.36 (KHTML, like Gecko) Version/4.0 Chrome/57.0.2987.108 baidu.sogo.uc.UCBrowser/11.9.4.974 UWS/2.13.1.48 Mobile Safari/537.36 AliApp(DingTalk/4.5.11) com.alibaba.android.rimet/10487439 Channel/227200 language/zh-CN"
27.115.124.45 - - [03/Feb/2022:16:25:42 +0000] "GET /files/v4_2_6_es6-promise_auto.min.js HTTP/1.1" 200 2782 "https://www.ai-news.lmu.de/" "Mozilla/5.0 (Linux; U; Android 8.1.0; zh-CN; EML-AL00 Build/HUAWEIEML-AL00) AppleWebKit/537.36 (KHTML, like Gecko) Version/4.0 Chrome/57.0.2987.108 baidu.sogo.uc.UCBrowser/11.9.4.974 UWS/2.13.1.48 Mobile Safari/537.36 AliApp(DingTalk/4.5.11) com.alibaba.android.rimet/10487439 Channel/227200 language/zh-CN"
27.115.124.45 - - [03/Feb/2022:16:25:42 +0000] "GET /files/v0_18_0_axios.min.js HTTP/1.1" 200 4852 "https://www.ai-news.lmu.de/" "Mozilla/5.0 (Linux; U; Android 8.1.0; zh-CN; EML-AL00 Build/HUAWEIEML-AL00) AppleWebKit/537.36 (KHTML, like Gecko) Version/4.0 Chrome/57.0.2987.108 baidu.sogo.uc.UCBrowser/11.9.4.974 UWS/2.13.1.48 Mobile Safari/537.36 AliApp(DingTalk/4.5.11) com.alibaba.android.rimet/10487439 Channel/227200 language/zh-CN"
27.115.124.6 - - [03/Feb/2022:16:25:43 +0000] "GET /files/vendors-app.bundle.js HTTP/1.1" 200 39998 "https://www.ai-news.lmu.de/" "Mozilla/5.0 (Linux; U; Android 8.1.0; zh-CN; EML-AL00 Build/HUAWEIEML-AL00) AppleWebKit/537.36 (KHTML, like Gecko) Version/4.0 Chrome/57.0.2987.108 baidu.sogo.uc.UCBrowser/11.9.4.974 UWS/2.13.1.48 Mobile Safari/537.36 AliApp(DingTalk/4.5.11) com.alibaba.android.rimet/10487439 Channel/227200 language/zh-CN"
