208.115.199.23 - - [03/Feb/2022:11:11:00 +0000] "HEAD / HTTP/1.1" 200 5513 "https://www.ai-news.lmu.de/" "Mozilla/5.0+(compatible; UptimeRobot/2.0; http://www.uptimerobot.com/)"
141.40.252.102 - - [03/Feb/2022:11:13:01 +0000] "GET /feed.xml HTTP/1.1" 304 5408 "-" "Mozilla/5.0 (Windows NT 10.0; Win64; x64; rv:91.0) Gecko/20100101 Thunderbird/91.5.1"
208.115.199.23 - - [03/Feb/2022:11:16:00 +0000] "HEAD / HTTP/1.1" 200 5513 "https://www.ai-news.lmu.de/" "Mozilla/5.0+(compatible; UptimeRobot/2.0; http://www.uptimerobot.com/)"
77.3.176.205 - - [03/Feb/2022:11:16:54 +0000] "GET /feed.xml HTTP/1.1" 304 5408 "-" "Mozilla/5.0 (Windows NT 10.0; Win64; x64; rv:91.0) Gecko/20100101 Thunderbird/91.5.1"
208.115.199.23 - - [03/Feb/2022:11:21:00 +0000] "HEAD / HTTP/1.1" 200 5513 "https://www.ai-news.lmu.de/" "Mozilla/5.0+(compatible; UptimeRobot/2.0; http://www.uptimerobot.com/)"
208.78.220.107 - - [03/Feb/2022:11:22:18 +0000] "GET /.env HTTP/1.1" 404 5635 "-" "Mozilla/5.0 (X11; Linux x86_64) AppleWebKit/537.36 (KHTML, like Gecko) Chrome/81.0.4044.129 Safari/537.36"
208.78.220.107 - - [03/Feb/2022:11:22:23 +0000] "POST / HTTP/1.1" 200 10533 "-" "Mozilla/5.0 (X11; Linux x86_64) AppleWebKit/537.36 (KHTML, like Gecko) Chrome/81.0.4044.129 Safari/537.36"
77.3.176.205 - - [03/Feb/2022:11:23:50 +0000] "GET /feed.xml HTTP/1.1" 304 5408 "-" "Mozilla/5.0 (Windows NT 10.0; Win64; x64; rv:91.0) Gecko/20100101 Thunderbird/91.5.1"
208.115.199.23 - - [03/Feb/2022:11:26:00 +0000] "HEAD / HTTP/1.1" 200 5513 "https://www.ai-news.lmu.de/" "Mozilla/5.0+(compatible; UptimeRobot/2.0; http://www.uptimerobot.com/)"
77.3.176.205 - - [03/Feb/2022:11:30:18 +0000] "GET /calendar.ics HTTP/1.1" 304 5408 "-" "Mozilla/5.0 (Windows NT 10.0; Win64; x64; rv:91.0) Gecko/20100101 Thunderbird/91.5.1"
208.115.199.23 - - [03/Feb/2022:11:31:00 +0000] "HEAD / HTTP/1.1" 200 5513 "https://www.ai-news.lmu.de/" "Mozilla/5.0+(compatible; UptimeRobot/2.0; http://www.uptimerobot.com/)"
64.62.197.152 - - [03/Feb/2022:11:34:35 +0000] "GET / HTTP/1.1" 200 25986 "-" "-"
208.115.199.23 - - [03/Feb/2022:11:36:00 +0000] "HEAD / HTTP/1.1" 200 5513 "https://www.ai-news.lmu.de/" "Mozilla/5.0+(compatible; UptimeRobot/2.0; http://www.uptimerobot.com/)"
141.84.50.2 - - [03/Feb/2022:11:39:57 +0000] "GET /submission HTTP/1.1" 301 5832 "https://www.ai-news.lmu.de/people/" "Mozilla/5.0 (X11; Ubuntu; Linux x86_64; rv:96.0) Gecko/20100101 Firefox/96.0"
141.84.50.2 - - [03/Feb/2022:11:39:57 +0000] "GET /submission/ HTTP/1.1" 200 5663 "https://www.ai-news.lmu.de/people/" "Mozilla/5.0 (X11; Ubuntu; Linux x86_64; rv:96.0) Gecko/20100101 Firefox/96.0"
141.84.50.2 - - [03/Feb/2022:11:39:57 +0000] "GET /fonts/roboto-v18-latin-300.woff2 HTTP/1.1" 200 15772 "https://www.ai-news.lmu.de/submission/" "Mozilla/5.0 (X11; Ubuntu; Linux x86_64; rv:96.0) Gecko/20100101 Firefox/96.0"
141.84.50.2 - - [03/Feb/2022:11:39:57 +0000] "GET /files/standard-json-navigation-generating-site.json?nocache=1643888397284 HTTP/1.1" 200 2657 "https://www.ai-news.lmu.de/submission/" "Mozilla/5.0 (X11; Ubuntu; Linux x86_64; rv:96.0) Gecko/20100101 Firefox/96.0"
138.246.3.232 - - [03/Feb/2022:11:39:58 +0000] "GET / HTTP/1.1" 200 10616 "https://www.lmu.de/" "Mozilla/5.0 (Macintosh; Intel Mac OS X 10.15; rv:96.0) Gecko/20100101 Firefox/96.0"
138.246.3.232 - - [03/Feb/2022:11:39:58 +0000] "GET /fonts/roboto-v18-latin-300.woff2 HTTP/1.1" 200 15772 "https://www.ai-news.lmu.de/" "Mozilla/5.0 (Macintosh; Intel Mac OS X 10.15; rv:96.0) Gecko/20100101 Firefox/96.0"
138.246.3.232 - - [03/Feb/2022:11:39:58 +0000] "GET /fonts/roboto-v18-latin-regular.woff2 HTTP/1.1" 200 15676 "https://www.ai-news.lmu.de/" "Mozilla/5.0 (Macintosh; Intel Mac OS X 10.15; rv:96.0) Gecko/20100101 Firefox/96.0"
138.246.3.232 - - [03/Feb/2022:11:39:58 +0000] "GET /fonts/roboto-v18-latin-italic.woff2 HTTP/1.1" 200 17862 "https://www.ai-news.lmu.de/" "Mozilla/5.0 (Macintosh; Intel Mac OS X 10.15; rv:96.0) Gecko/20100101 Firefox/96.0"
138.246.3.232 - - [03/Feb/2022:11:39:58 +0000] "GET /fonts/roboto-v18-latin-700.woff2 HTTP/1.1" 200 16332 "https://www.ai-news.lmu.de/" "Mozilla/5.0 (Macintosh; Intel Mac OS X 10.15; rv:96.0) Gecko/20100101 Firefox/96.0"
138.246.3.232 - - [03/Feb/2022:11:39:58 +0000] "GET /files/app.bundle.css HTTP/1.1" 200 92548 "https://www.ai-news.lmu.de/" "Mozilla/5.0 (Macintosh; Intel Mac OS X 10.15; rv:96.0) Gecko/20100101 Firefox/96.0"
138.246.3.232 - - [03/Feb/2022:11:39:58 +0000] "GET /files/jquery-3.5.1.min.js HTTP/1.1" 200 31959 "https://www.ai-news.lmu.de/" "Mozilla/5.0 (Macintosh; Intel Mac OS X 10.15; rv:96.0) Gecko/20100101 Firefox/96.0"
138.246.3.232 - - [03/Feb/2022:11:39:58 +0000] "GET /files/v3_1_0_vuex.min.js HTTP/1.1" 200 4846 "https://www.ai-news.lmu.de/" "Mozilla/5.0 (Macintosh; Intel Mac OS X 10.15; rv:96.0) Gecko/20100101 Firefox/96.0"
138.246.3.232 - - [03/Feb/2022:11:39:58 +0000] "GET /files/v2_6_10_vue_min.js HTTP/1.1" 200 35128 "https://www.ai-news.lmu.de/" "Mozilla/5.0 (Macintosh; Intel Mac OS X 10.15; rv:96.0) Gecko/20100101 Firefox/96.0"
138.246.3.232 - - [03/Feb/2022:11:39:58 +0000] "GET /files/v4_2_6_es6-promise_auto.min.js HTTP/1.1" 200 2785 "https://www.ai-news.lmu.de/" "Mozilla/5.0 (Macintosh; Intel Mac OS X 10.15; rv:96.0) Gecko/20100101 Firefox/96.0"
138.246.3.232 - - [03/Feb/2022:11:39:58 +0000] "GET /files/v0_18_0_axios.min.js HTTP/1.1" 200 4855 "https://www.ai-news.lmu.de/" "Mozilla/5.0 (Macintosh; Intel Mac OS X 10.15; rv:96.0) Gecko/20100101 Firefox/96.0"
138.246.3.232 - - [03/Feb/2022:11:39:58 +0000] "GET /files/runtime.bundle.js HTTP/1.1" 200 1087 "https://www.ai-news.lmu.de/" "Mozilla/5.0 (Macintosh; Intel Mac OS X 10.15; rv:96.0) Gecko/20100101 Firefox/96.0"
138.246.3.232 - - [03/Feb/2022:11:39:58 +0000] "GET /files/vendors-app.bundle.js HTTP/1.1" 200 40005 "https://www.ai-news.lmu.de/" "Mozilla/5.0 (Macintosh; Intel Mac OS X 10.15; rv:96.0) Gecko/20100101 Firefox/96.0"
138.246.3.232 - - [03/Feb/2022:11:39:58 +0000] "GET /files/bundle.vue.js HTTP/1.1" 200 39272 "https://www.ai-news.lmu.de/" "Mozilla/5.0 (Macintosh; Intel Mac OS X 10.15; rv:96.0) Gecko/20100101 Firefox/96.0"
138.246.3.232 - - [03/Feb/2022:11:39:58 +0000] "GET /files/app.bundle.js HTTP/1.1" 200 59193 "https://www.ai-news.lmu.de/" "Mozilla/5.0 (Macintosh; Intel Mac OS X 10.15; rv:96.0) Gecko/20100101 Firefox/96.0"
138.246.3.232 - - [03/Feb/2022:11:39:58 +0000] "GET /files/conference.jpg HTTP/1.1" 200 201921 "https://www.ai-news.lmu.de/" "Mozilla/5.0 (Macintosh; Intel Mac OS X 10.15; rv:96.0) Gecko/20100101 Firefox/96.0"
138.246.3.232 - - [03/Feb/2022:11:39:58 +0000] "GET /files/robot_small.jpg HTTP/1.1" 200 312073 "https://www.ai-news.lmu.de/" "Mozilla/5.0 (Macintosh; Intel Mac OS X 10.15; rv:96.0) Gecko/20100101 Firefox/96.0"
138.246.3.232 - - [03/Feb/2022:11:39:58 +0000] "GET /files/robot_back_small.jpg HTTP/1.1" 200 349911 "https://www.ai-news.lmu.de/" "Mozilla/5.0 (Macintosh; Intel Mac OS X 10.15; rv:96.0) Gecko/20100101 Firefox/96.0"
138.246.3.232 - - [03/Feb/2022:11:39:58 +0000] "GET /files/lights.png HTTP/1.1" 200 213269 "https://www.ai-news.lmu.de/" "Mozilla/5.0 (Macintosh; Intel Mac OS X 10.15; rv:96.0) Gecko/20100101 Firefox/96.0"
138.246.3.232 - - [03/Feb/2022:11:39:58 +0000] "GET /files/Logo_LMU.svg HTTP/1.1" 200 19647 "https://www.ai-news.lmu.de/" "Mozilla/5.0 (Macintosh; Intel Mac OS X 10.15; rv:96.0) Gecko/20100101 Firefox/96.0"
138.246.3.232 - - [03/Feb/2022:11:39:58 +0000] "GET /icons/sprites/sprites-sprite.svg HTTP/1.1" 200 83104 "https://www.ai-news.lmu.de/files/app.bundle.css" "Mozilla/5.0 (Macintosh; Intel Mac OS X 10.15; rv:96.0) Gecko/20100101 Firefox/96.0"
138.246.3.232 - - [03/Feb/2022:11:39:58 +0000] "GET /img/footer-bg.svg HTTP/1.1" 200 303040 "https://www.ai-news.lmu.de/files/app.bundle.css" "Mozilla/5.0 (Macintosh; Intel Mac OS X 10.15; rv:96.0) Gecko/20100101 Firefox/96.0"
138.246.3.232 - - [03/Feb/2022:11:39:58 +0000] "GET /files/favicon.ico HTTP/1.1" 200 7751 "https://www.ai-news.lmu.de/" "Mozilla/5.0 (Macintosh; Intel Mac OS X 10.15; rv:96.0) Gecko/20100101 Firefox/96.0"
138.246.3.232 - - [03/Feb/2022:11:39:58 +0000] "GET /files/standard-json-navigation-generating-site.json?nocache=1643888398344 HTTP/1.1" 200 2093 "https://www.ai-news.lmu.de/" "Mozilla/5.0 (Macintosh; Intel Mac OS X 10.15; rv:96.0) Gecko/20100101 Firefox/96.0"
138.246.3.232 - - [03/Feb/2022:11:40:08 +0000] "GET /people HTTP/1.1" 301 1183 "https://www.ai-news.lmu.de/" "Mozilla/5.0 (Macintosh; Intel Mac OS X 10.15; rv:96.0) Gecko/20100101 Firefox/96.0"
138.246.3.232 - - [03/Feb/2022:11:40:08 +0000] "GET /people/ HTTP/1.1" 200 11462 "https://www.ai-news.lmu.de/" "Mozilla/5.0 (Macintosh; Intel Mac OS X 10.15; rv:96.0) Gecko/20100101 Firefox/96.0"
138.246.3.232 - - [03/Feb/2022:11:40:08 +0000] "GET /fonts/roboto-v18-latin-700.woff2 HTTP/1.1" 200 15768 "https://www.ai-news.lmu.de/people/" "Mozilla/5.0 (Macintosh; Intel Mac OS X 10.15; rv:96.0) Gecko/20100101 Firefox/96.0"
138.246.3.232 - - [03/Feb/2022:11:40:08 +0000] "GET /files/2021_10_06lmu0217_Oliver%20Falck_s.jpg HTTP/1.1" 200 134706 "https://www.ai-news.lmu.de/people/" "Mozilla/5.0 (Macintosh; Intel Mac OS X 10.15; rv:96.0) Gecko/20100101 Firefox/96.0"
138.246.3.232 - - [03/Feb/2022:11:40:08 +0000] "GET /files/2021_12_01lmu0566_Feuerriegel_S.jpg HTTP/1.1" 200 25603 "https://www.ai-news.lmu.de/people/" "Mozilla/5.0 (Macintosh; Intel Mac OS X 10.15; rv:96.0) Gecko/20100101 Firefox/96.0"
138.246.3.232 - - [03/Feb/2022:11:40:08 +0000] "GET /files/gruen-daniel-now_1_1_format_m.jpg HTTP/1.1" 200 33308 "https://www.ai-news.lmu.de/people/" "Mozilla/5.0 (Macintosh; Intel Mac OS X 10.15; rv:96.0) Gecko/20100101 Firefox/96.0"
138.246.3.232 - - [03/Feb/2022:11:40:08 +0000] "GET /files/Butz_small.jpg HTTP/1.1" 200 85952 "https://www.ai-news.lmu.de/people/" "Mozilla/5.0 (Macintosh; Intel Mac OS X 10.15; rv:96.0) Gecko/20100101 Firefox/96.0"
138.246.3.232 - - [03/Feb/2022:11:40:08 +0000] "GET /files/bernd.jpg HTTP/1.1" 200 13545 "https://www.ai-news.lmu.de/people/" "Mozilla/5.0 (Macintosh; Intel Mac OS X 10.15; rv:96.0) Gecko/20100101 Firefox/96.0"
138.246.3.232 - - [03/Feb/2022:11:40:08 +0000] "GET /files/christian-boehm-2_s.jpg HTTP/1.1" 200 337451 "https://www.ai-news.lmu.de/people/" "Mozilla/5.0 (Macintosh; Intel Mac OS X 10.15; rv:96.0) Gecko/20100101 Firefox/96.0"
138.246.3.232 - - [03/Feb/2022:11:40:08 +0000] "GET /files/haim-s.jpg HTTP/1.1" 200 192656 "https://www.ai-news.lmu.de/people/" "Mozilla/5.0 (Macintosh; Intel Mac OS X 10.15; rv:96.0) Gecko/20100101 Firefox/96.0"
138.246.3.232 - - [03/Feb/2022:11:40:08 +0000] "GET /files/brosius_leger.jpg HTTP/1.1" 200 239362 "https://www.ai-news.lmu.de/people/" "Mozilla/5.0 (Macintosh; Intel Mac OS X 10.15; rv:96.0) Gecko/20100101 Firefox/96.0"
138.246.3.232 - - [03/Feb/2022:11:40:08 +0000] "GET /files/2021_11_24lmu1034_Hess_.jpg HTTP/1.1" 200 134014 "https://www.ai-news.lmu.de/people/" "Mozilla/5.0 (Macintosh; Intel Mac OS X 10.15; rv:96.0) Gecko/20100101 Firefox/96.0"
138.246.3.232 - - [03/Feb/2022:11:40:08 +0000] "GET /files/SHartmann%20low%20res.jpg HTTP/1.1" 200 247161 "https://www.ai-news.lmu.de/people/" "Mozilla/5.0 (Macintosh; Intel Mac OS X 10.15; rv:96.0) Gecko/20100101 Firefox/96.0"
138.246.3.232 - - [03/Feb/2022:11:40:08 +0000] "GET /files/huellermeier2.jpg HTTP/1.1" 200 57785 "https://www.ai-news.lmu.de/people/" "Mozilla/5.0 (Macintosh; Intel Mac OS X 10.15; rv:96.0) Gecko/20100101 Firefox/96.0"
138.246.3.232 - - [03/Feb/2022:11:40:08 +0000] "GET /files/heinerigel.jpg HTTP/1.1" 200 21356 "https://www.ai-news.lmu.de/people/" "Mozilla/5.0 (Macintosh; Intel Mac OS X 10.15; rv:96.0) Gecko/20100101 Firefox/96.0"
138.246.3.232 - - [03/Feb/2022:11:40:08 +0000] "GET /files/EnriqueJimenez.jpg HTTP/1.1" 200 175488 "https://www.ai-news.lmu.de/people/" "Mozilla/5.0 (Macintosh; Intel Mac OS X 10.15; rv:96.0) Gecko/20100101 Firefox/96.0"
138.246.3.232 - - [03/Feb/2022:11:40:08 +0000] "GET /files/Weller.jpg HTTP/1.1" 200 83554 "https://www.ai-news.lmu.de/people/" "Mozilla/5.0 (Macintosh; Intel Mac OS X 10.15; rv:96.0) Gecko/20100101 Firefox/96.0"
138.246.3.232 - - [03/Feb/2022:11:40:08 +0000] "GET /files/kau.jpg HTTP/1.1" 200 153043 "https://www.ai-news.lmu.de/people/" "Mozilla/5.0 (Macintosh; Intel Mac OS X 10.15; rv:96.0) Gecko/20100101 Firefox/96.0"
138.246.3.232 - - [03/Feb/2022:11:40:08 +0000] "GET /files/Ingrisch%20Michael.JPG HTTP/1.1" 200 548413 "https://www.ai-news.lmu.de/people/" "Mozilla/5.0 (Macintosh; Intel Mac OS X 10.15; rv:96.0) Gecko/20100101 Firefox/96.0"
138.246.3.232 - - [03/Feb/2022:11:40:08 +0000] "GET /files/photo_InesHelm_2021.jpg HTTP/1.1" 200 384909 "https://www.ai-news.lmu.de/people/" "Mozilla/5.0 (Macintosh; Intel Mac OS X 10.15; rv:96.0) Gecko/20100101 Firefox/96.0"
138.246.3.232 - - [03/Feb/2022:11:40:08 +0000] "GET /files/winter_joachim.jpg HTTP/1.1" 200 25281 "https://www.ai-news.lmu.de/people/" "Mozilla/5.0 (Macintosh; Intel Mac OS X 10.15; rv:96.0) Gecko/20100101 Firefox/96.0"
138.246.3.232 - - [03/Feb/2022:11:40:08 +0000] "GET /files/JPK_NIK_0265.jpeg HTTP/1.1" 200 46892 "https://www.ai-news.lmu.de/people/" "Mozilla/5.0 (Macintosh; Intel Mac OS X 10.15; rv:96.0) Gecko/20100101 Firefox/96.0"
138.246.3.232 - - [03/Feb/2022:11:40:08 +0000] "GET /files/FK_MBS_c.jpg HTTP/1.1" 200 90691 "https://www.ai-news.lmu.de/people/" "Mozilla/5.0 (Macintosh; Intel Mac OS X 10.15; rv:96.0) Gecko/20100101 Firefox/96.0"
138.246.3.232 - - [03/Feb/2022:11:40:08 +0000] "GET /files/2021_12_01lmu0760_s.jpg HTTP/1.1" 200 193426 "https://www.ai-news.lmu.de/people/" "Mozilla/5.0 (Macintosh; Intel Mac OS X 10.15; rv:96.0) Gecko/20100101 Firefox/96.0"
138.246.3.232 - - [03/Feb/2022:11:40:08 +0000] "GET /files/picture_1_1_format_m.jpg HTTP/1.1" 200 38649 "https://www.ai-news.lmu.de/people/" "Mozilla/5.0 (Macintosh; Intel Mac OS X 10.15; rv:96.0) Gecko/20100101 Firefox/96.0"
138.246.3.232 - - [03/Feb/2022:11:40:08 +0000] "GET /files/gitta_2.jpg HTTP/1.1" 200 21725 "https://www.ai-news.lmu.de/people/" "Mozilla/5.0 (Macintosh; Intel Mac OS X 10.15; rv:96.0) Gecko/20100101 Firefox/96.0"
138.246.3.232 - - [03/Feb/2022:11:40:08 +0000] "GET /files/DSC_6513_s.jpg HTTP/1.1" 200 205817 "https://www.ai-news.lmu.de/people/" "Mozilla/5.0 (Macintosh; Intel Mac OS X 10.15; rv:96.0) Gecko/20100101 Firefox/96.0"
138.246.3.232 - - [03/Feb/2022:11:40:08 +0000] "GET /files/seid.jpg HTTP/1.1" 200 323380 "https://www.ai-news.lmu.de/people/" "Mozilla/5.0 (Macintosh; Intel Mac OS X 10.15; rv:96.0) Gecko/20100101 Firefox/96.0"
138.246.3.232 - - [03/Feb/2022:11:40:08 +0000] "GET /files/Leitgeb.jpg HTTP/1.1" 200 49776 "https://www.ai-news.lmu.de/people/" "Mozilla/5.0 (Macintosh; Intel Mac OS X 10.15; rv:96.0) Gecko/20100101 Firefox/96.0"
138.246.3.232 - - [03/Feb/2022:11:40:08 +0000] "GET /files/ListPhoto.jpg HTTP/1.1" 200 75996 "https://www.ai-news.lmu.de/people/" "Mozilla/5.0 (Macintosh; Intel Mac OS X 10.15; rv:96.0) Gecko/20100101 Firefox/96.0"
138.246.3.232 - - [03/Feb/2022:11:40:08 +0000] "GET /files/Linnhoff-Popien-s.jpg HTTP/1.1" 200 228298 "https://www.ai-news.lmu.de/people/" "Mozilla/5.0 (Macintosh; Intel Mac OS X 10.15; rv:96.0) Gecko/20100101 Firefox/96.0"
138.246.3.232 - - [03/Feb/2022:11:40:08 +0000] "GET /files/bjorn.jpeg HTTP/1.1" 200 47993 "https://www.ai-news.lmu.de/people/" "Mozilla/5.0 (Macintosh; Intel Mac OS X 10.15; rv:96.0) Gecko/20100101 Firefox/96.0"
138.246.3.232 - - [03/Feb/2022:11:40:08 +0000] "GET /files/KatiaParodi_AAPM.jpg HTTP/1.1" 200 379863 "https://www.ai-news.lmu.de/people/" "Mozilla/5.0 (Macintosh; Intel Mac OS X 10.15; rv:96.0) Gecko/20100101 Firefox/96.0"
138.246.3.232 - - [03/Feb/2022:11:40:08 +0000] "GET /files/Peichl_Andreas_07_d_s.jpg HTTP/1.1" 200 166818 "https://www.ai-news.lmu.de/people/" "Mozilla/5.0 (Macintosh; Intel Mac OS X 10.15; rv:96.0) Gecko/20100101 Firefox/96.0"
138.246.3.232 - - [03/Feb/2022:11:40:08 +0000] "GET /files/pollet.jpg HTTP/1.1" 200 11670 "https://www.ai-news.lmu.de/people/" "Mozilla/5.0 (Macintosh; Intel Mac OS X 10.15; rv:96.0) Gecko/20100101 Firefox/96.0"
138.246.3.232 - - [03/Feb/2022:11:40:08 +0000] "GET /files/albrecht.jpg HTTP/1.1" 200 5540 "https://www.ai-news.lmu.de/people/" "Mozilla/5.0 (Macintosh; Intel Mac OS X 10.15; rv:96.0) Gecko/20100101 Firefox/96.0"
138.246.3.232 - - [03/Feb/2022:11:40:08 +0000] "GET /files/Matthias_Schubert.jpg HTTP/1.1" 200 46978 "https://www.ai-news.lmu.de/people/" "Mozilla/5.0 (Macintosh; Intel Mac OS X 10.15; rv:96.0) Gecko/20100101 Firefox/96.0"
138.246.3.232 - - [03/Feb/2022:11:40:08 +0000] "GET /files/Schuetze-c_172_s.jpg HTTP/1.1" 200 159128 "https://www.ai-news.lmu.de/people/" "Mozilla/5.0 (Macintosh; Intel Mac OS X 10.15; rv:96.0) Gecko/20100101 Firefox/96.0"
138.246.3.232 - - [03/Feb/2022:11:40:08 +0000] "GET /files/NeilThurman_s.jpg HTTP/1.1" 200 121896 "https://www.ai-news.lmu.de/people/" "Mozilla/5.0 (Macintosh; Intel Mac OS X 10.15; rv:96.0) Gecko/20100101 Firefox/96.0"
138.246.3.232 - - [03/Feb/2022:11:40:08 +0000] "GET /files/2021-Volker.jpg HTTP/1.1" 200 57470 "https://www.ai-news.lmu.de/people/" "Mozilla/5.0 (Macintosh; Intel Mac OS X 10.15; rv:96.0) Gecko/20100101 Firefox/96.0"
138.246.3.232 - - [03/Feb/2022:11:40:08 +0000] "GET /files/ProfessorZoellerPress.jpg HTTP/1.1" 200 416961 "https://www.ai-news.lmu.de/people/" "Mozilla/5.0 (Macintosh; Intel Mac OS X 10.15; rv:96.0) Gecko/20100101 Firefox/96.0"
138.246.3.232 - - [03/Feb/2022:11:40:08 +0000] "GET /files/2021_Udupa.jpg HTTP/1.1" 200 548314 "https://www.ai-news.lmu.de/people/" "Mozilla/5.0 (Macintosh; Intel Mac OS X 10.15; rv:96.0) Gecko/20100101 Firefox/96.0"
138.246.3.232 - - [03/Feb/2022:11:40:08 +0000] "GET /files/standard-json-navigation-generating-site.json?nocache=1643888408131 HTTP/1.1" 200 2093 "https://www.ai-news.lmu.de/people/" "Mozilla/5.0 (Macintosh; Intel Mac OS X 10.15; rv:96.0) Gecko/20100101 Firefox/96.0"
40.77.167.106 - - [03/Feb/2022:11:40:10 +0000] "GET /robots.txt HTTP/1.1" 404 5267 "-" "Mozilla/5.0 (compatible; bingbot/2.0; +http://www.bing.com/bingbot.htm)"
40.77.167.3 - - [03/Feb/2022:11:40:16 +0000] "GET /subscribe/ HTTP/1.1" 200 9185 "-" "Mozilla/5.0 (compatible; bingbot/2.0; +http://www.bing.com/bingbot.htm)"
141.84.50.2 - - [03/Feb/2022:11:40:21 +0000] "GET /updates HTTP/1.1" 301 1185 "https://www.ai-news.lmu.de/submission/" "Mozilla/5.0 (X11; Ubuntu; Linux x86_64; rv:96.0) Gecko/20100101 Firefox/96.0"
141.84.50.2 - - [03/Feb/2022:11:40:21 +0000] "GET /updates/ HTTP/1.1" 200 4785 "https://www.ai-news.lmu.de/submission/" "Mozilla/5.0 (X11; Ubuntu; Linux x86_64; rv:96.0) Gecko/20100101 Firefox/96.0"
141.84.50.2 - - [03/Feb/2022:11:40:21 +0000] "GET /files/press_small.jpg HTTP/1.1" 200 474789 "https://www.ai-news.lmu.de/updates/" "Mozilla/5.0 (X11; Ubuntu; Linux x86_64; rv:96.0) Gecko/20100101 Firefox/96.0"
141.84.50.2 - - [03/Feb/2022:11:40:21 +0000] "GET /files/ai_web.jpg HTTP/1.1" 200 128454 "https://www.ai-news.lmu.de/updates/" "Mozilla/5.0 (X11; Ubuntu; Linux x86_64; rv:96.0) Gecko/20100101 Firefox/96.0"
141.84.50.2 - - [03/Feb/2022:11:40:21 +0000] "GET /files/favicon.ico HTTP/1.1" 200 7751 "https://www.ai-news.lmu.de/updates/" "Mozilla/5.0 (X11; Ubuntu; Linux x86_64; rv:96.0) Gecko/20100101 Firefox/96.0"
141.84.50.2 - - [03/Feb/2022:11:40:21 +0000] "GET /files/standard-json-navigation-generating-site.json?nocache=1643888421739 HTTP/1.1" 200 2093 "https://www.ai-news.lmu.de/updates/" "Mozilla/5.0 (X11; Ubuntu; Linux x86_64; rv:96.0) Gecko/20100101 Firefox/96.0"
141.84.50.2 - - [03/Feb/2022:11:40:46 +0000] "GET /files/favicon.ico HTTP/1.1" 200 8315 "https://www.ai-news.lmu.de/people/" "Mozilla/5.0 (X11; Ubuntu; Linux x86_64; rv:96.0) Gecko/20100101 Firefox/96.0"
141.84.50.2 - - [03/Feb/2022:11:40:46 +0000] "GET /files/standard-json-navigation-generating-site.json?nocache=1643888446860 HTTP/1.1" 200 2657 "https://www.ai-news.lmu.de/people/" "Mozilla/5.0 (X11; Ubuntu; Linux x86_64; rv:96.0) Gecko/20100101 Firefox/96.0"
208.115.199.23 - - [03/Feb/2022:11:41:00 +0000] "HEAD / HTTP/1.1" 200 5513 "https://www.ai-news.lmu.de/" "Mozilla/5.0+(compatible; UptimeRobot/2.0; http://www.uptimerobot.com/)"
138.246.3.232 - - [03/Feb/2022:11:41:34 +0000] "GET /favicon.ico HTTP/1.1" 200 8315 "https://www.ai-news.lmu.de/people/" "Mozilla/5.0 (Macintosh; Intel Mac OS X 10.15; rv:96.0) Gecko/20100101 Firefox/96.0"
138.246.3.232 - - [03/Feb/2022:11:41:42 +0000] "GET /favicon.ico HTTP/1.1" 200 8315 "https://www.ai-news.lmu.de/people/" "Mozilla/5.0 (Macintosh; Intel Mac OS X 10.15; rv:96.0) Gecko/20100101 Firefox/96.0"
111.90.149.158 - - [03/Feb/2022:11:44:36 +0000] "GET /.env HTTP/1.1" 404 5682 "-" "Mozilla/5.0 (Linux; U; Android 4.4.2; en-US; HM NOTE 1W Build/KOT49H) AppleWebKit/534.30 (KHTML, like Gecko) Version/4.0 UCBrowser/11.0.5.850 U3/0.8.0 Mobile Safari/534.30"
111.90.149.158 - - [03/Feb/2022:11:44:38 +0000] "POST / HTTP/1.1" 200 10580 "-" "Mozilla/5.0 (Linux; U; Android 4.4.2; en-US; HM NOTE 1W Build/KOT49H) AppleWebKit/534.30 (KHTML, like Gecko) Version/4.0 UCBrowser/11.0.5.850 U3/0.8.0 Mobile Safari/534.30"
208.115.199.23 - - [03/Feb/2022:11:46:00 +0000] "HEAD / HTTP/1.1" 200 5513 "https://www.ai-news.lmu.de/" "Mozilla/5.0+(compatible; UptimeRobot/2.0; http://www.uptimerobot.com/)"
178.10.88.87 - - [03/Feb/2022:11:46:36 +0000] "GET /feed.xml HTTP/1.1" 304 5408 "-" "Mozilla/5.0 (Windows NT 10.0; Win64; x64; rv:91.0) Gecko/20100101 Thunderbird/91.5.1"
208.115.199.23 - - [03/Feb/2022:11:51:00 +0000] "HEAD / HTTP/1.1" 200 5513 "https://www.ai-news.lmu.de/" "Mozilla/5.0+(compatible; UptimeRobot/2.0; http://www.uptimerobot.com/)"
141.84.50.2 - - [03/Feb/2022:11:51:22 +0000] "GET /files/favicon.ico HTTP/1.1" 200 12956 "https://www.ai-news.lmu.de/updates/" "Mozilla/5.0 (X11; Ubuntu; Linux x86_64; rv:96.0) Gecko/20100101 Firefox/96.0"
141.84.50.2 - - [03/Feb/2022:11:51:22 +0000] "GET /files/standard-json-navigation-generating-site.json?nocache=1643889082520 HTTP/1.1" 200 7298 "https://www.ai-news.lmu.de/updates/" "Mozilla/5.0 (X11; Ubuntu; Linux x86_64; rv:96.0) Gecko/20100101 Firefox/96.0"
141.84.50.2 - - [03/Feb/2022:11:51:26 +0000] "GET /2021/10/01/towards.html HTTP/1.1" 200 5180 "https://www.ai-news.lmu.de/updates/" "Mozilla/5.0 (X11; Ubuntu; Linux x86_64; rv:96.0) Gecko/20100101 Firefox/96.0"
141.84.50.2 - - [03/Feb/2022:11:51:26 +0000] "GET /fonts/roboto-v18-latin-300.woff2 HTTP/1.1" 200 15772 "https://www.ai-news.lmu.de/2021/10/01/towards.html" "Mozilla/5.0 (X11; Ubuntu; Linux x86_64; rv:96.0) Gecko/20100101 Firefox/96.0"
141.84.50.2 - - [03/Feb/2022:11:51:26 +0000] "GET /fonts/roboto-v18-latin-regular.woff2 HTTP/1.1" 200 20881 "https://www.ai-news.lmu.de/2021/10/01/towards.html" "Mozilla/5.0 (X11; Ubuntu; Linux x86_64; rv:96.0) Gecko/20100101 Firefox/96.0"
141.84.50.2 - - [03/Feb/2022:11:51:26 +0000] "GET /fonts/roboto-v18-latin-italic.woff2 HTTP/1.1" 200 22503 "https://www.ai-news.lmu.de/2021/10/01/towards.html" "Mozilla/5.0 (X11; Ubuntu; Linux x86_64; rv:96.0) Gecko/20100101 Firefox/96.0"
141.84.50.2 - - [03/Feb/2022:11:51:26 +0000] "GET /files/standard-json-navigation-generating-site.json?nocache=1643889086300 HTTP/1.1" 200 7298 "https://www.ai-news.lmu.de/2021/10/01/towards.html" "Mozilla/5.0 (X11; Ubuntu; Linux x86_64; rv:96.0) Gecko/20100101 Firefox/96.0"
141.84.50.2 - - [03/Feb/2022:11:51:30 +0000] "GET /favicon.ico HTTP/1.1" 200 7751 "https://www.ai-news.lmu.de/updates/" "Mozilla/5.0 (X11; Ubuntu; Linux x86_64; rv:96.0) Gecko/20100101 Firefox/96.0"
141.84.50.2 - - [03/Feb/2022:11:51:35 +0000] "GET /files/favicon.ico HTTP/1.1" 200 8315 "https://www.ai-news.lmu.de/submission/" "Mozilla/5.0 (X11; Ubuntu; Linux x86_64; rv:96.0) Gecko/20100101 Firefox/96.0"
141.84.50.2 - - [03/Feb/2022:11:51:35 +0000] "GET /files/standard-json-navigation-generating-site.json?nocache=1643889094933 HTTP/1.1" 200 2657 "https://www.ai-news.lmu.de/submission/" "Mozilla/5.0 (X11; Ubuntu; Linux x86_64; rv:96.0) Gecko/20100101 Firefox/96.0"
141.84.50.2 - - [03/Feb/2022:11:51:53 +0000] "GET /events HTTP/1.1" 301 1183 "https://www.ai-news.lmu.de/submission/" "Mozilla/5.0 (X11; Ubuntu; Linux x86_64; rv:96.0) Gecko/20100101 Firefox/96.0"
141.84.50.2 - - [03/Feb/2022:11:51:53 +0000] "GET /events/ HTTP/1.1" 200 5384 "https://www.ai-news.lmu.de/submission/" "Mozilla/5.0 (X11; Ubuntu; Linux x86_64; rv:96.0) Gecko/20100101 Firefox/96.0"
141.84.50.2 - - [03/Feb/2022:11:51:53 +0000] "GET /fonts/roboto-v18-latin-300.woff2 HTTP/1.1" 200 15772 "https://www.ai-news.lmu.de/events/" "Mozilla/5.0 (X11; Ubuntu; Linux x86_64; rv:96.0) Gecko/20100101 Firefox/96.0"
141.84.50.2 - - [03/Feb/2022:11:51:53 +0000] "GET /files/HorsaaLMU_ID679_2.jpg HTTP/1.1" 200 179258 "https://www.ai-news.lmu.de/events/" "Mozilla/5.0 (X11; Ubuntu; Linux x86_64; rv:96.0) Gecko/20100101 Firefox/96.0"
141.84.50.2 - - [03/Feb/2022:11:51:53 +0000] "GET /files/favicon.ico HTTP/1.1" 200 7751 "https://www.ai-news.lmu.de/events/" "Mozilla/5.0 (X11; Ubuntu; Linux x86_64; rv:96.0) Gecko/20100101 Firefox/96.0"
141.84.50.2 - - [03/Feb/2022:11:51:53 +0000] "GET /files/standard-json-navigation-generating-site.json?nocache=1643889113453 HTTP/1.1" 200 2657 "https://www.ai-news.lmu.de/events/" "Mozilla/5.0 (X11; Ubuntu; Linux x86_64; rv:96.0) Gecko/20100101 Firefox/96.0"
95.91.234.13 - - [03/Feb/2022:11:53:09 +0000] "GET /feed.xml HTTP/1.1" 304 5408 "-" "Mozilla/5.0 (Windows NT 10.0; Win64; x64; rv:91.0) Gecko/20100101 Thunderbird/91.5.1"
208.115.199.23 - - [03/Feb/2022:11:56:00 +0000] "HEAD / HTTP/1.1" 200 5513 "https://www.ai-news.lmu.de/" "Mozilla/5.0+(compatible; UptimeRobot/2.0; http://www.uptimerobot.com/)"
8.29.198.25 - - [03/Feb/2022:12:00:09 +0000] "GET /feed.xml HTTP/1.1" 200 8890 "-" "Feedly/1.0 (+http://www.feedly.com/fetcher.html; 2 subscribers; like FeedFetcher-Google)"
77.3.176.205 - - [03/Feb/2022:12:00:18 +0000] "GET /calendar.ics HTTP/1.1" 304 5408 "-" "Mozilla/5.0 (Windows NT 10.0; Win64; x64; rv:91.0) Gecko/20100101 Thunderbird/91.5.1"
208.115.199.23 - - [03/Feb/2022:12:01:00 +0000] "HEAD / HTTP/1.1" 200 5513 "https://www.ai-news.lmu.de/" "Mozilla/5.0+(compatible; UptimeRobot/2.0; http://www.uptimerobot.com/)"
77.3.176.205 - - [03/Feb/2022:12:02:41 +0000] "GET /feed.xml HTTP/1.1" 304 767 "-" "Mozilla/5.0 (Windows NT 10.0; Win64; x64; rv:91.0) Gecko/20100101 Thunderbird/91.5.1"
138.246.3.184 - - [03/Feb/2022:12:03:10 +0000] "GET /calendar.ics HTTP/1.1" 200 9720 "-" "Mozilla/5.0 (X11; Linux x86_64; rv:91.0) Gecko/20100101 Thunderbird/91.5.0"
208.115.199.23 - - [03/Feb/2022:12:06:00 +0000] "HEAD / HTTP/1.1" 200 5513 "https://www.ai-news.lmu.de/" "Mozilla/5.0+(compatible; UptimeRobot/2.0; http://www.uptimerobot.com/)"
146.107.103.108 - - [03/Feb/2022:12:09:34 +0000] "GET /feed.xml HTTP/1.1" 304 5408 "-" "Mozilla/5.0 (X11; Linux x86_64; rv:91.0) Gecko/20100101 Thunderbird/91.5.1"
208.115.199.23 - - [03/Feb/2022:12:11:00 +0000] "HEAD / HTTP/1.1" 200 5513 "https://www.ai-news.lmu.de/" "Mozilla/5.0+(compatible; UptimeRobot/2.0; http://www.uptimerobot.com/)"
208.115.199.23 - - [03/Feb/2022:12:16:00 +0000] "HEAD / HTTP/1.1" 200 5513 "https://www.ai-news.lmu.de/" "Mozilla/5.0+(compatible; UptimeRobot/2.0; http://www.uptimerobot.com/)"
208.115.199.23 - - [03/Feb/2022:12:21:00 +0000] "HEAD / HTTP/1.1" 200 5513 "https://www.ai-news.lmu.de/" "Mozilla/5.0+(compatible; UptimeRobot/2.0; http://www.uptimerobot.com/)"
208.115.199.23 - - [03/Feb/2022:12:26:00 +0000] "HEAD / HTTP/1.1" 200 5513 "https://www.ai-news.lmu.de/" "Mozilla/5.0+(compatible; UptimeRobot/2.0; http://www.uptimerobot.com/)"
77.3.176.205 - - [03/Feb/2022:12:30:18 +0000] "GET /calendar.ics HTTP/1.1" 304 5408 "-" "Mozilla/5.0 (Windows NT 10.0; Win64; x64; rv:91.0) Gecko/20100101 Thunderbird/91.5.1"
208.115.199.23 - - [03/Feb/2022:12:31:00 +0000] "HEAD / HTTP/1.1" 200 5513 "https://www.ai-news.lmu.de/" "Mozilla/5.0+(compatible; UptimeRobot/2.0; http://www.uptimerobot.com/)"
188.104.109.49 - - [03/Feb/2022:12:32:18 +0000] "GET / HTTP/1.1" 200 10616 "-" "Mozilla/5.0 (Macintosh; Intel Mac OS X 10_15_7) AppleWebKit/605.1.15 (KHTML, like Gecko) Version/15.2 Safari/605.1.15"
188.104.109.49 - - [03/Feb/2022:12:32:18 +0000] "GET /fonts/roboto-v18-latin-300.woff2 HTTP/1.1" 200 15772 "https://www.ai-news.lmu.de/" "Mozilla/5.0 (Macintosh; Intel Mac OS X 10_15_7) AppleWebKit/605.1.15 (KHTML, like Gecko) Version/15.2 Safari/605.1.15"
188.104.109.49 - - [03/Feb/2022:12:32:18 +0000] "GET /files/v2_6_10_vue_min.js HTTP/1.1" 200 34564 "https://www.ai-news.lmu.de/" "Mozilla/5.0 (Macintosh; Intel Mac OS X 10_15_7) AppleWebKit/605.1.15 (KHTML, like Gecko) Version/15.2 Safari/605.1.15"
188.104.109.49 - - [03/Feb/2022:12:32:18 +0000] "GET /fonts/roboto-v18-latin-regular.woff2 HTTP/1.1" 200 20881 "https://www.ai-news.lmu.de/" "Mozilla/5.0 (Macintosh; Intel Mac OS X 10_15_7) AppleWebKit/605.1.15 (KHTML, like Gecko) Version/15.2 Safari/605.1.15"
188.104.109.49 - - [03/Feb/2022:12:32:18 +0000] "GET /fonts/roboto-v18-latin-italic.woff2 HTTP/1.1" 200 22503 "https://www.ai-news.lmu.de/" "Mozilla/5.0 (Macintosh; Intel Mac OS X 10_15_7) AppleWebKit/605.1.15 (KHTML, like Gecko) Version/15.2 Safari/605.1.15"
188.104.109.49 - - [03/Feb/2022:12:32:18 +0000] "GET /fonts/roboto-v18-latin-700.woff2 HTTP/1.1" 200 20973 "https://www.ai-news.lmu.de/" "Mozilla/5.0 (Macintosh; Intel Mac OS X 10_15_7) AppleWebKit/605.1.15 (KHTML, like Gecko) Version/15.2 Safari/605.1.15"
188.104.109.49 - - [03/Feb/2022:12:32:18 +0000] "GET /files/v3_1_0_vuex.min.js HTTP/1.1" 200 4282 "https://www.ai-news.lmu.de/" "Mozilla/5.0 (Macintosh; Intel Mac OS X 10_15_7) AppleWebKit/605.1.15 (KHTML, like Gecko) Version/15.2 Safari/605.1.15"
188.104.109.49 - - [03/Feb/2022:12:32:18 +0000] "GET /files/jquery-3.5.1.min.js HTTP/1.1" 200 36600 "https://www.ai-news.lmu.de/" "Mozilla/5.0 (Macintosh; Intel Mac OS X 10_15_7) AppleWebKit/605.1.15 (KHTML, like Gecko) Version/15.2 Safari/605.1.15"
188.104.109.49 - - [03/Feb/2022:12:32:18 +0000] "GET /files/app.bundle.css HTTP/1.1" 200 97753 "https://www.ai-news.lmu.de/" "Mozilla/5.0 (Macintosh; Intel Mac OS X 10_15_7) AppleWebKit/605.1.15 (KHTML, like Gecko) Version/15.2 Safari/605.1.15"
188.104.109.49 - - [03/Feb/2022:12:32:18 +0000] "GET /files/v4_2_6_es6-promise_auto.min.js HTTP/1.1" 200 2785 "https://www.ai-news.lmu.de/" "Mozilla/5.0 (Macintosh; Intel Mac OS X 10_15_7) AppleWebKit/605.1.15 (KHTML, like Gecko) Version/15.2 Safari/605.1.15"
188.104.109.49 - - [03/Feb/2022:12:32:18 +0000] "GET /files/v0_18_0_axios.min.js HTTP/1.1" 200 4855 "https://www.ai-news.lmu.de/" "Mozilla/5.0 (Macintosh; Intel Mac OS X 10_15_7) AppleWebKit/605.1.15 (KHTML, like Gecko) Version/15.2 Safari/605.1.15"
188.104.109.49 - - [03/Feb/2022:12:32:18 +0000] "GET /files/vendors-app.bundle.js HTTP/1.1" 200 40005 "https://www.ai-news.lmu.de/" "Mozilla/5.0 (Macintosh; Intel Mac OS X 10_15_7) AppleWebKit/605.1.15 (KHTML, like Gecko) Version/15.2 Safari/605.1.15"
188.104.109.49 - - [03/Feb/2022:12:32:18 +0000] "GET /files/runtime.bundle.js HTTP/1.1" 200 1087 "https://www.ai-news.lmu.de/" "Mozilla/5.0 (Macintosh; Intel Mac OS X 10_15_7) AppleWebKit/605.1.15 (KHTML, like Gecko) Version/15.2 Safari/605.1.15"
188.104.109.49 - - [03/Feb/2022:12:32:18 +0000] "GET /files/app.bundle.js HTTP/1.1" 200 59193 "https://www.ai-news.lmu.de/" "Mozilla/5.0 (Macintosh; Intel Mac OS X 10_15_7) AppleWebKit/605.1.15 (KHTML, like Gecko) Version/15.2 Safari/605.1.15"
188.104.109.49 - - [03/Feb/2022:12:32:18 +0000] "GET /files/bundle.vue.js HTTP/1.1" 200 39272 "https://www.ai-news.lmu.de/" "Mozilla/5.0 (Macintosh; Intel Mac OS X 10_15_7) AppleWebKit/605.1.15 (KHTML, like Gecko) Version/15.2 Safari/605.1.15"
188.104.109.49 - - [03/Feb/2022:12:32:18 +0000] "GET /files/Logo_LMU.svg HTTP/1.1" 200 19647 "https://www.ai-news.lmu.de/" "Mozilla/5.0 (Macintosh; Intel Mac OS X 10_15_7) AppleWebKit/605.1.15 (KHTML, like Gecko) Version/15.2 Safari/605.1.15"
188.104.109.49 - - [03/Feb/2022:12:32:18 +0000] "GET /files/robot_back_small.jpg HTTP/1.1" 200 349911 "https://www.ai-news.lmu.de/" "Mozilla/5.0 (Macintosh; Intel Mac OS X 10_15_7) AppleWebKit/605.1.15 (KHTML, like Gecko) Version/15.2 Safari/605.1.15"
188.104.109.49 - - [03/Feb/2022:12:32:19 +0000] "GET /files/conference.jpg HTTP/1.1" 200 201921 "https://www.ai-news.lmu.de/" "Mozilla/5.0 (Macintosh; Intel Mac OS X 10_15_7) AppleWebKit/605.1.15 (KHTML, like Gecko) Version/15.2 Safari/605.1.15"
188.104.109.49 - - [03/Feb/2022:12:32:19 +0000] "GET /icons/sprites/sprites-sprite.svg HTTP/1.1" 200 83104 "https://www.ai-news.lmu.de/" "Mozilla/5.0 (Macintosh; Intel Mac OS X 10_15_7) AppleWebKit/605.1.15 (KHTML, like Gecko) Version/15.2 Safari/605.1.15"
188.104.109.49 - - [03/Feb/2022:12:32:19 +0000] "GET /files/lights.png HTTP/1.1" 200 213269 "https://www.ai-news.lmu.de/" "Mozilla/5.0 (Macintosh; Intel Mac OS X 10_15_7) AppleWebKit/605.1.15 (KHTML, like Gecko) Version/15.2 Safari/605.1.15"
188.104.109.49 - - [03/Feb/2022:12:32:19 +0000] "GET /img/footer-bg.svg HTTP/1.1" 200 303040 "https://www.ai-news.lmu.de/" "Mozilla/5.0 (Macintosh; Intel Mac OS X 10_15_7) AppleWebKit/605.1.15 (KHTML, like Gecko) Version/15.2 Safari/605.1.15"
188.104.109.49 - - [03/Feb/2022:12:32:19 +0000] "GET /files/robot_small.jpg HTTP/1.1" 200 135360 "https://www.ai-news.lmu.de/" "Mozilla/5.0 (Macintosh; Intel Mac OS X 10_15_7) AppleWebKit/605.1.15 (KHTML, like Gecko) Version/15.2 Safari/605.1.15"
138.246.3.184 - - [03/Feb/2022:12:33:03 +0000] "GET /calendar.ics HTTP/1.1" 304 5408 "-" "Mozilla/5.0 (X11; Linux x86_64; rv:91.0) Gecko/20100101 Thunderbird/91.5.0"
82.135.82.220 - - [03/Feb/2022:12:35:28 +0000] "GET / HTTP/1.1" 200 10616 "https://www.mathematik.uni-muenchen.de/" "Mozilla/5.0 (X11; Ubuntu; Linux x86_64; rv:96.0) Gecko/20100101 Firefox/96.0"
82.135.82.220 - - [03/Feb/2022:12:35:28 +0000] "GET /fonts/roboto-v18-latin-300.woff2 HTTP/1.1" 200 15772 "https://www.ai-news.lmu.de/" "Mozilla/5.0 (X11; Ubuntu; Linux x86_64; rv:96.0) Gecko/20100101 Firefox/96.0"
82.135.82.220 - - [03/Feb/2022:12:35:28 +0000] "GET /fonts/roboto-v18-latin-regular.woff2 HTTP/1.1" 200 15676 "https://www.ai-news.lmu.de/" "Mozilla/5.0 (X11; Ubuntu; Linux x86_64; rv:96.0) Gecko/20100101 Firefox/96.0"
82.135.82.220 - - [03/Feb/2022:12:35:28 +0000] "GET /files/v3_1_0_vuex.min.js HTTP/1.1" 200 4282 "https://www.ai-news.lmu.de/" "Mozilla/5.0 (X11; Ubuntu; Linux x86_64; rv:96.0) Gecko/20100101 Firefox/96.0"
82.135.82.220 - - [03/Feb/2022:12:35:28 +0000] "GET /files/v4_2_6_es6-promise_auto.min.js HTTP/1.1" 200 2785 "https://www.ai-news.lmu.de/" "Mozilla/5.0 (X11; Ubuntu; Linux x86_64; rv:96.0) Gecko/20100101 Firefox/96.0"
82.135.82.220 - - [03/Feb/2022:12:35:28 +0000] "GET /fonts/roboto-v18-latin-700.woff2 HTTP/1.1" 200 20973 "https://www.ai-news.lmu.de/" "Mozilla/5.0 (X11; Ubuntu; Linux x86_64; rv:96.0) Gecko/20100101 Firefox/96.0"
82.135.82.220 - - [03/Feb/2022:12:35:28 +0000] "GET /fonts/roboto-v18-latin-italic.woff2 HTTP/1.1" 200 22503 "https://www.ai-news.lmu.de/" "Mozilla/5.0 (X11; Ubuntu; Linux x86_64; rv:96.0) Gecko/20100101 Firefox/96.0"
82.135.82.220 - - [03/Feb/2022:12:35:28 +0000] "GET /files/v2_6_10_vue_min.js HTTP/1.1" 200 39769 "https://www.ai-news.lmu.de/" "Mozilla/5.0 (X11; Ubuntu; Linux x86_64; rv:96.0) Gecko/20100101 Firefox/96.0"
82.135.82.220 - - [03/Feb/2022:12:35:28 +0000] "GET /files/v0_18_0_axios.min.js HTTP/1.1" 200 4855 "https://www.ai-news.lmu.de/" "Mozilla/5.0 (X11; Ubuntu; Linux x86_64; rv:96.0) Gecko/20100101 Firefox/96.0"
82.135.82.220 - - [03/Feb/2022:12:35:28 +0000] "GET /files/jquery-3.5.1.min.js HTTP/1.1" 200 36600 "https://www.ai-news.lmu.de/" "Mozilla/5.0 (X11; Ubuntu; Linux x86_64; rv:96.0) Gecko/20100101 Firefox/96.0"
82.135.82.220 - - [03/Feb/2022:12:35:28 +0000] "GET /files/runtime.bundle.js HTTP/1.1" 200 1087 "https://www.ai-news.lmu.de/" "Mozilla/5.0 (X11; Ubuntu; Linux x86_64; rv:96.0) Gecko/20100101 Firefox/96.0"
82.135.82.220 - - [03/Feb/2022:12:35:28 +0000] "GET /files/app.bundle.css HTTP/1.1" 200 97753 "https://www.ai-news.lmu.de/" "Mozilla/5.0 (X11; Ubuntu; Linux x86_64; rv:96.0) Gecko/20100101 Firefox/96.0"
82.135.82.220 - - [03/Feb/2022:12:35:28 +0000] "GET /files/vendors-app.bundle.js HTTP/1.1" 200 40005 "https://www.ai-news.lmu.de/" "Mozilla/5.0 (X11; Ubuntu; Linux x86_64; rv:96.0) Gecko/20100101 Firefox/96.0"
82.135.82.220 - - [03/Feb/2022:12:35:28 +0000] "GET /files/bundle.vue.js HTTP/1.1" 200 39272 "https://www.ai-news.lmu.de/" "Mozilla/5.0 (X11; Ubuntu; Linux x86_64; rv:96.0) Gecko/20100101 Firefox/96.0"
82.135.82.220 - - [03/Feb/2022:12:35:28 +0000] "GET /files/app.bundle.js HTTP/1.1" 200 59193 "https://www.ai-news.lmu.de/" "Mozilla/5.0 (X11; Ubuntu; Linux x86_64; rv:96.0) Gecko/20100101 Firefox/96.0"
82.135.82.220 - - [03/Feb/2022:12:35:28 +0000] "GET /files/Logo_LMU.svg HTTP/1.1" 200 19647 "https://www.ai-news.lmu.de/" "Mozilla/5.0 (X11; Ubuntu; Linux x86_64; rv:96.0) Gecko/20100101 Firefox/96.0"
82.135.82.220 - - [03/Feb/2022:12:35:28 +0000] "GET /files/robot_back_small.jpg HTTP/1.1" 200 349911 "https://www.ai-news.lmu.de/" "Mozilla/5.0 (X11; Ubuntu; Linux x86_64; rv:96.0) Gecko/20100101 Firefox/96.0"
82.135.82.220 - - [03/Feb/2022:12:35:28 +0000] "GET /files/lights.png HTTP/1.1" 200 213269 "https://www.ai-news.lmu.de/" "Mozilla/5.0 (X11; Ubuntu; Linux x86_64; rv:96.0) Gecko/20100101 Firefox/96.0"
82.135.82.220 - - [03/Feb/2022:12:35:28 +0000] "GET /files/conference.jpg HTTP/1.1" 200 201921 "https://www.ai-news.lmu.de/" "Mozilla/5.0 (X11; Ubuntu; Linux x86_64; rv:96.0) Gecko/20100101 Firefox/96.0"
82.135.82.220 - - [03/Feb/2022:12:35:28 +0000] "GET /files/robot_small.jpg HTTP/1.1" 200 312073 "https://www.ai-news.lmu.de/" "Mozilla/5.0 (X11; Ubuntu; Linux x86_64; rv:96.0) Gecko/20100101 Firefox/96.0"
82.135.82.220 - - [03/Feb/2022:12:35:28 +0000] "GET /icons/sprites/sprites-sprite.svg HTTP/1.1" 200 83104 "https://www.ai-news.lmu.de/files/app.bundle.css" "Mozilla/5.0 (X11; Ubuntu; Linux x86_64; rv:96.0) Gecko/20100101 Firefox/96.0"
82.135.82.220 - - [03/Feb/2022:12:35:28 +0000] "GET /img/footer-bg.svg HTTP/1.1" 200 303040 "https://www.ai-news.lmu.de/files/app.bundle.css" "Mozilla/5.0 (X11; Ubuntu; Linux x86_64; rv:96.0) Gecko/20100101 Firefox/96.0"
82.135.82.220 - - [03/Feb/2022:12:35:28 +0000] "GET /files/favicon.ico HTTP/1.1" 200 7751 "https://www.ai-news.lmu.de/" "Mozilla/5.0 (X11; Ubuntu; Linux x86_64; rv:96.0) Gecko/20100101 Firefox/96.0"
82.135.82.220 - - [03/Feb/2022:12:35:29 +0000] "GET /files/standard-json-navigation-generating-site.json?nocache=1643891728768 HTTP/1.1" 200 2093 "https://www.ai-news.lmu.de/" "Mozilla/5.0 (X11; Ubuntu; Linux x86_64; rv:96.0) Gecko/20100101 Firefox/96.0"
82.135.82.220 - - [03/Feb/2022:12:35:32 +0000] "GET /people HTTP/1.1" 301 619 "https://www.ai-news.lmu.de/" "Mozilla/5.0 (X11; Ubuntu; Linux x86_64; rv:96.0) Gecko/20100101 Firefox/96.0"
82.135.82.220 - - [03/Feb/2022:12:35:32 +0000] "GET /people/ HTTP/1.1" 200 11462 "https://www.ai-news.lmu.de/" "Mozilla/5.0 (X11; Ubuntu; Linux x86_64; rv:96.0) Gecko/20100101 Firefox/96.0"
82.135.82.220 - - [03/Feb/2022:12:35:33 +0000] "GET /files/Butz_small.jpg HTTP/1.1" 200 85388 "https://www.ai-news.lmu.de/people/" "Mozilla/5.0 (X11; Ubuntu; Linux x86_64; rv:96.0) Gecko/20100101 Firefox/96.0"
82.135.82.220 - - [03/Feb/2022:12:35:33 +0000] "GET /files/brosius_leger.jpg HTTP/1.1" 200 239362 "https://www.ai-news.lmu.de/people/" "Mozilla/5.0 (X11; Ubuntu; Linux x86_64; rv:96.0) Gecko/20100101 Firefox/96.0"
82.135.82.220 - - [03/Feb/2022:12:35:33 +0000] "GET /files/2021_10_06lmu0217_Oliver%20Falck_s.jpg HTTP/1.1" 200 134142 "https://www.ai-news.lmu.de/people/" "Mozilla/5.0 (X11; Ubuntu; Linux x86_64; rv:96.0) Gecko/20100101 Firefox/96.0"
82.135.82.220 - - [03/Feb/2022:12:35:33 +0000] "GET /files/bernd.jpg HTTP/1.1" 200 13545 "https://www.ai-news.lmu.de/people/" "Mozilla/5.0 (X11; Ubuntu; Linux x86_64; rv:96.0) Gecko/20100101 Firefox/96.0"
82.135.82.220 - - [03/Feb/2022:12:35:33 +0000] "GET /files/christian-boehm-2_s.jpg HTTP/1.1" 200 336887 "https://www.ai-news.lmu.de/people/" "Mozilla/5.0 (X11; Ubuntu; Linux x86_64; rv:96.0) Gecko/20100101 Firefox/96.0"
82.135.82.220 - - [03/Feb/2022:12:35:33 +0000] "GET /files/2021_12_01lmu0566_Feuerriegel_S.jpg HTTP/1.1" 200 25039 "https://www.ai-news.lmu.de/people/" "Mozilla/5.0 (X11; Ubuntu; Linux x86_64; rv:96.0) Gecko/20100101 Firefox/96.0"
82.135.82.220 - - [03/Feb/2022:12:35:33 +0000] "GET /files/gruen-daniel-now_1_1_format_m.jpg HTTP/1.1" 200 32744 "https://www.ai-news.lmu.de/people/" "Mozilla/5.0 (X11; Ubuntu; Linux x86_64; rv:96.0) Gecko/20100101 Firefox/96.0"
82.135.82.220 - - [03/Feb/2022:12:35:33 +0000] "GET /files/SHartmann%20low%20res.jpg HTTP/1.1" 200 247161 "https://www.ai-news.lmu.de/people/" "Mozilla/5.0 (X11; Ubuntu; Linux x86_64; rv:96.0) Gecko/20100101 Firefox/96.0"
82.135.82.220 - - [03/Feb/2022:12:35:33 +0000] "GET /files/haim-s.jpg HTTP/1.1" 200 192092 "https://www.ai-news.lmu.de/people/" "Mozilla/5.0 (X11; Ubuntu; Linux x86_64; rv:96.0) Gecko/20100101 Firefox/96.0"
82.135.82.220 - - [03/Feb/2022:12:35:33 +0000] "GET /files/photo_InesHelm_2021.jpg HTTP/1.1" 200 384909 "https://www.ai-news.lmu.de/people/" "Mozilla/5.0 (X11; Ubuntu; Linux x86_64; rv:96.0) Gecko/20100101 Firefox/96.0"
82.135.82.220 - - [03/Feb/2022:12:35:33 +0000] "GET /files/2021_11_24lmu1034_Hess_.jpg HTTP/1.1" 200 134014 "https://www.ai-news.lmu.de/people/" "Mozilla/5.0 (X11; Ubuntu; Linux x86_64; rv:96.0) Gecko/20100101 Firefox/96.0"
82.135.82.220 - - [03/Feb/2022:12:35:33 +0000] "GET /files/huellermeier2.jpg HTTP/1.1" 200 57785 "https://www.ai-news.lmu.de/people/" "Mozilla/5.0 (X11; Ubuntu; Linux x86_64; rv:96.0) Gecko/20100101 Firefox/96.0"
82.135.82.220 - - [03/Feb/2022:12:35:33 +0000] "GET /files/heinerigel.jpg HTTP/1.1" 200 21356 "https://www.ai-news.lmu.de/people/" "Mozilla/5.0 (X11; Ubuntu; Linux x86_64; rv:96.0) Gecko/20100101 Firefox/96.0"
82.135.82.220 - - [03/Feb/2022:12:35:33 +0000] "GET /files/Ingrisch%20Michael.JPG HTTP/1.1" 200 548413 "https://www.ai-news.lmu.de/people/" "Mozilla/5.0 (X11; Ubuntu; Linux x86_64; rv:96.0) Gecko/20100101 Firefox/96.0"
82.135.82.220 - - [03/Feb/2022:12:35:33 +0000] "GET /files/EnriqueJimenez.jpg HTTP/1.1" 200 175488 "https://www.ai-news.lmu.de/people/" "Mozilla/5.0 (X11; Ubuntu; Linux x86_64; rv:96.0) Gecko/20100101 Firefox/96.0"
82.135.82.220 - - [03/Feb/2022:12:35:33 +0000] "GET /files/Weller.jpg HTTP/1.1" 200 83554 "https://www.ai-news.lmu.de/people/" "Mozilla/5.0 (X11; Ubuntu; Linux x86_64; rv:96.0) Gecko/20100101 Firefox/96.0"
82.135.82.220 - - [03/Feb/2022:12:35:33 +0000] "GET /files/kau.jpg HTTP/1.1" 200 153043 "https://www.ai-news.lmu.de/people/" "Mozilla/5.0 (X11; Ubuntu; Linux x86_64; rv:96.0) Gecko/20100101 Firefox/96.0"
82.135.82.220 - - [03/Feb/2022:12:35:33 +0000] "GET /files/JPK_NIK_0265.jpeg HTTP/1.1" 200 46892 "https://www.ai-news.lmu.de/people/" "Mozilla/5.0 (X11; Ubuntu; Linux x86_64; rv:96.0) Gecko/20100101 Firefox/96.0"
82.135.82.220 - - [03/Feb/2022:12:35:33 +0000] "GET /files/2021_12_01lmu0760_s.jpg HTTP/1.1" 200 193426 "https://www.ai-news.lmu.de/people/" "Mozilla/5.0 (X11; Ubuntu; Linux x86_64; rv:96.0) Gecko/20100101 Firefox/96.0"
82.135.82.220 - - [03/Feb/2022:12:35:33 +0000] "GET /files/FK_MBS_c.jpg HTTP/1.1" 200 90691 "https://www.ai-news.lmu.de/people/" "Mozilla/5.0 (X11; Ubuntu; Linux x86_64; rv:96.0) Gecko/20100101 Firefox/96.0"
82.135.82.220 - - [03/Feb/2022:12:35:33 +0000] "GET /files/picture_1_1_format_m.jpg HTTP/1.1" 200 38649 "https://www.ai-news.lmu.de/people/" "Mozilla/5.0 (X11; Ubuntu; Linux x86_64; rv:96.0) Gecko/20100101 Firefox/96.0"
82.135.82.220 - - [03/Feb/2022:12:35:33 +0000] "GET /files/gitta_2.jpg HTTP/1.1" 200 21725 "https://www.ai-news.lmu.de/people/" "Mozilla/5.0 (X11; Ubuntu; Linux x86_64; rv:96.0) Gecko/20100101 Firefox/96.0"
82.135.82.220 - - [03/Feb/2022:12:35:33 +0000] "GET /files/DSC_6513_s.jpg HTTP/1.1" 200 205817 "https://www.ai-news.lmu.de/people/" "Mozilla/5.0 (X11; Ubuntu; Linux x86_64; rv:96.0) Gecko/20100101 Firefox/96.0"
82.135.82.220 - - [03/Feb/2022:12:35:33 +0000] "GET /files/Leitgeb.jpg HTTP/1.1" 200 49776 "https://www.ai-news.lmu.de/people/" "Mozilla/5.0 (X11; Ubuntu; Linux x86_64; rv:96.0) Gecko/20100101 Firefox/96.0"
82.135.82.220 - - [03/Feb/2022:12:35:33 +0000] "GET /files/ListPhoto.jpg HTTP/1.1" 200 75996 "https://www.ai-news.lmu.de/people/" "Mozilla/5.0 (X11; Ubuntu; Linux x86_64; rv:96.0) Gecko/20100101 Firefox/96.0"
82.135.82.220 - - [03/Feb/2022:12:35:33 +0000] "GET /files/Linnhoff-Popien-s.jpg HTTP/1.1" 200 228298 "https://www.ai-news.lmu.de/people/" "Mozilla/5.0 (X11; Ubuntu; Linux x86_64; rv:96.0) Gecko/20100101 Firefox/96.0"
82.135.82.220 - - [03/Feb/2022:12:35:33 +0000] "GET /files/bjorn.jpeg HTTP/1.1" 200 47993 "https://www.ai-news.lmu.de/people/" "Mozilla/5.0 (X11; Ubuntu; Linux x86_64; rv:96.0) Gecko/20100101 Firefox/96.0"
82.135.82.220 - - [03/Feb/2022:12:35:33 +0000] "GET /files/KatiaParodi_AAPM.jpg HTTP/1.1" 200 379863 "https://www.ai-news.lmu.de/people/" "Mozilla/5.0 (X11; Ubuntu; Linux x86_64; rv:96.0) Gecko/20100101 Firefox/96.0"
82.135.82.220 - - [03/Feb/2022:12:35:33 +0000] "GET /files/Peichl_Andreas_07_d_s.jpg HTTP/1.1" 200 166818 "https://www.ai-news.lmu.de/people/" "Mozilla/5.0 (X11; Ubuntu; Linux x86_64; rv:96.0) Gecko/20100101 Firefox/96.0"
82.135.82.220 - - [03/Feb/2022:12:35:33 +0000] "GET /files/albrecht.jpg HTTP/1.1" 200 5540 "https://www.ai-news.lmu.de/people/" "Mozilla/5.0 (X11; Ubuntu; Linux x86_64; rv:96.0) Gecko/20100101 Firefox/96.0"
82.135.82.220 - - [03/Feb/2022:12:35:33 +0000] "GET /files/Matthias_Schubert.jpg HTTP/1.1" 200 46978 "https://www.ai-news.lmu.de/people/" "Mozilla/5.0 (X11; Ubuntu; Linux x86_64; rv:96.0) Gecko/20100101 Firefox/96.0"
82.135.82.220 - - [03/Feb/2022:12:35:33 +0000] "GET /files/pollet.jpg HTTP/1.1" 200 11670 "https://www.ai-news.lmu.de/people/" "Mozilla/5.0 (X11; Ubuntu; Linux x86_64; rv:96.0) Gecko/20100101 Firefox/96.0"
82.135.82.220 - - [03/Feb/2022:12:35:33 +0000] "GET /files/Schuetze-c_172_s.jpg HTTP/1.1" 200 159128 "https://www.ai-news.lmu.de/people/" "Mozilla/5.0 (X11; Ubuntu; Linux x86_64; rv:96.0) Gecko/20100101 Firefox/96.0"
82.135.82.220 - - [03/Feb/2022:12:35:33 +0000] "GET /files/seid.jpg HTTP/1.1" 200 323380 "https://www.ai-news.lmu.de/people/" "Mozilla/5.0 (X11; Ubuntu; Linux x86_64; rv:96.0) Gecko/20100101 Firefox/96.0"
82.135.82.220 - - [03/Feb/2022:12:35:33 +0000] "GET /files/NeilThurman_s.jpg HTTP/1.1" 200 121896 "https://www.ai-news.lmu.de/people/" "Mozilla/5.0 (X11; Ubuntu; Linux x86_64; rv:96.0) Gecko/20100101 Firefox/96.0"
82.135.82.220 - - [03/Feb/2022:12:35:33 +0000] "GET /files/2021-Volker.jpg HTTP/1.1" 200 57470 "https://www.ai-news.lmu.de/people/" "Mozilla/5.0 (X11; Ubuntu; Linux x86_64; rv:96.0) Gecko/20100101 Firefox/96.0"
82.135.82.220 - - [03/Feb/2022:12:35:33 +0000] "GET /files/winter_joachim.jpg HTTP/1.1" 200 25281 "https://www.ai-news.lmu.de/people/" "Mozilla/5.0 (X11; Ubuntu; Linux x86_64; rv:96.0) Gecko/20100101 Firefox/96.0"
82.135.82.220 - - [03/Feb/2022:12:35:33 +0000] "GET /files/ProfessorZoellerPress.jpg HTTP/1.1" 200 416961 "https://www.ai-news.lmu.de/people/" "Mozilla/5.0 (X11; Ubuntu; Linux x86_64; rv:96.0) Gecko/20100101 Firefox/96.0"
82.135.82.220 - - [03/Feb/2022:12:35:33 +0000] "GET /files/2021_Udupa.jpg HTTP/1.1" 200 548314 "https://www.ai-news.lmu.de/people/" "Mozilla/5.0 (X11; Ubuntu; Linux x86_64; rv:96.0) Gecko/20100101 Firefox/96.0"
82.135.82.220 - - [03/Feb/2022:12:35:33 +0000] "GET /files/standard-json-navigation-generating-site.json?nocache=1643891733183 HTTP/1.1" 200 2093 "https://www.ai-news.lmu.de/people/" "Mozilla/5.0 (X11; Ubuntu; Linux x86_64; rv:96.0) Gecko/20100101 Firefox/96.0"
208.115.199.23 - - [03/Feb/2022:12:36:00 +0000] "HEAD / HTTP/1.1" 200 5513 "https://www.ai-news.lmu.de/" "Mozilla/5.0+(compatible; UptimeRobot/2.0; http://www.uptimerobot.com/)"
208.115.199.23 - - [03/Feb/2022:12:41:00 +0000] "HEAD / HTTP/1.1" 200 5513 "https://www.ai-news.lmu.de/" "Mozilla/5.0+(compatible; UptimeRobot/2.0; http://www.uptimerobot.com/)"
208.115.199.23 - - [03/Feb/2022:12:46:00 +0000] "HEAD / HTTP/1.1" 200 5513 "https://www.ai-news.lmu.de/" "Mozilla/5.0+(compatible; UptimeRobot/2.0; http://www.uptimerobot.com/)"
208.115.199.23 - - [03/Feb/2022:12:51:00 +0000] "HEAD / HTTP/1.1" 200 5513 "https://www.ai-news.lmu.de/" "Mozilla/5.0+(compatible; UptimeRobot/2.0; http://www.uptimerobot.com/)"
141.40.252.102 - - [03/Feb/2022:12:53:02 +0000] "GET /feed.xml HTTP/1.1" 304 5408 "-" "Mozilla/5.0 (Windows NT 10.0; Win64; x64; rv:91.0) Gecko/20100101 Thunderbird/91.5.1"
208.115.199.23 - - [03/Feb/2022:12:56:00 +0000] "HEAD / HTTP/1.1" 200 5513 "https://www.ai-news.lmu.de/" "Mozilla/5.0+(compatible; UptimeRobot/2.0; http://www.uptimerobot.com/)"
77.3.176.205 - - [03/Feb/2022:13:00:18 +0000] "GET /calendar.ics HTTP/1.1" 304 5408 "-" "Mozilla/5.0 (Windows NT 10.0; Win64; x64; rv:91.0) Gecko/20100101 Thunderbird/91.5.1"
208.115.199.23 - - [03/Feb/2022:13:01:00 +0000] "HEAD / HTTP/1.1" 200 5513 "https://www.ai-news.lmu.de/" "Mozilla/5.0+(compatible; UptimeRobot/2.0; http://www.uptimerobot.com/)"
138.246.3.184 - - [03/Feb/2022:13:03:03 +0000] "GET /calendar.ics HTTP/1.1" 304 5408 "-" "Mozilla/5.0 (X11; Linux x86_64; rv:91.0) Gecko/20100101 Thunderbird/91.5.0"
208.115.199.23 - - [03/Feb/2022:13:06:00 +0000] "HEAD / HTTP/1.1" 200 5513 "https://www.ai-news.lmu.de/" "Mozilla/5.0+(compatible; UptimeRobot/2.0; http://www.uptimerobot.com/)"
157.245.117.2 - - [03/Feb/2022:13:07:12 +0000] "GET /feed.xml HTTP/1.1" 200 8841 "-" "Mozilla/5.0 (Macintosh; Intel Mac OS X 10_13_6; +feeder.co) AppleWebKit/537.36 (KHTML, like Gecko) Chrome/67.0.3396.99 Safari/537.36"
208.115.199.23 - - [03/Feb/2022:13:11:00 +0000] "HEAD / HTTP/1.1" 200 5513 "https://www.ai-news.lmu.de/" "Mozilla/5.0+(compatible; UptimeRobot/2.0; http://www.uptimerobot.com/)"
77.3.176.205 - - [03/Feb/2022:13:11:51 +0000] "GET / HTTP/1.1" 200 10616 "-" "Mozilla/5.0 (Windows NT 10.0; Win64; x64; rv:96.0) Gecko/20100101 Firefox/96.0"
77.3.176.205 - - [03/Feb/2022:13:11:51 +0000] "GET /files/robot_back_small.jpg HTTP/1.1" 200 349911 "https://www.ai-news.lmu.de/" "Mozilla/5.0 (Windows NT 10.0; Win64; x64; rv:96.0) Gecko/20100101 Firefox/96.0"
