13.94.67.216 - - [15/Mar/2022:00:02:29 +0000] "GET /.env HTTP/1.1" 404 5682 "-" "Mozilla/5.0 (Linux; U; Android 4.4.2; en-US; HM NOTE 1W Build/KOT49H) AppleWebKit/534.30 (KHTML, like Gecko) Version/4.0 UCBrowser/11.0.5.850 U3/0.8.0 Mobile Safari/534.30"
13.94.67.216 - - [15/Mar/2022:00:02:29 +0000] "POST / HTTP/1.1" 200 10564 "-" "Mozilla/5.0 (Linux; U; Android 4.4.2; en-US; HM NOTE 1W Build/KOT49H) AppleWebKit/534.30 (KHTML, like Gecko) Version/4.0 UCBrowser/11.0.5.850 U3/0.8.0 Mobile Safari/534.30"
208.115.199.23 - - [15/Mar/2022:00:04:23 +0000] "HEAD / HTTP/1.1" 200 5513 "https://www.ai-news.lmu.de/" "Mozilla/5.0+(compatible; UptimeRobot/2.0; http://www.uptimerobot.com/)"
208.115.199.23 - - [15/Mar/2022:00:09:23 +0000] "HEAD / HTTP/1.1" 200 5513 "https://www.ai-news.lmu.de/" "Mozilla/5.0+(compatible; UptimeRobot/2.0; http://www.uptimerobot.com/)"
208.115.199.23 - - [15/Mar/2022:00:14:23 +0000] "HEAD / HTTP/1.1" 200 5513 "https://www.ai-news.lmu.de/" "Mozilla/5.0+(compatible; UptimeRobot/2.0; http://www.uptimerobot.com/)"
103.152.14.54 - - [15/Mar/2022:00:16:38 +0000] "GET / HTTP/1.0" 400 628 "-" "-"
208.115.199.23 - - [15/Mar/2022:00:19:23 +0000] "HEAD / HTTP/1.1" 200 5513 "https://www.ai-news.lmu.de/" "Mozilla/5.0+(compatible; UptimeRobot/2.0; http://www.uptimerobot.com/)"
208.115.199.23 - - [15/Mar/2022:00:24:23 +0000] "HEAD / HTTP/1.1" 200 5513 "https://www.ai-news.lmu.de/" "Mozilla/5.0+(compatible; UptimeRobot/2.0; http://www.uptimerobot.com/)"
222.186.19.235 - - [15/Mar/2022:00:25:36 +0000] "GET / HTTP/1.0" 400 628 "-" "-"
222.186.19.235 - - [15/Mar/2022:00:25:36 +0000] "GET / HTTP/1.0" 400 628 "-" "-"
141.84.9.48 - - [15/Mar/2022:00:26:25 +0000] "GET /calendar.ics HTTP/1.1" 304 5408 "-" "Mozilla/5.0 (X11; Linux x86_64; rv:91.0) Gecko/20100101 Thunderbird/91.5.0"
208.115.199.23 - - [15/Mar/2022:00:29:23 +0000] "HEAD / HTTP/1.1" 200 5513 "https://www.ai-news.lmu.de/" "Mozilla/5.0+(compatible; UptimeRobot/2.0; http://www.uptimerobot.com/)"
208.115.199.23 - - [15/Mar/2022:00:34:23 +0000] "HEAD / HTTP/1.1" 200 5513 "https://www.ai-news.lmu.de/" "Mozilla/5.0+(compatible; UptimeRobot/2.0; http://www.uptimerobot.com/)"
208.115.199.23 - - [15/Mar/2022:00:39:23 +0000] "HEAD / HTTP/1.1" 200 5513 "https://www.ai-news.lmu.de/" "Mozilla/5.0+(compatible; UptimeRobot/2.0; http://www.uptimerobot.com/)"
207.46.13.157 - - [15/Mar/2022:00:41:02 +0000] "GET / HTTP/1.1" 200 10681 "-" "Mozilla/5.0 (compatible; bingbot/2.0; +http://www.bing.com/bingbot.htm)"
208.115.199.23 - - [15/Mar/2022:00:44:23 +0000] "HEAD / HTTP/1.1" 200 5513 "https://www.ai-news.lmu.de/" "Mozilla/5.0+(compatible; UptimeRobot/2.0; http://www.uptimerobot.com/)"
141.40.252.102 - - [15/Mar/2022:00:46:50 +0000] "GET /feed.xml HTTP/1.1" 304 5408 "-" "Mozilla/5.0 (Windows NT 10.0; Win64; x64; rv:91.0) Gecko/20100101 Thunderbird/91.7.0"
157.245.117.2 - - [15/Mar/2022:00:47:54 +0000] "GET /feed.xml HTTP/1.1" 200 10506 "-" "Mozilla/5.0 (feeder.co; Intel Mac OS X 10_13_6) AppleWebKit/537.36 (KHTML, like Gecko) Chrome/67.0.3396.99 Safari/537.36"
208.115.199.23 - - [15/Mar/2022:00:49:23 +0000] "HEAD / HTTP/1.1" 200 5513 "https://www.ai-news.lmu.de/" "Mozilla/5.0+(compatible; UptimeRobot/2.0; http://www.uptimerobot.com/)"
208.115.199.23 - - [15/Mar/2022:00:54:23 +0000] "HEAD / HTTP/1.1" 200 5513 "https://www.ai-news.lmu.de/" "Mozilla/5.0+(compatible; UptimeRobot/2.0; http://www.uptimerobot.com/)"
141.84.9.48 - - [15/Mar/2022:00:56:26 +0000] "GET /calendar.ics HTTP/1.1" 304 5408 "-" "Mozilla/5.0 (X11; Linux x86_64; rv:91.0) Gecko/20100101 Thunderbird/91.5.0"
208.115.199.23 - - [15/Mar/2022:00:59:23 +0000] "HEAD / HTTP/1.1" 200 5513 "https://www.ai-news.lmu.de/" "Mozilla/5.0+(compatible; UptimeRobot/2.0; http://www.uptimerobot.com/)"
208.115.199.23 - - [15/Mar/2022:01:04:23 +0000] "HEAD / HTTP/1.1" 200 5513 "https://www.ai-news.lmu.de/" "Mozilla/5.0+(compatible; UptimeRobot/2.0; http://www.uptimerobot.com/)"
54.92.201.194 - - [15/Mar/2022:01:08:14 +0000] "GET /newsletter/1 HTTP/1.1" 301 5779 "-" "Mozilla/5.0 (Macintosh; Intel Mac OS X 10.11; rv:49.0) Gecko/20100101 Firefox/49.0 (FlipboardProxy/1.2; +http://flipboard.com/browserproxy)"
54.82.81.21 - - [15/Mar/2022:01:08:18 +0000] "GET /subscribe HTTP/1.1" 301 5759 "-" "Mozilla/5.0 (Macintosh; Intel Mac OS X 10.11; rv:49.0) Gecko/20100101 Firefox/49.0 (FlipboardProxy/1.2; +http://flipboard.com/browserproxy)"
54.82.81.21 - - [15/Mar/2022:01:08:18 +0000] "GET /subscribe/ HTTP/1.1" 200 9537 "-" "Mozilla/5.0 (Macintosh; Intel Mac OS X 10.11; rv:49.0) Gecko/20100101 Firefox/49.0 (FlipboardProxy/1.2; +http://flipboard.com/browserproxy)"
208.115.199.23 - - [15/Mar/2022:01:09:23 +0000] "HEAD / HTTP/1.1" 200 5513 "https://www.ai-news.lmu.de/" "Mozilla/5.0+(compatible; UptimeRobot/2.0; http://www.uptimerobot.com/)"
85.25.177.219 - - [15/Mar/2022:01:09:33 +0000] "GET /robots.txt HTTP/1.1" 404 5687 "-" "Mozilla/5.0 (X11; Linux x86_64; rv:81.0) Gecko/20100101 Firefox/81.0"
85.25.177.219 - - [15/Mar/2022:01:09:33 +0000] "GET / HTTP/1.1" 200 5890 "-" "Mozilla/5.0 (X11; Linux x86_64; rv:81.0) Gecko/20100101 Firefox/81.0"
208.115.199.23 - - [15/Mar/2022:01:14:23 +0000] "HEAD / HTTP/1.1" 200 5513 "https://www.ai-news.lmu.de/" "Mozilla/5.0+(compatible; UptimeRobot/2.0; http://www.uptimerobot.com/)"
208.115.199.23 - - [15/Mar/2022:01:19:23 +0000] "HEAD / HTTP/1.1" 200 5513 "https://www.ai-news.lmu.de/" "Mozilla/5.0+(compatible; UptimeRobot/2.0; http://www.uptimerobot.com/)"
208.115.199.23 - - [15/Mar/2022:01:24:23 +0000] "HEAD / HTTP/1.1" 200 5513 "https://www.ai-news.lmu.de/" "Mozilla/5.0+(compatible; UptimeRobot/2.0; http://www.uptimerobot.com/)"
141.84.9.48 - - [15/Mar/2022:01:26:25 +0000] "GET /calendar.ics HTTP/1.1" 304 5408 "-" "Mozilla/5.0 (X11; Linux x86_64; rv:91.0) Gecko/20100101 Thunderbird/91.5.0"
208.115.199.23 - - [15/Mar/2022:01:29:23 +0000] "HEAD / HTTP/1.1" 200 5513 "https://www.ai-news.lmu.de/" "Mozilla/5.0+(compatible; UptimeRobot/2.0; http://www.uptimerobot.com/)"
208.115.199.23 - - [15/Mar/2022:01:34:23 +0000] "HEAD / HTTP/1.1" 200 5513 "https://www.ai-news.lmu.de/" "Mozilla/5.0+(compatible; UptimeRobot/2.0; http://www.uptimerobot.com/)"
208.115.199.23 - - [15/Mar/2022:01:39:23 +0000] "HEAD / HTTP/1.1" 200 5513 "https://www.ai-news.lmu.de/" "Mozilla/5.0+(compatible; UptimeRobot/2.0; http://www.uptimerobot.com/)"
208.115.199.23 - - [15/Mar/2022:01:44:23 +0000] "HEAD / HTTP/1.1" 200 5513 "https://www.ai-news.lmu.de/" "Mozilla/5.0+(compatible; UptimeRobot/2.0; http://www.uptimerobot.com/)"
8.29.198.27 - - [15/Mar/2022:01:50:08 +0000] "GET /feed.xml HTTP/1.1" 200 10555 "-" "Feedly/1.0 (+http://www.feedly.com/fetcher.html; 2 subscribers; like FeedFetcher-Google)"
37.0.8.109 - - [15/Mar/2022:01:51:03 +0000] "GET / HTTP/1.0" 400 628 "-" "-"
208.115.199.23 - - [15/Mar/2022:01:51:36 +0000] "HEAD / HTTP/1.1" 200 5513 "https://www.ai-news.lmu.de/" "Mozilla/5.0+(compatible; UptimeRobot/2.0; http://www.uptimerobot.com/)"
141.84.9.48 - - [15/Mar/2022:01:56:25 +0000] "GET /calendar.ics HTTP/1.1" 304 5408 "-" "Mozilla/5.0 (X11; Linux x86_64; rv:91.0) Gecko/20100101 Thunderbird/91.5.0"
208.115.199.23 - - [15/Mar/2022:01:56:36 +0000] "HEAD / HTTP/1.1" 200 5513 "https://www.ai-news.lmu.de/" "Mozilla/5.0+(compatible; UptimeRobot/2.0; http://www.uptimerobot.com/)"
208.115.199.23 - - [15/Mar/2022:02:01:36 +0000] "HEAD / HTTP/1.1" 200 5513 "https://www.ai-news.lmu.de/" "Mozilla/5.0+(compatible; UptimeRobot/2.0; http://www.uptimerobot.com/)"
208.115.199.23 - - [15/Mar/2022:02:06:36 +0000] "HEAD / HTTP/1.1" 200 5513 "https://www.ai-news.lmu.de/" "Mozilla/5.0+(compatible; UptimeRobot/2.0; http://www.uptimerobot.com/)"
208.115.199.23 - - [15/Mar/2022:02:11:36 +0000] "HEAD / HTTP/1.1" 200 5513 "https://www.ai-news.lmu.de/" "Mozilla/5.0+(compatible; UptimeRobot/2.0; http://www.uptimerobot.com/)"
208.115.199.23 - - [15/Mar/2022:02:16:36 +0000] "HEAD / HTTP/1.1" 200 5513 "https://www.ai-news.lmu.de/" "Mozilla/5.0+(compatible; UptimeRobot/2.0; http://www.uptimerobot.com/)"
42.83.147.34 - - [15/Mar/2022:02:18:26 +0000] "GET / HTTP/1.1" 200 10086 "-" "Mozilla/5.0 (Windows NT 6.1; Win64; x64) AppleWebKit/537.36 (KHTML, like Gecko)Chrome/74.0.3729.169 Safari/537.36"
208.115.199.23 - - [15/Mar/2022:02:21:35 +0000] "HEAD / HTTP/1.1" 200 5513 "https://www.ai-news.lmu.de/" "Mozilla/5.0+(compatible; UptimeRobot/2.0; http://www.uptimerobot.com/)"
141.84.9.48 - - [15/Mar/2022:02:26:26 +0000] "GET /calendar.ics HTTP/1.1" 304 5408 "-" "Mozilla/5.0 (X11; Linux x86_64; rv:91.0) Gecko/20100101 Thunderbird/91.5.0"
208.115.199.23 - - [15/Mar/2022:02:26:35 +0000] "HEAD / HTTP/1.1" 200 5513 "https://www.ai-news.lmu.de/" "Mozilla/5.0+(compatible; UptimeRobot/2.0; http://www.uptimerobot.com/)"
141.40.252.102 - - [15/Mar/2022:02:26:50 +0000] "GET /feed.xml HTTP/1.1" 304 5408 "-" "Mozilla/5.0 (Windows NT 10.0; Win64; x64; rv:91.0) Gecko/20100101 Thunderbird/91.7.0"
208.115.199.23 - - [15/Mar/2022:02:31:35 +0000] "HEAD / HTTP/1.1" 200 5513 "https://www.ai-news.lmu.de/" "Mozilla/5.0+(compatible; UptimeRobot/2.0; http://www.uptimerobot.com/)"
193.56.29.117 - - [15/Mar/2022:02:32:00 +0000] "GET /.env HTTP/1.1" 404 5635 "-" "Mozilla/5.0 (X11; Linux x86_64) AppleWebKit/537.36 (KHTML, like Gecko) Chrome/81.0.4044.129 Safari/537.36"
193.56.29.117 - - [15/Mar/2022:02:32:01 +0000] "POST / HTTP/1.1" 200 10517 "-" "Mozilla/5.0 (X11; Linux x86_64) AppleWebKit/537.36 (KHTML, like Gecko) Chrome/81.0.4044.129 Safari/537.36"
2.57.121.42 - - [15/Mar/2022:02:33:38 +0000] "GET /vicidial/admin.php?ADD=140000000000 HTTP/1.1" 404 5062 "-" "Mozilla/5.0 (Windows NT 10.0; Win64; x64) AppleWebKit/537.36 (KHTML, like Gecko) Chrome/96.0.4664.45 Safari/537.36"
208.115.199.23 - - [15/Mar/2022:02:36:35 +0000] "HEAD / HTTP/1.1" 200 5513 "https://www.ai-news.lmu.de/" "Mozilla/5.0+(compatible; UptimeRobot/2.0; http://www.uptimerobot.com/)"
208.115.199.23 - - [15/Mar/2022:02:41:35 +0000] "HEAD / HTTP/1.1" 200 5513 "https://www.ai-news.lmu.de/" "Mozilla/5.0+(compatible; UptimeRobot/2.0; http://www.uptimerobot.com/)"
208.115.199.23 - - [15/Mar/2022:02:46:35 +0000] "HEAD / HTTP/1.1" 200 5513 "https://www.ai-news.lmu.de/" "Mozilla/5.0+(compatible; UptimeRobot/2.0; http://www.uptimerobot.com/)"
208.115.199.23 - - [15/Mar/2022:02:51:35 +0000] "HEAD / HTTP/1.1" 200 5513 "https://www.ai-news.lmu.de/" "Mozilla/5.0+(compatible; UptimeRobot/2.0; http://www.uptimerobot.com/)"
141.84.9.48 - - [15/Mar/2022:02:56:26 +0000] "GET /calendar.ics HTTP/1.1" 304 5408 "-" "Mozilla/5.0 (X11; Linux x86_64; rv:91.0) Gecko/20100101 Thunderbird/91.5.0"
208.115.199.23 - - [15/Mar/2022:02:56:35 +0000] "HEAD / HTTP/1.1" 200 5513 "https://www.ai-news.lmu.de/" "Mozilla/5.0+(compatible; UptimeRobot/2.0; http://www.uptimerobot.com/)"
174.138.49.150 - - [15/Mar/2022:03:01:04 +0000] "GET /feed.xml HTTP/1.1" 304 5356 "-" "Mozilla/5.0 (feeder.co; Intel Mac OS X 10_13_6) AppleWebKit/537.36 (KHTML, like Gecko) Chrome/67.0.3396.99 Safari/537.36"
208.115.199.23 - - [15/Mar/2022:03:01:35 +0000] "HEAD / HTTP/1.1" 200 5513 "https://www.ai-news.lmu.de/" "Mozilla/5.0+(compatible; UptimeRobot/2.0; http://www.uptimerobot.com/)"
141.84.9.48 - - [15/Mar/2022:03:26:26 +0000] "GET /calendar.ics HTTP/1.1" 304 5408 "-" "Mozilla/5.0 (X11; Linux x86_64; rv:91.0) Gecko/20100101 Thunderbird/91.5.0"
208.115.199.23 - - [15/Mar/2022:03:27:36 +0000] "HEAD / HTTP/1.1" 200 5485 "https://www.ai-news.lmu.de/" "Mozilla/5.0+(compatible; UptimeRobot/2.0; http://www.uptimerobot.com/)"
20.225.60.98 - - [15/Mar/2022:03:29:30 +0000] "GET /.env HTTP/1.1" 404 5017 "-" "Mozilla/5.0 (X11; Linux x86_64) AppleWebKit/537.36 (KHTML, like Gecko) Chrome/81.0.4044.129 Safari/537.36"
20.225.60.98 - - [15/Mar/2022:03:29:31 +0000] "POST / HTTP/1.1" 200 9897 "-" "Mozilla/5.0 (X11; Linux x86_64) AppleWebKit/537.36 (KHTML, like Gecko) Chrome/81.0.4044.129 Safari/537.36"
208.115.199.23 - - [15/Mar/2022:03:32:35 +0000] "HEAD / HTTP/1.1" 200 5485 "https://www.ai-news.lmu.de/" "Mozilla/5.0+(compatible; UptimeRobot/2.0; http://www.uptimerobot.com/)"
208.115.199.23 - - [15/Mar/2022:03:37:35 +0000] "HEAD / HTTP/1.1" 200 5513 "https://www.ai-news.lmu.de/" "Mozilla/5.0+(compatible; UptimeRobot/2.0; http://www.uptimerobot.com/)"
147.182.164.152 - - [15/Mar/2022:03:38:37 +0000] "GET /feed.xml HTTP/1.1" 200 10506 "-" "NewsBlur Feed Fetcher - 1 subscriber - https://www.newsblur.com/site/8444680/ailmu (\"Mozilla/5.0 (Macintosh; Intel Mac OS X 10_15_7) AppleWebKit/605.1.15 (KHTML, like Gecko) Version/14.0.1 Safari/605.1.15\")"
147.182.164.152 - - [15/Mar/2022:03:38:38 +0000] "GET / HTTP/1.1" 200 10600 "-" "NewsBlur Page Fetcher - 1 subscriber - https://www.newsblur.com/site/8444680/ailmu (\"Mozilla/5.0 (Macintosh; Intel Mac OS X 10_15_7) AppleWebKit/605.1.15 (KHTML, like Gecko) Version/14.0.1 Safari/605.1.15\")"
208.115.199.23 - - [15/Mar/2022:03:42:35 +0000] "HEAD / HTTP/1.1" 200 5513 "https://www.ai-news.lmu.de/" "Mozilla/5.0+(compatible; UptimeRobot/2.0; http://www.uptimerobot.com/)"
208.115.199.23 - - [15/Mar/2022:03:47:35 +0000] "HEAD / HTTP/1.1" 200 5513 "https://www.ai-news.lmu.de/" "Mozilla/5.0+(compatible; UptimeRobot/2.0; http://www.uptimerobot.com/)"
208.115.199.23 - - [15/Mar/2022:03:52:35 +0000] "HEAD / HTTP/1.1" 200 5513 "https://www.ai-news.lmu.de/" "Mozilla/5.0+(compatible; UptimeRobot/2.0; http://www.uptimerobot.com/)"
141.84.9.48 - - [15/Mar/2022:03:56:26 +0000] "GET /calendar.ics HTTP/1.1" 304 5408 "-" "Mozilla/5.0 (X11; Linux x86_64; rv:91.0) Gecko/20100101 Thunderbird/91.5.0"
208.115.199.23 - - [15/Mar/2022:03:57:35 +0000] "HEAD / HTTP/1.1" 200 5513 "https://www.ai-news.lmu.de/" "Mozilla/5.0+(compatible; UptimeRobot/2.0; http://www.uptimerobot.com/)"
208.115.199.23 - - [15/Mar/2022:04:02:35 +0000] "HEAD / HTTP/1.1" 200 5513 "https://www.ai-news.lmu.de/" "Mozilla/5.0+(compatible; UptimeRobot/2.0; http://www.uptimerobot.com/)"
141.40.252.102 - - [15/Mar/2022:04:06:51 +0000] "GET /feed.xml HTTP/1.1" 304 5408 "-" "Mozilla/5.0 (Windows NT 10.0; Win64; x64; rv:91.0) Gecko/20100101 Thunderbird/91.7.0"
208.115.199.23 - - [15/Mar/2022:04:07:35 +0000] "HEAD / HTTP/1.1" 200 5513 "https://www.ai-news.lmu.de/" "Mozilla/5.0+(compatible; UptimeRobot/2.0; http://www.uptimerobot.com/)"
208.115.199.23 - - [15/Mar/2022:04:12:35 +0000] "HEAD / HTTP/1.1" 200 5513 "https://www.ai-news.lmu.de/" "Mozilla/5.0+(compatible; UptimeRobot/2.0; http://www.uptimerobot.com/)"
208.115.199.23 - - [15/Mar/2022:04:17:35 +0000] "HEAD / HTTP/1.1" 200 5513 "https://www.ai-news.lmu.de/" "Mozilla/5.0+(compatible; UptimeRobot/2.0; http://www.uptimerobot.com/)"
208.115.199.23 - - [15/Mar/2022:04:22:35 +0000] "HEAD / HTTP/1.1" 200 5513 "https://www.ai-news.lmu.de/" "Mozilla/5.0+(compatible; UptimeRobot/2.0; http://www.uptimerobot.com/)"
141.84.9.48 - - [15/Mar/2022:04:26:26 +0000] "GET /calendar.ics HTTP/1.1" 304 5408 "-" "Mozilla/5.0 (X11; Linux x86_64; rv:91.0) Gecko/20100101 Thunderbird/91.5.0"
192.241.224.191 - - [15/Mar/2022:04:38:02 +0000] "GET /owa/auth/logon.aspx?url=https%3a%2f%2f1%2fecp%2f HTTP/1.1" 404 4991 "-" "Mozilla/5.0 zgrab/0.x"
192.241.224.100 - - [15/Mar/2022:04:40:06 +0000] "GET /ecp/Current/exporttool/microsoft.exchange.ediscovery.exporttool.application HTTP/1.1" 404 4991 "-" "Mozilla/5.0 zgrab/0.x"
8.29.198.25 - - [15/Mar/2022:04:50:23 +0000] "GET /feed.xml HTTP/1.1" 200 10555 "-" "Feedly/1.0 (+http://www.feedly.com/fetcher.html; 2 subscribers; like FeedFetcher-Google)"
208.115.199.23 - - [15/Mar/2022:04:51:48 +0000] "HEAD / HTTP/1.1" 200 5513 "https://www.ai-news.lmu.de/" "Mozilla/5.0+(compatible; UptimeRobot/2.0; http://www.uptimerobot.com/)"
141.84.9.48 - - [15/Mar/2022:04:56:26 +0000] "GET /calendar.ics HTTP/1.1" 304 5408 "-" "Mozilla/5.0 (X11; Linux x86_64; rv:91.0) Gecko/20100101 Thunderbird/91.5.0"
208.115.199.23 - - [15/Mar/2022:04:56:48 +0000] "HEAD / HTTP/1.1" 200 5513 "https://www.ai-news.lmu.de/" "Mozilla/5.0+(compatible; UptimeRobot/2.0; http://www.uptimerobot.com/)"
109.237.103.38 - - [15/Mar/2022:05:03:23 +0000] "GET / HTTP/1.0" 400 628 "-" "-"
109.237.103.38 - - [15/Mar/2022:05:03:23 +0000] "GET /.env HTTP/1.1" 404 5682 "-" "Mozilla/5.0 (X11; Linux x86_64) AppleWebKit/537.36 (KHTML, like Gecko) Chrome/81.0.4044.129 Safari/537.36"
208.115.199.23 - - [15/Mar/2022:05:04:50 +0000] "HEAD / HTTP/1.1" 200 5513 "https://www.ai-news.lmu.de/" "Mozilla/5.0+(compatible; UptimeRobot/2.0; http://www.uptimerobot.com/)"
208.115.199.23 - - [15/Mar/2022:05:09:50 +0000] "HEAD / HTTP/1.1" 200 5513 "https://www.ai-news.lmu.de/" "Mozilla/5.0+(compatible; UptimeRobot/2.0; http://www.uptimerobot.com/)"
208.115.199.23 - - [15/Mar/2022:05:14:50 +0000] "HEAD / HTTP/1.1" 200 5513 "https://www.ai-news.lmu.de/" "Mozilla/5.0+(compatible; UptimeRobot/2.0; http://www.uptimerobot.com/)"
159.89.43.145 - - [15/Mar/2022:05:18:13 +0000] "GET /feed.xml HTTP/1.1" 200 10506 "-" "Mozilla/5.0 (feeder.co; Intel Mac OS X 10_13_6) AppleWebKit/537.36 (KHTML, like Gecko) Chrome/67.0.3396.99 Safari/537.36"
208.115.199.23 - - [15/Mar/2022:05:19:50 +0000] "HEAD / HTTP/1.1" 200 5513 "https://www.ai-news.lmu.de/" "Mozilla/5.0+(compatible; UptimeRobot/2.0; http://www.uptimerobot.com/)"
109.237.103.118 - - [15/Mar/2022:05:22:17 +0000] "GET / HTTP/1.0" 400 628 "-" "-"
109.237.103.118 - - [15/Mar/2022:05:22:17 +0000] "GET /.env HTTP/1.1" 404 5635 "-" "Mozilla/5.0 (X11; Linux x86_64) AppleWebKit/537.36 (KHTML, like Gecko) Chrome/81.0.4044.129 Safari/537.36"
208.115.199.23 - - [15/Mar/2022:05:24:50 +0000] "HEAD / HTTP/1.1" 200 5513 "https://www.ai-news.lmu.de/" "Mozilla/5.0+(compatible; UptimeRobot/2.0; http://www.uptimerobot.com/)"
141.84.9.48 - - [15/Mar/2022:05:26:26 +0000] "GET /calendar.ics HTTP/1.1" 304 5408 "-" "Mozilla/5.0 (X11; Linux x86_64; rv:91.0) Gecko/20100101 Thunderbird/91.5.0"
208.115.199.23 - - [15/Mar/2022:05:29:50 +0000] "HEAD / HTTP/1.1" 200 5513 "https://www.ai-news.lmu.de/" "Mozilla/5.0+(compatible; UptimeRobot/2.0; http://www.uptimerobot.com/)"
208.115.199.23 - - [15/Mar/2022:05:34:50 +0000] "HEAD / HTTP/1.1" 200 5513 "https://www.ai-news.lmu.de/" "Mozilla/5.0+(compatible; UptimeRobot/2.0; http://www.uptimerobot.com/)"
185.189.182.234 - - [15/Mar/2022:05:38:40 +0000] "GET / HTTP/1.0" 400 628 "-" "-"
74.82.47.3 - - [15/Mar/2022:05:39:06 +0000] "GET / HTTP/1.1" 200 26139 "-" "-"
208.115.199.23 - - [15/Mar/2022:05:39:50 +0000] "HEAD / HTTP/1.1" 200 5513 "https://www.ai-news.lmu.de/" "Mozilla/5.0+(compatible; UptimeRobot/2.0; http://www.uptimerobot.com/)"
13.38.84.87 - - [15/Mar/2022:05:40:48 +0000] "GET /.env HTTP/1.1" 404 5635 "-" "Mozilla/5.0 (X11; Linux x86_64) AppleWebKit/537.36 (KHTML, like Gecko) Chrome/81.0.4044.129 Safari/537.36"
13.38.84.87 - - [15/Mar/2022:05:40:49 +0000] "POST / HTTP/1.1" 200 10517 "-" "Mozilla/5.0 (X11; Linux x86_64) AppleWebKit/537.36 (KHTML, like Gecko) Chrome/81.0.4044.129 Safari/537.36"
208.115.199.23 - - [15/Mar/2022:05:44:50 +0000] "HEAD / HTTP/1.1" 200 5513 "https://www.ai-news.lmu.de/" "Mozilla/5.0+(compatible; UptimeRobot/2.0; http://www.uptimerobot.com/)"
141.40.252.102 - - [15/Mar/2022:05:47:21 +0000] "GET /feed.xml HTTP/1.1" 304 5408 "-" "Mozilla/5.0 (Windows NT 10.0; Win64; x64; rv:91.0) Gecko/20100101 Thunderbird/91.7.0"
208.115.199.23 - - [15/Mar/2022:05:49:50 +0000] "HEAD / HTTP/1.1" 200 5513 "https://www.ai-news.lmu.de/" "Mozilla/5.0+(compatible; UptimeRobot/2.0; http://www.uptimerobot.com/)"
208.115.199.23 - - [15/Mar/2022:05:54:50 +0000] "HEAD / HTTP/1.1" 200 5513 "https://www.ai-news.lmu.de/" "Mozilla/5.0+(compatible; UptimeRobot/2.0; http://www.uptimerobot.com/)"
141.84.9.48 - - [15/Mar/2022:05:56:26 +0000] "GET /calendar.ics HTTP/1.1" 304 5408 "-" "Mozilla/5.0 (X11; Linux x86_64; rv:91.0) Gecko/20100101 Thunderbird/91.5.0"
46.114.90.80 - - [15/Mar/2022:05:59:49 +0000] "GET /feed.xml HTTP/1.1" 304 5408 "-" "Mozilla/5.0 (Macintosh; Intel Mac OS X 10.15; rv:91.0) Gecko/20100101 Thunderbird/91.7.0"
208.115.199.23 - - [15/Mar/2022:05:59:50 +0000] "HEAD / HTTP/1.1" 200 5513 "https://www.ai-news.lmu.de/" "Mozilla/5.0+(compatible; UptimeRobot/2.0; http://www.uptimerobot.com/)"
208.115.199.23 - - [15/Mar/2022:06:04:50 +0000] "HEAD / HTTP/1.1" 200 5513 "https://www.ai-news.lmu.de/" "Mozilla/5.0+(compatible; UptimeRobot/2.0; http://www.uptimerobot.com/)"
20.106.98.43 - - [15/Mar/2022:06:07:18 +0000] "GET /.env HTTP/1.1" 404 5062 "-" "Mozilla/5.0 (X11; Linux x86_64) AppleWebKit/537.36 (KHTML, like Gecko) Chrome/81.0.4044.129 Safari/537.36"
20.106.98.43 - - [15/Mar/2022:06:07:19 +0000] "POST / HTTP/1.1" 200 9958 "-" "Mozilla/5.0 (X11; Linux x86_64) AppleWebKit/537.36 (KHTML, like Gecko) Chrome/81.0.4044.129 Safari/537.36"
208.115.199.23 - - [15/Mar/2022:06:09:50 +0000] "HEAD / HTTP/1.1" 200 5513 "https://www.ai-news.lmu.de/" "Mozilla/5.0+(compatible; UptimeRobot/2.0; http://www.uptimerobot.com/)"
208.115.199.23 - - [15/Mar/2022:06:14:50 +0000] "HEAD / HTTP/1.1" 200 5513 "https://www.ai-news.lmu.de/" "Mozilla/5.0+(compatible; UptimeRobot/2.0; http://www.uptimerobot.com/)"
208.115.199.23 - - [15/Mar/2022:06:19:50 +0000] "HEAD / HTTP/1.1" 200 5513 "https://www.ai-news.lmu.de/" "Mozilla/5.0+(compatible; UptimeRobot/2.0; http://www.uptimerobot.com/)"
208.115.199.23 - - [15/Mar/2022:06:24:50 +0000] "HEAD / HTTP/1.1" 200 5513 "https://www.ai-news.lmu.de/" "Mozilla/5.0+(compatible; UptimeRobot/2.0; http://www.uptimerobot.com/)"
141.84.9.48 - - [15/Mar/2022:06:26:26 +0000] "GET /calendar.ics HTTP/1.1" 304 5408 "-" "Mozilla/5.0 (X11; Linux x86_64; rv:91.0) Gecko/20100101 Thunderbird/91.5.0"
208.115.199.23 - - [15/Mar/2022:06:29:50 +0000] "HEAD / HTTP/1.1" 200 5513 "https://www.ai-news.lmu.de/" "Mozilla/5.0+(compatible; UptimeRobot/2.0; http://www.uptimerobot.com/)"
95.91.253.155 - - [15/Mar/2022:06:29:56 +0000] "GET /feed.xml HTTP/1.1" 304 5408 "-" "Mozilla/5.0 (X11; Linux x86_64; rv:91.0) Gecko/20100101 Thunderbird/91.6.2"
208.115.199.23 - - [15/Mar/2022:06:34:50 +0000] "HEAD / HTTP/1.1" 200 5513 "https://www.ai-news.lmu.de/" "Mozilla/5.0+(compatible; UptimeRobot/2.0; http://www.uptimerobot.com/)"
54.36.149.83 - - [15/Mar/2022:06:36:18 +0000] "GET /robots.txt HTTP/1.1" 404 5668 "-" "Mozilla/5.0 (compatible; AhrefsBot/7.0; +http://ahrefs.com/robot/)"
54.36.149.50 - - [15/Mar/2022:06:36:18 +0000] "GET /index.html HTTP/1.1" 200 10544 "-" "Mozilla/5.0 (compatible; AhrefsBot/7.0; +http://ahrefs.com/robot/)"
208.115.199.23 - - [15/Mar/2022:06:39:50 +0000] "HEAD / HTTP/1.1" 200 5513 "https://www.ai-news.lmu.de/" "Mozilla/5.0+(compatible; UptimeRobot/2.0; http://www.uptimerobot.com/)"
208.115.199.23 - - [15/Mar/2022:06:44:50 +0000] "HEAD / HTTP/1.1" 200 5513 "https://www.ai-news.lmu.de/" "Mozilla/5.0+(compatible; UptimeRobot/2.0; http://www.uptimerobot.com/)"
208.115.199.23 - - [15/Mar/2022:06:49:50 +0000] "HEAD / HTTP/1.1" 200 5513 "https://www.ai-news.lmu.de/" "Mozilla/5.0+(compatible; UptimeRobot/2.0; http://www.uptimerobot.com/)"
208.115.199.23 - - [15/Mar/2022:06:54:50 +0000] "HEAD / HTTP/1.1" 200 5513 "https://www.ai-news.lmu.de/" "Mozilla/5.0+(compatible; UptimeRobot/2.0; http://www.uptimerobot.com/)"
141.84.9.48 - - [15/Mar/2022:06:56:26 +0000] "GET /calendar.ics HTTP/1.1" 304 5408 "-" "Mozilla/5.0 (X11; Linux x86_64; rv:91.0) Gecko/20100101 Thunderbird/91.5.0"
208.115.199.23 - - [15/Mar/2022:06:59:50 +0000] "HEAD / HTTP/1.1" 200 5513 "https://www.ai-news.lmu.de/" "Mozilla/5.0+(compatible; UptimeRobot/2.0; http://www.uptimerobot.com/)"
71.6.232.7 - - [15/Mar/2022:07:03:17 +0000] "GET / HTTP/1.1" 200 9887 "-" "Mozilla/5.0 (Windows NT 10.0; Win64; x64) AppleWebKit/537.36 (KHTML, like Gecko) Chrome/74.0.3729.131 Safari/537.36"
208.115.199.23 - - [15/Mar/2022:07:04:50 +0000] "HEAD / HTTP/1.1" 200 5513 "https://www.ai-news.lmu.de/" "Mozilla/5.0+(compatible; UptimeRobot/2.0; http://www.uptimerobot.com/)"
208.115.199.23 - - [15/Mar/2022:07:09:50 +0000] "HEAD / HTTP/1.1" 200 5513 "https://www.ai-news.lmu.de/" "Mozilla/5.0+(compatible; UptimeRobot/2.0; http://www.uptimerobot.com/)"
208.115.199.23 - - [15/Mar/2022:07:14:50 +0000] "HEAD / HTTP/1.1" 200 5513 "https://www.ai-news.lmu.de/" "Mozilla/5.0+(compatible; UptimeRobot/2.0; http://www.uptimerobot.com/)"
208.115.199.23 - - [15/Mar/2022:07:19:50 +0000] "HEAD / HTTP/1.1" 200 5513 "https://www.ai-news.lmu.de/" "Mozilla/5.0+(compatible; UptimeRobot/2.0; http://www.uptimerobot.com/)"
208.115.199.23 - - [15/Mar/2022:07:24:50 +0000] "HEAD / HTTP/1.1" 200 5513 "https://www.ai-news.lmu.de/" "Mozilla/5.0+(compatible; UptimeRobot/2.0; http://www.uptimerobot.com/)"
141.84.9.48 - - [15/Mar/2022:07:26:26 +0000] "GET /calendar.ics HTTP/1.1" 304 5408 "-" "Mozilla/5.0 (X11; Linux x86_64; rv:91.0) Gecko/20100101 Thunderbird/91.5.0"
141.40.252.102 - - [15/Mar/2022:07:27:22 +0000] "GET /feed.xml HTTP/1.1" 304 5408 "-" "Mozilla/5.0 (Windows NT 10.0; Win64; x64; rv:91.0) Gecko/20100101 Thunderbird/91.7.0"
208.115.199.23 - - [15/Mar/2022:07:29:50 +0000] "HEAD / HTTP/1.1" 200 5513 "https://www.ai-news.lmu.de/" "Mozilla/5.0+(compatible; UptimeRobot/2.0; http://www.uptimerobot.com/)"
68.183.157.237 - - [15/Mar/2022:07:30:21 +0000] "GET /feed.xml HTTP/1.1" 304 5356 "-" "Mozilla/5.0 (feeder.co; Intel Mac OS X 10_13_6) AppleWebKit/537.36 (KHTML, like Gecko) Chrome/67.0.3396.99 Safari/537.36"
208.115.199.23 - - [15/Mar/2022:07:34:50 +0000] "HEAD / HTTP/1.1" 200 5513 "https://www.ai-news.lmu.de/" "Mozilla/5.0+(compatible; UptimeRobot/2.0; http://www.uptimerobot.com/)"
208.115.199.23 - - [15/Mar/2022:07:39:50 +0000] "HEAD / HTTP/1.1" 200 5513 "https://www.ai-news.lmu.de/" "Mozilla/5.0+(compatible; UptimeRobot/2.0; http://www.uptimerobot.com/)"
138.246.3.121 - - [15/Mar/2022:07:40:42 +0000] "GET /feed.xml HTTP/1.1" 304 5408 "-" "Mozilla/5.0 (Macintosh; Intel Mac OS X 10.15; rv:91.0) Gecko/20100101 Thunderbird/91.7.0"
208.115.199.23 - - [15/Mar/2022:07:44:50 +0000] "HEAD / HTTP/1.1" 200 5513 "https://www.ai-news.lmu.de/" "Mozilla/5.0+(compatible; UptimeRobot/2.0; http://www.uptimerobot.com/)"
208.115.199.23 - - [15/Mar/2022:07:49:50 +0000] "HEAD / HTTP/1.1" 200 5513 "https://www.ai-news.lmu.de/" "Mozilla/5.0+(compatible; UptimeRobot/2.0; http://www.uptimerobot.com/)"
8.29.198.25 - - [15/Mar/2022:07:50:45 +0000] "GET /feed.xml HTTP/1.1" 200 10555 "-" "Feedly/1.0 (+http://www.feedly.com/fetcher.html; 2 subscribers; like FeedFetcher-Google)"
95.91.251.222 - - [15/Mar/2022:07:53:29 +0000] "GET /feed.xml HTTP/1.1" 304 5408 "-" "Mozilla/5.0 (Windows NT 10.0; Win64; x64; rv:91.0) Gecko/20100101 Thunderbird/91.7.0"
95.91.251.222 - - [15/Mar/2022:07:53:42 +0000] "GET /favicon.ico HTTP/1.1" 200 8315 "-" "Mozilla/5.0 (Windows NT 10.0; Win64; x64; rv:91.0) Gecko/20100101 Thunderbird/91.7.0"
208.115.199.23 - - [15/Mar/2022:07:54:50 +0000] "HEAD / HTTP/1.1" 200 5513 "https://www.ai-news.lmu.de/" "Mozilla/5.0+(compatible; UptimeRobot/2.0; http://www.uptimerobot.com/)"
141.84.9.48 - - [15/Mar/2022:07:56:26 +0000] "GET /calendar.ics HTTP/1.1" 304 5408 "-" "Mozilla/5.0 (X11; Linux x86_64; rv:91.0) Gecko/20100101 Thunderbird/91.5.0"
208.115.199.23 - - [15/Mar/2022:07:59:50 +0000] "HEAD / HTTP/1.1" 200 5513 "https://www.ai-news.lmu.de/" "Mozilla/5.0+(compatible; UptimeRobot/2.0; http://www.uptimerobot.com/)"
147.182.140.107 - - [15/Mar/2022:08:01:02 +0000] "GET /feed.xml HTTP/1.1" 200 10506 "-" "NewsBlur Feed Fetcher - 1 subscriber - https://www.newsblur.com/site/8444680/ailmu (\"Mozilla/5.0 (Macintosh; Intel Mac OS X 10_15_7) AppleWebKit/605.1.15 (KHTML, like Gecko) Version/14.0.1 Safari/605.1.15\")"
147.182.140.107 - - [15/Mar/2022:08:01:03 +0000] "GET / HTTP/1.1" 200 10600 "-" "NewsBlur Page Fetcher - 1 subscriber - https://www.newsblur.com/site/8444680/ailmu (\"Mozilla/5.0 (Macintosh; Intel Mac OS X 10_15_7) AppleWebKit/605.1.15 (KHTML, like Gecko) Version/14.0.1 Safari/605.1.15\")"
208.115.199.23 - - [15/Mar/2022:08:04:50 +0000] "HEAD / HTTP/1.1" 200 5513 "https://www.ai-news.lmu.de/" "Mozilla/5.0+(compatible; UptimeRobot/2.0; http://www.uptimerobot.com/)"
208.115.199.23 - - [15/Mar/2022:08:09:50 +0000] "HEAD / HTTP/1.1" 200 5513 "https://www.ai-news.lmu.de/" "Mozilla/5.0+(compatible; UptimeRobot/2.0; http://www.uptimerobot.com/)"
138.246.3.55 - - [15/Mar/2022:08:12:18 +0000] "GET /feed.xml HTTP/1.1" 304 5408 "-" "Mozilla/5.0 (X11; Linux x86_64; rv:91.0) Gecko/20100101 Thunderbird/91.6.2"
208.115.199.23 - - [15/Mar/2022:08:14:50 +0000] "HEAD / HTTP/1.1" 200 5513 "https://www.ai-news.lmu.de/" "Mozilla/5.0+(compatible; UptimeRobot/2.0; http://www.uptimerobot.com/)"
208.115.199.23 - - [15/Mar/2022:08:19:50 +0000] "HEAD / HTTP/1.1" 200 5513 "https://www.ai-news.lmu.de/" "Mozilla/5.0+(compatible; UptimeRobot/2.0; http://www.uptimerobot.com/)"
208.115.199.23 - - [15/Mar/2022:08:24:50 +0000] "HEAD / HTTP/1.1" 200 5513 "https://www.ai-news.lmu.de/" "Mozilla/5.0+(compatible; UptimeRobot/2.0; http://www.uptimerobot.com/)"
141.84.9.48 - - [15/Mar/2022:08:26:26 +0000] "GET /calendar.ics HTTP/1.1" 304 5408 "-" "Mozilla/5.0 (X11; Linux x86_64; rv:91.0) Gecko/20100101 Thunderbird/91.5.0"
95.91.251.222 - - [15/Mar/2022:08:28:28 +0000] "GET /feed.xml HTTP/1.1" 304 5408 "-" "Mozilla/5.0 (Windows NT 10.0; Win64; x64; rv:91.0) Gecko/20100101 Thunderbird/91.7.0"
208.115.199.23 - - [15/Mar/2022:08:29:50 +0000] "HEAD / HTTP/1.1" 200 5513 "https://www.ai-news.lmu.de/" "Mozilla/5.0+(compatible; UptimeRobot/2.0; http://www.uptimerobot.com/)"
208.115.199.23 - - [15/Mar/2022:08:34:50 +0000] "HEAD / HTTP/1.1" 200 5513 "https://www.ai-news.lmu.de/" "Mozilla/5.0+(compatible; UptimeRobot/2.0; http://www.uptimerobot.com/)"
208.115.199.23 - - [15/Mar/2022:08:39:50 +0000] "HEAD / HTTP/1.1" 200 5513 "https://www.ai-news.lmu.de/" "Mozilla/5.0+(compatible; UptimeRobot/2.0; http://www.uptimerobot.com/)"
87.123.244.33 - - [15/Mar/2022:08:42:13 +0000] "GET /feed.xml HTTP/1.1" 304 5408 "-" "Mozilla/5.0 (Windows NT 10.0; Win64; x64; rv:91.0) Gecko/20100101 Thunderbird/91.7.0"
208.115.199.23 - - [15/Mar/2022:08:44:50 +0000] "HEAD / HTTP/1.1" 200 5513 "https://www.ai-news.lmu.de/" "Mozilla/5.0+(compatible; UptimeRobot/2.0; http://www.uptimerobot.com/)"
208.115.199.23 - - [15/Mar/2022:08:49:50 +0000] "HEAD / HTTP/1.1" 200 5513 "https://www.ai-news.lmu.de/" "Mozilla/5.0+(compatible; UptimeRobot/2.0; http://www.uptimerobot.com/)"
208.115.199.23 - - [15/Mar/2022:08:54:50 +0000] "HEAD / HTTP/1.1" 200 5513 "https://www.ai-news.lmu.de/" "Mozilla/5.0+(compatible; UptimeRobot/2.0; http://www.uptimerobot.com/)"
95.91.251.222 - - [15/Mar/2022:08:56:19 +0000] "GET /feed.xml HTTP/1.1" 304 5408 "-" "Mozilla/5.0 (Windows NT 10.0; Win64; x64; rv:91.0) Gecko/20100101 Thunderbird/91.7.0"
141.84.9.48 - - [15/Mar/2022:08:56:26 +0000] "GET /calendar.ics HTTP/1.1" 304 5408 "-" "Mozilla/5.0 (X11; Linux x86_64; rv:91.0) Gecko/20100101 Thunderbird/91.5.0"
208.115.199.23 - - [15/Mar/2022:08:59:50 +0000] "HEAD / HTTP/1.1" 200 5513 "https://www.ai-news.lmu.de/" "Mozilla/5.0+(compatible; UptimeRobot/2.0; http://www.uptimerobot.com/)"
95.112.108.32 - - [15/Mar/2022:09:00:35 +0000] "GET /calendar.ics HTTP/1.1" 200 9720 "-" "Mozilla/5.0 (Windows NT 10.0; Win64; x64; rv:91.0) Gecko/20100101 Thunderbird/91.7.0"
95.112.108.32 - - [15/Mar/2022:09:01:39 +0000] "GET /feed.xml HTTP/1.1" 304 767 "-" "Mozilla/5.0 (Windows NT 10.0; Win64; x64; rv:91.0) Gecko/20100101 Thunderbird/91.7.0"
95.91.251.222 - - [15/Mar/2022:09:02:37 +0000] "GET /feed.xml HTTP/1.1" 304 5408 "-" "Mozilla/5.0 (Windows NT 10.0; Win64; x64; rv:91.0) Gecko/20100101 Thunderbird/91.7.0"
208.115.199.23 - - [15/Mar/2022:09:04:50 +0000] "HEAD / HTTP/1.1" 200 5513 "https://www.ai-news.lmu.de/" "Mozilla/5.0+(compatible; UptimeRobot/2.0; http://www.uptimerobot.com/)"
141.40.252.102 - - [15/Mar/2022:09:07:23 +0000] "GET /feed.xml HTTP/1.1" 304 5408 "-" "Mozilla/5.0 (Windows NT 10.0; Win64; x64; rv:91.0) Gecko/20100101 Thunderbird/91.7.0"
208.115.199.23 - - [15/Mar/2022:09:09:50 +0000] "HEAD / HTTP/1.1" 200 5513 "https://www.ai-news.lmu.de/" "Mozilla/5.0+(compatible; UptimeRobot/2.0; http://www.uptimerobot.com/)"
167.94.145.59 - - [15/Mar/2022:09:12:57 +0000] "GET / HTTP/1.1" 200 26713 "-" "-"
167.94.145.59 - - [15/Mar/2022:09:12:57 +0000] "GET / HTTP/1.1" 200 10461 "-" "Mozilla/5.0 (compatible; CensysInspect/1.1; +https://about.censys.io/)"
208.115.199.23 - - [15/Mar/2022:09:14:50 +0000] "HEAD / HTTP/1.1" 200 5513 "https://www.ai-news.lmu.de/" "Mozilla/5.0+(compatible; UptimeRobot/2.0; http://www.uptimerobot.com/)"
208.115.199.23 - - [15/Mar/2022:09:19:50 +0000] "HEAD / HTTP/1.1" 200 5513 "https://www.ai-news.lmu.de/" "Mozilla/5.0+(compatible; UptimeRobot/2.0; http://www.uptimerobot.com/)"
138.246.3.121 - - [15/Mar/2022:09:21:30 +0000] "GET /feed.xml HTTP/1.1" 304 5408 "-" "Mozilla/5.0 (Macintosh; Intel Mac OS X 10.15; rv:91.0) Gecko/20100101 Thunderbird/91.7.0"
192.241.213.126 - - [15/Mar/2022:09:23:10 +0000] "GET / HTTP/1.1" 200 9887 "-" "Mozilla/5.0 zgrab/0.x"
208.115.199.23 - - [15/Mar/2022:09:24:50 +0000] "HEAD / HTTP/1.1" 200 5513 "https://www.ai-news.lmu.de/" "Mozilla/5.0+(compatible; UptimeRobot/2.0; http://www.uptimerobot.com/)"
141.84.9.48 - - [15/Mar/2022:09:26:26 +0000] "GET /calendar.ics HTTP/1.1" 304 5408 "-" "Mozilla/5.0 (X11; Linux x86_64; rv:91.0) Gecko/20100101 Thunderbird/91.5.0"
208.115.199.23 - - [15/Mar/2022:09:29:41 +0000] "HEAD / HTTP/1.1" 200 5513 "https://www.ai-news.lmu.de/" "Mozilla/5.0+(compatible; UptimeRobot/2.0; http://www.uptimerobot.com/)"
95.112.108.32 - - [15/Mar/2022:09:30:33 +0000] "GET /calendar.ics HTTP/1.1" 304 5408 "-" "Mozilla/5.0 (Windows NT 10.0; Win64; x64; rv:91.0) Gecko/20100101 Thunderbird/91.7.0"
68.183.157.237 - - [15/Mar/2022:09:31:30 +0000] "GET /feed.xml HTTP/1.1" 200 10506 "-" "Mozilla/5.0 (feeder.co; Intel Mac OS X 10_13_6) AppleWebKit/537.36 (KHTML, like Gecko) Chrome/67.0.3396.99 Safari/537.36"
138.246.3.43 - - [15/Mar/2022:09:31:54 +0000] "GET / HTTP/1.1" 200 10600 "https://www.lmu.de/" "Mozilla/5.0 (Windows NT 10.0; Win64; x64; rv:97.0) Gecko/20100101 Firefox/97.0"
138.246.3.43 - - [15/Mar/2022:09:31:54 +0000] "GET /fonts/roboto-v18-latin-300.woff2 HTTP/1.1" 200 15772 "https://www.ai-news.lmu.de/" "Mozilla/5.0 (Windows NT 10.0; Win64; x64; rv:97.0) Gecko/20100101 Firefox/97.0"
138.246.3.43 - - [15/Mar/2022:09:31:54 +0000] "GET /files/jquery-3.5.1.min.js HTTP/1.1" 200 31395 "https://www.ai-news.lmu.de/" "Mozilla/5.0 (Windows NT 10.0; Win64; x64; rv:97.0) Gecko/20100101 Firefox/97.0"
138.246.3.43 - - [15/Mar/2022:09:31:54 +0000] "GET /fonts/roboto-v18-latin-regular.woff2 HTTP/1.1" 200 16240 "https://www.ai-news.lmu.de/" "Mozilla/5.0 (Windows NT 10.0; Win64; x64; rv:97.0) Gecko/20100101 Firefox/97.0"
138.246.3.43 - - [15/Mar/2022:09:31:54 +0000] "GET /files/v4_2_6_es6-promise_auto.min.js HTTP/1.1" 200 3349 "https://www.ai-news.lmu.de/" "Mozilla/5.0 (Windows NT 10.0; Win64; x64; rv:97.0) Gecko/20100101 Firefox/97.0"
138.246.3.43 - - [15/Mar/2022:09:31:54 +0000] "GET /files/v3_1_0_vuex.min.js HTTP/1.1" 200 4846 "https://www.ai-news.lmu.de/" "Mozilla/5.0 (Windows NT 10.0; Win64; x64; rv:97.0) Gecko/20100101 Firefox/97.0"
138.246.3.43 - - [15/Mar/2022:09:31:54 +0000] "GET /fonts/roboto-v18-latin-italic.woff2 HTTP/1.1" 200 17298 "https://www.ai-news.lmu.de/" "Mozilla/5.0 (Windows NT 10.0; Win64; x64; rv:97.0) Gecko/20100101 Firefox/97.0"
138.246.3.43 - - [15/Mar/2022:09:31:54 +0000] "GET /files/v2_6_10_vue_min.js HTTP/1.1" 200 35128 "https://www.ai-news.lmu.de/" "Mozilla/5.0 (Windows NT 10.0; Win64; x64; rv:97.0) Gecko/20100101 Firefox/97.0"
138.246.3.43 - - [15/Mar/2022:09:31:54 +0000] "GET /fonts/roboto-v18-latin-700.woff2 HTTP/1.1" 200 15768 "https://www.ai-news.lmu.de/" "Mozilla/5.0 (Windows NT 10.0; Win64; x64; rv:97.0) Gecko/20100101 Firefox/97.0"
138.246.3.43 - - [15/Mar/2022:09:31:54 +0000] "GET /files/v0_18_0_axios.min.js HTTP/1.1" 200 4855 "https://www.ai-news.lmu.de/" "Mozilla/5.0 (Windows NT 10.0; Win64; x64; rv:97.0) Gecko/20100101 Firefox/97.0"
138.246.3.43 - - [15/Mar/2022:09:31:54 +0000] "GET /files/runtime.bundle.js HTTP/1.1" 200 1087 "https://www.ai-news.lmu.de/" "Mozilla/5.0 (Windows NT 10.0; Win64; x64; rv:97.0) Gecko/20100101 Firefox/97.0"
138.246.3.43 - - [15/Mar/2022:09:31:54 +0000] "GET /files/vendors-app.bundle.js HTTP/1.1" 200 40005 "https://www.ai-news.lmu.de/" "Mozilla/5.0 (Windows NT 10.0; Win64; x64; rv:97.0) Gecko/20100101 Firefox/97.0"
138.246.3.43 - - [15/Mar/2022:09:31:54 +0000] "GET /files/bundle.vue.js HTTP/1.1" 200 39272 "https://www.ai-news.lmu.de/" "Mozilla/5.0 (Windows NT 10.0; Win64; x64; rv:97.0) Gecko/20100101 Firefox/97.0"
138.246.3.43 - - [15/Mar/2022:09:31:54 +0000] "GET /files/app.bundle.js HTTP/1.1" 200 59193 "https://www.ai-news.lmu.de/" "Mozilla/5.0 (Windows NT 10.0; Win64; x64; rv:97.0) Gecko/20100101 Firefox/97.0"
138.246.3.43 - - [15/Mar/2022:09:31:54 +0000] "GET /files/app.bundle.css HTTP/1.1" 200 93112 "https://www.ai-news.lmu.de/" "Mozilla/5.0 (Windows NT 10.0; Win64; x64; rv:97.0) Gecko/20100101 Firefox/97.0"
138.246.3.43 - - [15/Mar/2022:09:31:55 +0000] "GET /files/640px-Flag_of_Canada_and_Germany.svg.png HTTP/1.1" 200 7558 "https://www.ai-news.lmu.de/" "Mozilla/5.0 (Windows NT 10.0; Win64; x64; rv:97.0) Gecko/20100101 Firefox/97.0"
138.246.3.43 - - [15/Mar/2022:09:31:55 +0000] "GET /files/Logo_LMU.svg HTTP/1.1" 200 19647 "https://www.ai-news.lmu.de/" "Mozilla/5.0 (Windows NT 10.0; Win64; x64; rv:97.0) Gecko/20100101 Firefox/97.0"
138.246.3.43 - - [15/Mar/2022:09:31:55 +0000] "GET /files/newspapers.jpg HTTP/1.1" 200 134064 "https://www.ai-news.lmu.de/" "Mozilla/5.0 (Windows NT 10.0; Win64; x64; rv:97.0) Gecko/20100101 Firefox/97.0"
138.246.3.43 - - [15/Mar/2022:09:31:55 +0000] "GET /files/robot_back_small.jpg HTTP/1.1" 200 349911 "https://www.ai-news.lmu.de/" "Mozilla/5.0 (Windows NT 10.0; Win64; x64; rv:97.0) Gecko/20100101 Firefox/97.0"
138.246.3.43 - - [15/Mar/2022:09:31:55 +0000] "GET /files/kreuter_small.jpg HTTP/1.1" 200 273037 "https://www.ai-news.lmu.de/" "Mozilla/5.0 (Windows NT 10.0; Win64; x64; rv:97.0) Gecko/20100101 Firefox/97.0"
138.246.3.43 - - [15/Mar/2022:09:31:55 +0000] "GET /icons/sprites/sprites-sprite.svg HTTP/1.1" 200 83104 "https://www.ai-news.lmu.de/files/app.bundle.css" "Mozilla/5.0 (Windows NT 10.0; Win64; x64; rv:97.0) Gecko/20100101 Firefox/97.0"
138.246.3.43 - - [15/Mar/2022:09:31:55 +0000] "GET /img/footer-bg.svg HTTP/1.1" 200 303040 "https://www.ai-news.lmu.de/files/app.bundle.css" "Mozilla/5.0 (Windows NT 10.0; Win64; x64; rv:97.0) Gecko/20100101 Firefox/97.0"
138.246.3.43 - - [15/Mar/2022:09:31:55 +0000] "GET /files/favicon.ico HTTP/1.1" 200 7751 "https://www.ai-news.lmu.de/" "Mozilla/5.0 (Windows NT 10.0; Win64; x64; rv:97.0) Gecko/20100101 Firefox/97.0"
138.246.3.43 - - [15/Mar/2022:09:31:55 +0000] "GET /files/standard-json-navigation-generating-site.json?nocache=1647336715060 HTTP/1.1" 200 2325 "https://www.ai-news.lmu.de/" "Mozilla/5.0 (Windows NT 10.0; Win64; x64; rv:97.0) Gecko/20100101 Firefox/97.0"
208.115.199.23 - - [15/Mar/2022:09:35:02 +0000] "HEAD / HTTP/1.1" 200 5513 "https://www.ai-news.lmu.de/" "Mozilla/5.0+(compatible; UptimeRobot/2.0; http://www.uptimerobot.com/)"
62.226.207.222 - - [15/Mar/2022:09:36:56 +0000] "GET /2022/03/04/Bavarian-Canadian-collaborative-projects.html HTTP/1.1" 200 10068 "-" "Mozilla/5.0 (X11; Ubuntu; Linux x86_64; rv:98.0) Gecko/20100101 Firefox/98.0"
62.226.207.222 - - [15/Mar/2022:09:36:56 +0000] "GET /fonts/roboto-v18-latin-300.woff2 HTTP/1.1" 200 15772 "https://www.ai-news.lmu.de/2022/03/04/Bavarian-Canadian-collaborative-projects.html" "Mozilla/5.0 (X11; Ubuntu; Linux x86_64; rv:98.0) Gecko/20100101 Firefox/98.0"
62.226.207.222 - - [15/Mar/2022:09:36:56 +0000] "GET /fonts/roboto-v18-latin-regular.woff2 HTTP/1.1" 200 15676 "https://www.ai-news.lmu.de/2022/03/04/Bavarian-Canadian-collaborative-projects.html" "Mozilla/5.0 (X11; Ubuntu; Linux x86_64; rv:98.0) Gecko/20100101 Firefox/98.0"
62.226.207.222 - - [15/Mar/2022:09:36:56 +0000] "GET /fonts/roboto-v18-latin-italic.woff2 HTTP/1.1" 200 17862 "https://www.ai-news.lmu.de/2022/03/04/Bavarian-Canadian-collaborative-projects.html" "Mozilla/5.0 (X11; Ubuntu; Linux x86_64; rv:98.0) Gecko/20100101 Firefox/98.0"
62.226.207.222 - - [15/Mar/2022:09:36:56 +0000] "GET /fonts/roboto-v18-latin-700.woff2 HTTP/1.1" 200 16332 "https://www.ai-news.lmu.de/2022/03/04/Bavarian-Canadian-collaborative-projects.html" "Mozilla/5.0 (X11; Ubuntu; Linux x86_64; rv:98.0) Gecko/20100101 Firefox/98.0"
62.226.207.222 - - [15/Mar/2022:09:36:56 +0000] "GET /files/v2_6_10_vue_min.js HTTP/1.1" 200 34564 "https://www.ai-news.lmu.de/2022/03/04/Bavarian-Canadian-collaborative-projects.html" "Mozilla/5.0 (X11; Ubuntu; Linux x86_64; rv:98.0) Gecko/20100101 Firefox/98.0"
62.226.207.222 - - [15/Mar/2022:09:36:56 +0000] "GET /files/jquery-3.5.1.min.js HTTP/1.1" 200 31959 "https://www.ai-news.lmu.de/2022/03/04/Bavarian-Canadian-collaborative-projects.html" "Mozilla/5.0 (X11; Ubuntu; Linux x86_64; rv:98.0) Gecko/20100101 Firefox/98.0"
62.226.207.222 - - [15/Mar/2022:09:36:56 +0000] "GET /files/v4_2_6_es6-promise_auto.min.js HTTP/1.1" 200 2785 "https://www.ai-news.lmu.de/2022/03/04/Bavarian-Canadian-collaborative-projects.html" "Mozilla/5.0 (X11; Ubuntu; Linux x86_64; rv:98.0) Gecko/20100101 Firefox/98.0"
62.226.207.222 - - [15/Mar/2022:09:36:56 +0000] "GET /files/v3_1_0_vuex.min.js HTTP/1.1" 200 4846 "https://www.ai-news.lmu.de/2022/03/04/Bavarian-Canadian-collaborative-projects.html" "Mozilla/5.0 (X11; Ubuntu; Linux x86_64; rv:98.0) Gecko/20100101 Firefox/98.0"
62.226.207.222 - - [15/Mar/2022:09:36:56 +0000] "GET /files/v0_18_0_axios.min.js HTTP/1.1" 200 4855 "https://www.ai-news.lmu.de/2022/03/04/Bavarian-Canadian-collaborative-projects.html" "Mozilla/5.0 (X11; Ubuntu; Linux x86_64; rv:98.0) Gecko/20100101 Firefox/98.0"
62.226.207.222 - - [15/Mar/2022:09:36:56 +0000] "GET /files/vendors-app.bundle.js HTTP/1.1" 200 40005 "https://www.ai-news.lmu.de/2022/03/04/Bavarian-Canadian-collaborative-projects.html" "Mozilla/5.0 (X11; Ubuntu; Linux x86_64; rv:98.0) Gecko/20100101 Firefox/98.0"
62.226.207.222 - - [15/Mar/2022:09:36:56 +0000] "GET /files/runtime.bundle.js HTTP/1.1" 200 1087 "https://www.ai-news.lmu.de/2022/03/04/Bavarian-Canadian-collaborative-projects.html" "Mozilla/5.0 (X11; Ubuntu; Linux x86_64; rv:98.0) Gecko/20100101 Firefox/98.0"
62.226.207.222 - - [15/Mar/2022:09:36:56 +0000] "GET /files/bundle.vue.js HTTP/1.1" 200 39272 "https://www.ai-news.lmu.de/2022/03/04/Bavarian-Canadian-collaborative-projects.html" "Mozilla/5.0 (X11; Ubuntu; Linux x86_64; rv:98.0) Gecko/20100101 Firefox/98.0"
62.226.207.222 - - [15/Mar/2022:09:36:56 +0000] "GET /files/app.bundle.css HTTP/1.1" 200 93112 "https://www.ai-news.lmu.de/2022/03/04/Bavarian-Canadian-collaborative-projects.html" "Mozilla/5.0 (X11; Ubuntu; Linux x86_64; rv:98.0) Gecko/20100101 Firefox/98.0"
62.226.207.222 - - [15/Mar/2022:09:36:56 +0000] "GET /files/app.bundle.js HTTP/1.1" 200 59193 "https://www.ai-news.lmu.de/2022/03/04/Bavarian-Canadian-collaborative-projects.html" "Mozilla/5.0 (X11; Ubuntu; Linux x86_64; rv:98.0) Gecko/20100101 Firefox/98.0"
62.226.207.222 - - [15/Mar/2022:09:36:56 +0000] "GET /files/640px-Flag_of_Canada_and_Germany.svg.png HTTP/1.1" 200 7558 "https://www.ai-news.lmu.de/2022/03/04/Bavarian-Canadian-collaborative-projects.html" "Mozilla/5.0 (X11; Ubuntu; Linux x86_64; rv:98.0) Gecko/20100101 Firefox/98.0"
62.226.207.222 - - [15/Mar/2022:09:36:56 +0000] "GET /files/Logo_LMU.svg HTTP/1.1" 200 19647 "https://www.ai-news.lmu.de/2022/03/04/Bavarian-Canadian-collaborative-projects.html" "Mozilla/5.0 (X11; Ubuntu; Linux x86_64; rv:98.0) Gecko/20100101 Firefox/98.0"
62.226.207.222 - - [15/Mar/2022:09:36:57 +0000] "GET /icons/sprites/sprites-sprite.svg HTTP/1.1" 200 83104 "https://www.ai-news.lmu.de/files/app.bundle.css" "Mozilla/5.0 (X11; Ubuntu; Linux x86_64; rv:98.0) Gecko/20100101 Firefox/98.0"
62.226.207.222 - - [15/Mar/2022:09:36:57 +0000] "GET /img/footer-bg.svg HTTP/1.1" 200 303040 "https://www.ai-news.lmu.de/files/app.bundle.css" "Mozilla/5.0 (X11; Ubuntu; Linux x86_64; rv:98.0) Gecko/20100101 Firefox/98.0"
62.226.207.222 - - [15/Mar/2022:09:36:57 +0000] "GET /files/favicon.ico HTTP/1.1" 200 7751 "https://www.ai-news.lmu.de/2022/03/04/Bavarian-Canadian-collaborative-projects.html" "Mozilla/5.0 (X11; Ubuntu; Linux x86_64; rv:98.0) Gecko/20100101 Firefox/98.0"
62.226.207.222 - - [15/Mar/2022:09:36:57 +0000] "GET /files/standard-json-navigation-generating-site.json?nocache=1647337017054 HTTP/1.1" 200 2325 "https://www.ai-news.lmu.de/2022/03/04/Bavarian-Canadian-collaborative-projects.html" "Mozilla/5.0 (X11; Ubuntu; Linux x86_64; rv:98.0) Gecko/20100101 Firefox/98.0"
130.211.54.158 - - [15/Mar/2022:09:38:23 +0000] "GET / HTTP/1.1" 200 9958 "-" "python-requests/2.27.1"
208.115.199.23 - - [15/Mar/2022:09:41:56 +0000] "HEAD / HTTP/1.1" 200 5513 "https://www.ai-news.lmu.de/" "Mozilla/5.0+(compatible; UptimeRobot/2.0; http://www.uptimerobot.com/)"
80.131.126.201 - - [15/Mar/2022:09:43:29 +0000] "GET / HTTP/1.1" 200 10600 "https://www.lmu.de/" "Mozilla/5.0 (Macintosh; Intel Mac OS X 10_15_7) AppleWebKit/605.1.15 (KHTML, like Gecko) Version/15.1 Safari/605.1.15"
80.131.126.201 - - [15/Mar/2022:09:43:29 +0000] "GET /fonts/roboto-v18-latin-300.woff2 HTTP/1.1" 200 15772 "https://www.ai-news.lmu.de/" "Mozilla/5.0 (Macintosh; Intel Mac OS X 10_15_7) AppleWebKit/605.1.15 (KHTML, like Gecko) Version/15.1 Safari/605.1.15"
80.131.126.201 - - [15/Mar/2022:09:43:29 +0000] "GET /files/v2_6_10_vue_min.js HTTP/1.1" 200 34564 "https://www.ai-news.lmu.de/" "Mozilla/5.0 (Macintosh; Intel Mac OS X 10_15_7) AppleWebKit/605.1.15 (KHTML, like Gecko) Version/15.1 Safari/605.1.15"
80.131.126.201 - - [15/Mar/2022:09:43:29 +0000] "GET /fonts/roboto-v18-latin-regular.woff2 HTTP/1.1" 200 20881 "https://www.ai-news.lmu.de/" "Mozilla/5.0 (Macintosh; Intel Mac OS X 10_15_7) AppleWebKit/605.1.15 (KHTML, like Gecko) Version/15.1 Safari/605.1.15"
80.131.126.201 - - [15/Mar/2022:09:43:29 +0000] "GET /fonts/roboto-v18-latin-700.woff2 HTTP/1.1" 200 20973 "https://www.ai-news.lmu.de/" "Mozilla/5.0 (Macintosh; Intel Mac OS X 10_15_7) AppleWebKit/605.1.15 (KHTML, like Gecko) Version/15.1 Safari/605.1.15"
80.131.126.201 - - [15/Mar/2022:09:43:29 +0000] "GET /fonts/roboto-v18-latin-italic.woff2 HTTP/1.1" 200 22503 "https://www.ai-news.lmu.de/" "Mozilla/5.0 (Macintosh; Intel Mac OS X 10_15_7) AppleWebKit/605.1.15 (KHTML, like Gecko) Version/15.1 Safari/605.1.15"
80.131.126.201 - - [15/Mar/2022:09:43:29 +0000] "GET /files/jquery-3.5.1.min.js HTTP/1.1" 200 36600 "https://www.ai-news.lmu.de/" "Mozilla/5.0 (Macintosh; Intel Mac OS X 10_15_7) AppleWebKit/605.1.15 (KHTML, like Gecko) Version/15.1 Safari/605.1.15"
80.131.126.201 - - [15/Mar/2022:09:43:29 +0000] "GET /files/app.bundle.css HTTP/1.1" 200 97753 "https://www.ai-news.lmu.de/" "Mozilla/5.0 (Macintosh; Intel Mac OS X 10_15_7) AppleWebKit/605.1.15 (KHTML, like Gecko) Version/15.1 Safari/605.1.15"
80.131.126.201 - - [15/Mar/2022:09:43:29 +0000] "GET /files/v3_1_0_vuex.min.js HTTP/1.1" 200 4282 "https://www.ai-news.lmu.de/" "Mozilla/5.0 (Macintosh; Intel Mac OS X 10_15_7) AppleWebKit/605.1.15 (KHTML, like Gecko) Version/15.1 Safari/605.1.15"
80.131.126.201 - - [15/Mar/2022:09:43:29 +0000] "GET /files/v4_2_6_es6-promise_auto.min.js HTTP/1.1" 200 2785 "https://www.ai-news.lmu.de/" "Mozilla/5.0 (Macintosh; Intel Mac OS X 10_15_7) AppleWebKit/605.1.15 (KHTML, like Gecko) Version/15.1 Safari/605.1.15"
80.131.126.201 - - [15/Mar/2022:09:43:29 +0000] "GET /files/v0_18_0_axios.min.js HTTP/1.1" 200 4855 "https://www.ai-news.lmu.de/" "Mozilla/5.0 (Macintosh; Intel Mac OS X 10_15_7) AppleWebKit/605.1.15 (KHTML, like Gecko) Version/15.1 Safari/605.1.15"
80.131.126.201 - - [15/Mar/2022:09:43:29 +0000] "GET /files/runtime.bundle.js HTTP/1.1" 200 1087 "https://www.ai-news.lmu.de/" "Mozilla/5.0 (Macintosh; Intel Mac OS X 10_15_7) AppleWebKit/605.1.15 (KHTML, like Gecko) Version/15.1 Safari/605.1.15"
80.131.126.201 - - [15/Mar/2022:09:43:29 +0000] "GET /files/vendors-app.bundle.js HTTP/1.1" 200 40005 "https://www.ai-news.lmu.de/" "Mozilla/5.0 (Macintosh; Intel Mac OS X 10_15_7) AppleWebKit/605.1.15 (KHTML, like Gecko) Version/15.1 Safari/605.1.15"
80.131.126.201 - - [15/Mar/2022:09:43:29 +0000] "GET /files/bundle.vue.js HTTP/1.1" 200 39272 "https://www.ai-news.lmu.de/" "Mozilla/5.0 (Macintosh; Intel Mac OS X 10_15_7) AppleWebKit/605.1.15 (KHTML, like Gecko) Version/15.1 Safari/605.1.15"
80.131.126.201 - - [15/Mar/2022:09:43:29 +0000] "GET /files/app.bundle.js HTTP/1.1" 200 59193 "https://www.ai-news.lmu.de/" "Mozilla/5.0 (Macintosh; Intel Mac OS X 10_15_7) AppleWebKit/605.1.15 (KHTML, like Gecko) Version/15.1 Safari/605.1.15"
80.131.126.201 - - [15/Mar/2022:09:43:30 +0000] "GET /files/Logo_LMU.svg HTTP/1.1" 200 19647 "https://www.ai-news.lmu.de/" "Mozilla/5.0 (Macintosh; Intel Mac OS X 10_15_7) AppleWebKit/605.1.15 (KHTML, like Gecko) Version/15.1 Safari/605.1.15"
80.131.126.201 - - [15/Mar/2022:09:43:30 +0000] "GET /files/robot_back_small.jpg HTTP/1.1" 200 349911 "https://www.ai-news.lmu.de/" "Mozilla/5.0 (Macintosh; Intel Mac OS X 10_15_7) AppleWebKit/605.1.15 (KHTML, like Gecko) Version/15.1 Safari/605.1.15"
80.131.126.201 - - [15/Mar/2022:09:43:30 +0000] "GET /icons/sprites/sprites-sprite.svg HTTP/1.1" 200 83104 "https://www.ai-news.lmu.de/" "Mozilla/5.0 (Macintosh; Intel Mac OS X 10_15_7) AppleWebKit/605.1.15 (KHTML, like Gecko) Version/15.1 Safari/605.1.15"
80.131.126.201 - - [15/Mar/2022:09:43:30 +0000] "GET /files/kreuter_small.jpg HTTP/1.1" 200 273037 "https://www.ai-news.lmu.de/" "Mozilla/5.0 (Macintosh; Intel Mac OS X 10_15_7) AppleWebKit/605.1.15 (KHTML, like Gecko) Version/15.1 Safari/605.1.15"
80.131.126.201 - - [15/Mar/2022:09:43:30 +0000] "GET /files/640px-Flag_of_Canada_and_Germany.svg.png HTTP/1.1" 200 7558 "https://www.ai-news.lmu.de/" "Mozilla/5.0 (Macintosh; Intel Mac OS X 10_15_7) AppleWebKit/605.1.15 (KHTML, like Gecko) Version/15.1 Safari/605.1.15"
80.131.126.201 - - [15/Mar/2022:09:43:30 +0000] "GET /files/newspapers.jpg HTTP/1.1" 200 134064 "https://www.ai-news.lmu.de/" "Mozilla/5.0 (Macintosh; Intel Mac OS X 10_15_7) AppleWebKit/605.1.15 (KHTML, like Gecko) Version/15.1 Safari/605.1.15"
