80.129.160.76 - - [15/Mar/2022:14:34:47 +0000] "GET /files/runtime.bundle.js HTTP/1.1" 200 1087 "https://www.ai-news.lmu.de/" "Mozilla/5.0 (Windows NT 10.0; Win64; x64) AppleWebKit/537.36 (KHTML, like Gecko) Chrome/99.0.4844.51 Safari/537.36"
80.129.160.76 - - [15/Mar/2022:14:34:47 +0000] "GET /files/Logo_LMU.svg HTTP/1.1" 200 19647 "https://www.ai-news.lmu.de/" "Mozilla/5.0 (Windows NT 10.0; Win64; x64) AppleWebKit/537.36 (KHTML, like Gecko) Chrome/99.0.4844.51 Safari/537.36"
80.129.160.76 - - [15/Mar/2022:14:34:47 +0000] "GET /files/bundle.vue.js HTTP/1.1" 200 39272 "https://www.ai-news.lmu.de/" "Mozilla/5.0 (Windows NT 10.0; Win64; x64) AppleWebKit/537.36 (KHTML, like Gecko) Chrome/99.0.4844.51 Safari/537.36"
80.129.160.76 - - [15/Mar/2022:14:34:47 +0000] "GET /files/app.bundle.js HTTP/1.1" 200 59193 "https://www.ai-news.lmu.de/" "Mozilla/5.0 (Windows NT 10.0; Win64; x64) AppleWebKit/537.36 (KHTML, like Gecko) Chrome/99.0.4844.51 Safari/537.36"
80.129.160.76 - - [15/Mar/2022:14:34:47 +0000] "GET /files/robot_back_small.jpg HTTP/1.1" 200 349911 "https://www.ai-news.lmu.de/" "Mozilla/5.0 (Windows NT 10.0; Win64; x64) AppleWebKit/537.36 (KHTML, like Gecko) Chrome/99.0.4844.51 Safari/537.36"
80.129.160.76 - - [15/Mar/2022:14:34:47 +0000] "GET /files/kreuter_small.jpg HTTP/1.1" 200 273037 "https://www.ai-news.lmu.de/" "Mozilla/5.0 (Windows NT 10.0; Win64; x64) AppleWebKit/537.36 (KHTML, like Gecko) Chrome/99.0.4844.51 Safari/537.36"
80.129.160.76 - - [15/Mar/2022:14:34:47 +0000] "GET /files/640px-Flag_of_Canada_and_Germany.svg.png HTTP/1.1" 200 7558 "https://www.ai-news.lmu.de/" "Mozilla/5.0 (Windows NT 10.0; Win64; x64) AppleWebKit/537.36 (KHTML, like Gecko) Chrome/99.0.4844.51 Safari/537.36"
80.129.160.76 - - [15/Mar/2022:14:34:47 +0000] "GET /files/newspapers.jpg HTTP/1.1" 200 134064 "https://www.ai-news.lmu.de/" "Mozilla/5.0 (Windows NT 10.0; Win64; x64) AppleWebKit/537.36 (KHTML, like Gecko) Chrome/99.0.4844.51 Safari/537.36"
80.129.160.76 - - [15/Mar/2022:14:34:47 +0000] "GET /icons/sprites/sprites-sprite.svg HTTP/1.1" 200 83104 "https://www.ai-news.lmu.de/files/app.bundle.css" "Mozilla/5.0 (Windows NT 10.0; Win64; x64) AppleWebKit/537.36 (KHTML, like Gecko) Chrome/99.0.4844.51 Safari/537.36"
80.129.160.76 - - [15/Mar/2022:14:34:47 +0000] "GET /img/footer-bg.svg HTTP/1.1" 200 303040 "https://www.ai-news.lmu.de/files/app.bundle.css" "Mozilla/5.0 (Windows NT 10.0; Win64; x64) AppleWebKit/537.36 (KHTML, like Gecko) Chrome/99.0.4844.51 Safari/537.36"
80.129.160.76 - - [15/Mar/2022:14:34:47 +0000] "GET /files/standard-json-navigation-generating-site.json?nocache=1647354886437 HTTP/1.1" 200 2325 "https://www.ai-news.lmu.de/" "Mozilla/5.0 (Windows NT 10.0; Win64; x64) AppleWebKit/537.36 (KHTML, like Gecko) Chrome/99.0.4844.51 Safari/537.36"
80.129.160.76 - - [15/Mar/2022:14:34:47 +0000] "GET /files/favicon.ico HTTP/1.1" 200 7751 "https://www.ai-news.lmu.de/" "Mozilla/5.0 (Windows NT 10.0; Win64; x64) AppleWebKit/537.36 (KHTML, like Gecko) Chrome/99.0.4844.51 Safari/537.36"
95.91.251.222 - - [15/Mar/2022:14:36:31 +0000] "GET /feed.xml HTTP/1.1" 304 767 "-" "Mozilla/5.0 (Windows NT 10.0; Win64; x64; rv:91.0) Gecko/20100101 Thunderbird/91.7.0"
80.145.24.54 - - [15/Mar/2022:14:38:58 +0000] "GET / HTTP/1.1" 200 10600 "https://www.mathematik.uni-muenchen.de/" "Mozilla/5.0 (Windows NT 10.0; Win64; x64; rv:97.0) Gecko/20100101 Firefox/97.0"
80.145.24.54 - - [15/Mar/2022:14:38:58 +0000] "GET /fonts/roboto-v18-latin-300.woff2 HTTP/1.1" 200 15772 "https://www.ai-news.lmu.de/" "Mozilla/5.0 (Windows NT 10.0; Win64; x64; rv:97.0) Gecko/20100101 Firefox/97.0"
80.145.24.54 - - [15/Mar/2022:14:38:58 +0000] "GET /fonts/roboto-v18-latin-regular.woff2 HTTP/1.1" 200 15676 "https://www.ai-news.lmu.de/" "Mozilla/5.0 (Windows NT 10.0; Win64; x64; rv:97.0) Gecko/20100101 Firefox/97.0"
80.145.24.54 - - [15/Mar/2022:14:38:58 +0000] "GET /files/v3_1_0_vuex.min.js HTTP/1.1" 200 4282 "https://www.ai-news.lmu.de/" "Mozilla/5.0 (Windows NT 10.0; Win64; x64; rv:97.0) Gecko/20100101 Firefox/97.0"
80.145.24.54 - - [15/Mar/2022:14:38:58 +0000] "GET /files/v4_2_6_es6-promise_auto.min.js HTTP/1.1" 200 2785 "https://www.ai-news.lmu.de/" "Mozilla/5.0 (Windows NT 10.0; Win64; x64; rv:97.0) Gecko/20100101 Firefox/97.0"
80.145.24.54 - - [15/Mar/2022:14:38:58 +0000] "GET /fonts/roboto-v18-latin-italic.woff2 HTTP/1.1" 200 22503 "https://www.ai-news.lmu.de/" "Mozilla/5.0 (Windows NT 10.0; Win64; x64; rv:97.0) Gecko/20100101 Firefox/97.0"
80.145.24.54 - - [15/Mar/2022:14:38:58 +0000] "GET /files/v0_18_0_axios.min.js HTTP/1.1" 200 4855 "https://www.ai-news.lmu.de/" "Mozilla/5.0 (Windows NT 10.0; Win64; x64; rv:97.0) Gecko/20100101 Firefox/97.0"
80.145.24.54 - - [15/Mar/2022:14:38:58 +0000] "GET /fonts/roboto-v18-latin-700.woff2 HTTP/1.1" 200 20973 "https://www.ai-news.lmu.de/" "Mozilla/5.0 (Windows NT 10.0; Win64; x64; rv:97.0) Gecko/20100101 Firefox/97.0"
80.145.24.54 - - [15/Mar/2022:14:38:58 +0000] "GET /files/v2_6_10_vue_min.js HTTP/1.1" 200 39769 "https://www.ai-news.lmu.de/" "Mozilla/5.0 (Windows NT 10.0; Win64; x64; rv:97.0) Gecko/20100101 Firefox/97.0"
80.145.24.54 - - [15/Mar/2022:14:38:58 +0000] "GET /files/jquery-3.5.1.min.js HTTP/1.1" 200 36600 "https://www.ai-news.lmu.de/" "Mozilla/5.0 (Windows NT 10.0; Win64; x64; rv:97.0) Gecko/20100101 Firefox/97.0"
80.145.24.54 - - [15/Mar/2022:14:38:58 +0000] "GET /files/runtime.bundle.js HTTP/1.1" 200 1087 "https://www.ai-news.lmu.de/" "Mozilla/5.0 (Windows NT 10.0; Win64; x64; rv:97.0) Gecko/20100101 Firefox/97.0"
80.145.24.54 - - [15/Mar/2022:14:38:58 +0000] "GET /files/vendors-app.bundle.js HTTP/1.1" 200 40005 "https://www.ai-news.lmu.de/" "Mozilla/5.0 (Windows NT 10.0; Win64; x64; rv:97.0) Gecko/20100101 Firefox/97.0"
80.145.24.54 - - [15/Mar/2022:14:38:58 +0000] "GET /files/bundle.vue.js HTTP/1.1" 200 39272 "https://www.ai-news.lmu.de/" "Mozilla/5.0 (Windows NT 10.0; Win64; x64; rv:97.0) Gecko/20100101 Firefox/97.0"
80.145.24.54 - - [15/Mar/2022:14:38:58 +0000] "GET /files/app.bundle.js HTTP/1.1" 200 59193 "https://www.ai-news.lmu.de/" "Mozilla/5.0 (Windows NT 10.0; Win64; x64; rv:97.0) Gecko/20100101 Firefox/97.0"
80.145.24.54 - - [15/Mar/2022:14:38:58 +0000] "GET /files/app.bundle.css HTTP/1.1" 200 97753 "https://www.ai-news.lmu.de/" "Mozilla/5.0 (Windows NT 10.0; Win64; x64; rv:97.0) Gecko/20100101 Firefox/97.0"
80.145.24.54 - - [15/Mar/2022:14:38:58 +0000] "GET /files/Logo_LMU.svg HTTP/1.1" 200 19647 "https://www.ai-news.lmu.de/" "Mozilla/5.0 (Windows NT 10.0; Win64; x64; rv:97.0) Gecko/20100101 Firefox/97.0"
80.145.24.54 - - [15/Mar/2022:14:38:58 +0000] "GET /files/640px-Flag_of_Canada_and_Germany.svg.png HTTP/1.1" 200 7558 "https://www.ai-news.lmu.de/" "Mozilla/5.0 (Windows NT 10.0; Win64; x64; rv:97.0) Gecko/20100101 Firefox/97.0"
80.145.24.54 - - [15/Mar/2022:14:38:58 +0000] "GET /files/newspapers.jpg HTTP/1.1" 200 134064 "https://www.ai-news.lmu.de/" "Mozilla/5.0 (Windows NT 10.0; Win64; x64; rv:97.0) Gecko/20100101 Firefox/97.0"
80.145.24.54 - - [15/Mar/2022:14:38:58 +0000] "GET /files/kreuter_small.jpg HTTP/1.1" 200 273037 "https://www.ai-news.lmu.de/" "Mozilla/5.0 (Windows NT 10.0; Win64; x64; rv:97.0) Gecko/20100101 Firefox/97.0"
80.145.24.54 - - [15/Mar/2022:14:38:58 +0000] "GET /files/robot_back_small.jpg HTTP/1.1" 200 349911 "https://www.ai-news.lmu.de/" "Mozilla/5.0 (Windows NT 10.0; Win64; x64; rv:97.0) Gecko/20100101 Firefox/97.0"
80.145.24.54 - - [15/Mar/2022:14:38:58 +0000] "GET /icons/sprites/sprites-sprite.svg HTTP/1.1" 200 83104 "https://www.ai-news.lmu.de/files/app.bundle.css" "Mozilla/5.0 (Windows NT 10.0; Win64; x64; rv:97.0) Gecko/20100101 Firefox/97.0"
80.145.24.54 - - [15/Mar/2022:14:38:58 +0000] "GET /img/footer-bg.svg HTTP/1.1" 200 303040 "https://www.ai-news.lmu.de/files/app.bundle.css" "Mozilla/5.0 (Windows NT 10.0; Win64; x64; rv:97.0) Gecko/20100101 Firefox/97.0"
80.145.24.54 - - [15/Mar/2022:14:38:59 +0000] "GET /files/favicon.ico HTTP/1.1" 200 7751 "https://www.ai-news.lmu.de/" "Mozilla/5.0 (Windows NT 10.0; Win64; x64; rv:97.0) Gecko/20100101 Firefox/97.0"
80.145.24.54 - - [15/Mar/2022:14:38:59 +0000] "GET /files/standard-json-navigation-generating-site.json?nocache=1647355139062 HTTP/1.1" 200 2325 "https://www.ai-news.lmu.de/" "Mozilla/5.0 (Windows NT 10.0; Win64; x64; rv:97.0) Gecko/20100101 Firefox/97.0"
208.115.199.23 - - [15/Mar/2022:14:39:22 +0000] "HEAD / HTTP/1.1" 200 5513 "https://www.ai-news.lmu.de/" "Mozilla/5.0+(compatible; UptimeRobot/2.0; http://www.uptimerobot.com/)"
208.115.199.23 - - [15/Mar/2022:14:44:22 +0000] "HEAD / HTTP/1.1" 200 5513 "https://www.ai-news.lmu.de/" "Mozilla/5.0+(compatible; UptimeRobot/2.0; http://www.uptimerobot.com/)"
208.115.199.23 - - [15/Mar/2022:14:49:22 +0000] "HEAD / HTTP/1.1" 200 5513 "https://www.ai-news.lmu.de/" "Mozilla/5.0+(compatible; UptimeRobot/2.0; http://www.uptimerobot.com/)"
95.91.251.222 - - [15/Mar/2022:14:51:17 +0000] "GET /feed.xml HTTP/1.1" 304 5408 "-" "Mozilla/5.0 (Windows NT 10.0; Win64; x64; rv:91.0) Gecko/20100101 Thunderbird/91.7.0"
95.112.108.32 - - [15/Mar/2022:14:53:10 +0000] "GET /feed.xml HTTP/1.1" 304 5408 "-" "Mozilla/5.0 (Windows NT 10.0; Win64; x64; rv:91.0) Gecko/20100101 Thunderbird/91.7.0"
208.115.199.23 - - [15/Mar/2022:14:54:22 +0000] "HEAD / HTTP/1.1" 200 5513 "https://www.ai-news.lmu.de/" "Mozilla/5.0+(compatible; UptimeRobot/2.0; http://www.uptimerobot.com/)"
95.91.253.155 - - [15/Mar/2022:14:55:47 +0000] "GET /feed.xml HTTP/1.1" 304 5408 "-" "Mozilla/5.0 (X11; Linux x86_64; rv:91.0) Gecko/20100101 Thunderbird/91.6.2"
141.84.9.48 - - [15/Mar/2022:14:56:26 +0000] "GET /calendar.ics HTTP/1.1" 304 5408 "-" "Mozilla/5.0 (X11; Linux x86_64; rv:91.0) Gecko/20100101 Thunderbird/91.5.0"
208.115.199.23 - - [15/Mar/2022:14:59:22 +0000] "HEAD / HTTP/1.1" 200 5513 "https://www.ai-news.lmu.de/" "Mozilla/5.0+(compatible; UptimeRobot/2.0; http://www.uptimerobot.com/)"
95.112.108.32 - - [15/Mar/2022:15:00:32 +0000] "GET /calendar.ics HTTP/1.1" 304 5408 "-" "Mozilla/5.0 (Windows NT 10.0; Win64; x64; rv:91.0) Gecko/20100101 Thunderbird/91.7.0"
208.115.199.23 - - [15/Mar/2022:15:04:22 +0000] "HEAD / HTTP/1.1" 200 5513 "https://www.ai-news.lmu.de/" "Mozilla/5.0+(compatible; UptimeRobot/2.0; http://www.uptimerobot.com/)"
208.115.199.23 - - [15/Mar/2022:15:09:22 +0000] "HEAD / HTTP/1.1" 200 5513 "https://www.ai-news.lmu.de/" "Mozilla/5.0+(compatible; UptimeRobot/2.0; http://www.uptimerobot.com/)"
208.115.199.23 - - [15/Mar/2022:15:14:22 +0000] "HEAD / HTTP/1.1" 200 5513 "https://www.ai-news.lmu.de/" "Mozilla/5.0+(compatible; UptimeRobot/2.0; http://www.uptimerobot.com/)"
208.115.199.23 - - [15/Mar/2022:15:19:22 +0000] "HEAD / HTTP/1.1" 200 5513 "https://www.ai-news.lmu.de/" "Mozilla/5.0+(compatible; UptimeRobot/2.0; http://www.uptimerobot.com/)"
95.91.251.222 - - [15/Mar/2022:15:22:04 +0000] "GET /feed.xml HTTP/1.1" 304 5408 "-" "Mozilla/5.0 (Windows NT 10.0; Win64; x64; rv:91.0) Gecko/20100101 Thunderbird/91.7.0"
87.123.244.33 - - [15/Mar/2022:15:23:13 +0000] "GET /feed.xml HTTP/1.1" 304 5408 "-" "Mozilla/5.0 (Windows NT 10.0; Win64; x64; rv:91.0) Gecko/20100101 Thunderbird/91.7.0"
208.115.199.23 - - [15/Mar/2022:15:24:22 +0000] "HEAD / HTTP/1.1" 200 5513 "https://www.ai-news.lmu.de/" "Mozilla/5.0+(compatible; UptimeRobot/2.0; http://www.uptimerobot.com/)"
141.84.9.48 - - [15/Mar/2022:15:26:26 +0000] "GET /calendar.ics HTTP/1.1" 304 5408 "-" "Mozilla/5.0 (X11; Linux x86_64; rv:91.0) Gecko/20100101 Thunderbird/91.5.0"
208.115.199.23 - - [15/Mar/2022:15:29:22 +0000] "HEAD / HTTP/1.1" 200 5513 "https://www.ai-news.lmu.de/" "Mozilla/5.0+(compatible; UptimeRobot/2.0; http://www.uptimerobot.com/)"
95.112.108.32 - - [15/Mar/2022:15:30:32 +0000] "GET /calendar.ics HTTP/1.1" 304 5408 "-" "Mozilla/5.0 (Windows NT 10.0; Win64; x64; rv:91.0) Gecko/20100101 Thunderbird/91.7.0"
208.115.199.23 - - [15/Mar/2022:15:34:22 +0000] "HEAD / HTTP/1.1" 200 5513 "https://www.ai-news.lmu.de/" "Mozilla/5.0+(compatible; UptimeRobot/2.0; http://www.uptimerobot.com/)"
208.115.199.23 - - [15/Mar/2022:15:39:22 +0000] "HEAD / HTTP/1.1" 200 5513 "https://www.ai-news.lmu.de/" "Mozilla/5.0+(compatible; UptimeRobot/2.0; http://www.uptimerobot.com/)"
208.115.199.23 - - [15/Mar/2022:15:44:22 +0000] "HEAD / HTTP/1.1" 200 5513 "https://www.ai-news.lmu.de/" "Mozilla/5.0+(compatible; UptimeRobot/2.0; http://www.uptimerobot.com/)"
141.40.252.102 - - [15/Mar/2022:15:47:26 +0000] "GET /feed.xml HTTP/1.1" 304 5408 "-" "Mozilla/5.0 (Windows NT 10.0; Win64; x64; rv:91.0) Gecko/20100101 Thunderbird/91.7.0"
208.115.199.23 - - [15/Mar/2022:15:49:22 +0000] "HEAD / HTTP/1.1" 200 5513 "https://www.ai-news.lmu.de/" "Mozilla/5.0+(compatible; UptimeRobot/2.0; http://www.uptimerobot.com/)"
208.115.199.23 - - [15/Mar/2022:15:54:22 +0000] "HEAD / HTTP/1.1" 200 5513 "https://www.ai-news.lmu.de/" "Mozilla/5.0+(compatible; UptimeRobot/2.0; http://www.uptimerobot.com/)"
141.84.9.48 - - [15/Mar/2022:15:56:26 +0000] "GET /calendar.ics HTTP/1.1" 304 5408 "-" "Mozilla/5.0 (X11; Linux x86_64; rv:91.0) Gecko/20100101 Thunderbird/91.5.0"
208.115.199.23 - - [15/Mar/2022:15:59:22 +0000] "HEAD / HTTP/1.1" 200 5513 "https://www.ai-news.lmu.de/" "Mozilla/5.0+(compatible; UptimeRobot/2.0; http://www.uptimerobot.com/)"
159.89.43.145 - - [15/Mar/2022:15:59:58 +0000] "GET /feed.xml HTTP/1.1" 304 5356 "-" "Mozilla/5.0 (feeder.co; Intel Mac OS X 10_13_6) AppleWebKit/537.36 (KHTML, like Gecko) Chrome/67.0.3396.99 Safari/537.36"
95.112.108.32 - - [15/Mar/2022:16:00:32 +0000] "GET /calendar.ics HTTP/1.1" 304 5408 "-" "Mozilla/5.0 (Windows NT 10.0; Win64; x64; rv:91.0) Gecko/20100101 Thunderbird/91.7.0"
95.91.251.222 - - [15/Mar/2022:16:01:59 +0000] "GET /feed.xml HTTP/1.1" 304 5408 "-" "Mozilla/5.0 (Windows NT 10.0; Win64; x64; rv:91.0) Gecko/20100101 Thunderbird/91.7.0"
208.115.199.23 - - [15/Mar/2022:16:04:22 +0000] "HEAD / HTTP/1.1" 200 5513 "https://www.ai-news.lmu.de/" "Mozilla/5.0+(compatible; UptimeRobot/2.0; http://www.uptimerobot.com/)"
95.112.108.32 - - [15/Mar/2022:16:06:07 +0000] "GET /feed.xml HTTP/1.1" 304 5408 "-" "Mozilla/5.0 (Windows NT 10.0; Win64; x64; rv:91.0) Gecko/20100101 Thunderbird/91.7.0"
208.115.199.23 - - [15/Mar/2022:16:09:22 +0000] "HEAD / HTTP/1.1" 200 5513 "https://www.ai-news.lmu.de/" "Mozilla/5.0+(compatible; UptimeRobot/2.0; http://www.uptimerobot.com/)"
46.114.90.80 - - [15/Mar/2022:16:11:05 +0000] "GET /feed.xml HTTP/1.1" 304 5408 "-" "Mozilla/5.0 (Macintosh; Intel Mac OS X 10.15; rv:91.0) Gecko/20100101 Thunderbird/91.7.0"
95.91.251.222 - - [15/Mar/2022:16:13:16 +0000] "GET /feed.xml HTTP/1.1" 304 5408 "-" "Mozilla/5.0 (Windows NT 10.0; Win64; x64; rv:91.0) Gecko/20100101 Thunderbird/91.7.0"
208.115.199.23 - - [15/Mar/2022:16:14:22 +0000] "HEAD / HTTP/1.1" 200 5513 "https://www.ai-news.lmu.de/" "Mozilla/5.0+(compatible; UptimeRobot/2.0; http://www.uptimerobot.com/)"
208.115.199.23 - - [15/Mar/2022:16:19:22 +0000] "HEAD / HTTP/1.1" 200 5513 "https://www.ai-news.lmu.de/" "Mozilla/5.0+(compatible; UptimeRobot/2.0; http://www.uptimerobot.com/)"
3.120.151.204 - - [15/Mar/2022:16:21:44 +0000] "GET /files/favicon.ico HTTP/1.1" 200 12904 "-" "Slack-ImgProxy (+https://api.slack.com/robots)"
208.115.199.23 - - [15/Mar/2022:16:24:22 +0000] "HEAD / HTTP/1.1" 200 5513 "https://www.ai-news.lmu.de/" "Mozilla/5.0+(compatible; UptimeRobot/2.0; http://www.uptimerobot.com/)"
141.84.9.48 - - [15/Mar/2022:16:26:26 +0000] "GET /calendar.ics HTTP/1.1" 304 5408 "-" "Mozilla/5.0 (X11; Linux x86_64; rv:91.0) Gecko/20100101 Thunderbird/91.5.0"
109.237.103.9 - - [15/Mar/2022:16:28:27 +0000] "GET /.env HTTP/1.1" 404 5635 "-" "Mozilla/5.0 (X11; Linux x86_64) AppleWebKit/537.36 (KHTML, like Gecko) Chrome/81.0.4044.129 Safari/537.36"
208.115.199.23 - - [15/Mar/2022:16:29:22 +0000] "HEAD / HTTP/1.1" 200 5513 "https://www.ai-news.lmu.de/" "Mozilla/5.0+(compatible; UptimeRobot/2.0; http://www.uptimerobot.com/)"
95.112.108.32 - - [15/Mar/2022:16:30:32 +0000] "GET /calendar.ics HTTP/1.1" 304 5408 "-" "Mozilla/5.0 (Windows NT 10.0; Win64; x64; rv:91.0) Gecko/20100101 Thunderbird/91.7.0"
208.115.199.23 - - [15/Mar/2022:16:36:46 +0000] "HEAD / HTTP/1.1" 200 5513 "https://www.ai-news.lmu.de/" "Mozilla/5.0+(compatible; UptimeRobot/2.0; http://www.uptimerobot.com/)"
95.91.253.155 - - [15/Mar/2022:16:37:35 +0000] "GET /feed.xml HTTP/1.1" 304 5408 "-" "Mozilla/5.0 (X11; Linux x86_64; rv:91.0) Gecko/20100101 Thunderbird/91.6.2"
137.184.78.103 - - [15/Mar/2022:16:39:25 +0000] "GET /feed.xml HTTP/1.1" 200 10506 "-" "NewsBlur Feed Fetcher - 1 subscriber - https://www.newsblur.com/site/8444680/ailmu (\"Mozilla/5.0 (Macintosh; Intel Mac OS X 10_15_7) AppleWebKit/605.1.15 (KHTML, like Gecko) Version/14.0.1 Safari/605.1.15\")"
137.184.78.103 - - [15/Mar/2022:16:39:26 +0000] "GET / HTTP/1.1" 200 10600 "-" "NewsBlur Page Fetcher - 1 subscriber - https://www.newsblur.com/site/8444680/ailmu (\"Mozilla/5.0 (Macintosh; Intel Mac OS X 10_15_7) AppleWebKit/605.1.15 (KHTML, like Gecko) Version/14.0.1 Safari/605.1.15\")"
208.115.199.23 - - [15/Mar/2022:16:41:46 +0000] "HEAD / HTTP/1.1" 200 5513 "https://www.ai-news.lmu.de/" "Mozilla/5.0+(compatible; UptimeRobot/2.0; http://www.uptimerobot.com/)"
208.115.199.23 - - [15/Mar/2022:16:46:46 +0000] "HEAD / HTTP/1.1" 200 5513 "https://www.ai-news.lmu.de/" "Mozilla/5.0+(compatible; UptimeRobot/2.0; http://www.uptimerobot.com/)"
208.115.199.23 - - [15/Mar/2022:16:51:46 +0000] "HEAD / HTTP/1.1" 200 5513 "https://www.ai-news.lmu.de/" "Mozilla/5.0+(compatible; UptimeRobot/2.0; http://www.uptimerobot.com/)"
8.29.198.27 - - [15/Mar/2022:16:52:04 +0000] "GET /feed.xml HTTP/1.1" 200 10555 "-" "Feedly/1.0 (+http://www.feedly.com/fetcher.html; 2 subscribers; like FeedFetcher-Google)"
141.84.9.48 - - [15/Mar/2022:16:56:26 +0000] "GET /calendar.ics HTTP/1.1" 304 5408 "-" "Mozilla/5.0 (X11; Linux x86_64; rv:91.0) Gecko/20100101 Thunderbird/91.5.0"
208.115.199.23 - - [15/Mar/2022:16:56:46 +0000] "HEAD / HTTP/1.1" 200 5513 "https://www.ai-news.lmu.de/" "Mozilla/5.0+(compatible; UptimeRobot/2.0; http://www.uptimerobot.com/)"
95.112.108.32 - - [15/Mar/2022:17:00:32 +0000] "GET /calendar.ics HTTP/1.1" 304 5408 "-" "Mozilla/5.0 (Windows NT 10.0; Win64; x64; rv:91.0) Gecko/20100101 Thunderbird/91.7.0"
208.115.199.23 - - [15/Mar/2022:17:01:46 +0000] "HEAD / HTTP/1.1" 200 5513 "https://www.ai-news.lmu.de/" "Mozilla/5.0+(compatible; UptimeRobot/2.0; http://www.uptimerobot.com/)"
87.123.244.33 - - [15/Mar/2022:17:03:33 +0000] "GET /feed.xml HTTP/1.1" 304 5408 "-" "Mozilla/5.0 (Windows NT 10.0; Win64; x64; rv:91.0) Gecko/20100101 Thunderbird/91.7.0"
208.115.199.23 - - [15/Mar/2022:17:06:46 +0000] "HEAD / HTTP/1.1" 200 5513 "https://www.ai-news.lmu.de/" "Mozilla/5.0+(compatible; UptimeRobot/2.0; http://www.uptimerobot.com/)"
95.91.251.222 - - [15/Mar/2022:17:08:49 +0000] "GET /feed.xml HTTP/1.1" 304 5408 "-" "Mozilla/5.0 (Windows NT 10.0; Win64; x64; rv:91.0) Gecko/20100101 Thunderbird/91.7.0"
95.91.251.222 - - [15/Mar/2022:17:08:56 +0000] "GET /favicon.ico HTTP/1.1" 200 8315 "-" "Mozilla/5.0 (Windows NT 10.0; Win64; x64; rv:91.0) Gecko/20100101 Thunderbird/91.7.0"
208.115.199.23 - - [15/Mar/2022:17:11:46 +0000] "HEAD / HTTP/1.1" 200 5513 "https://www.ai-news.lmu.de/" "Mozilla/5.0+(compatible; UptimeRobot/2.0; http://www.uptimerobot.com/)"
208.115.199.23 - - [15/Mar/2022:17:16:45 +0000] "HEAD / HTTP/1.1" 200 5513 "https://www.ai-news.lmu.de/" "Mozilla/5.0+(compatible; UptimeRobot/2.0; http://www.uptimerobot.com/)"
208.115.199.23 - - [15/Mar/2022:17:21:45 +0000] "HEAD / HTTP/1.1" 200 5513 "https://www.ai-news.lmu.de/" "Mozilla/5.0+(compatible; UptimeRobot/2.0; http://www.uptimerobot.com/)"
141.84.9.48 - - [15/Mar/2022:17:26:26 +0000] "GET /calendar.ics HTTP/1.1" 304 5408 "-" "Mozilla/5.0 (X11; Linux x86_64; rv:91.0) Gecko/20100101 Thunderbird/91.5.0"
208.115.199.23 - - [15/Mar/2022:17:26:45 +0000] "HEAD / HTTP/1.1" 200 5513 "https://www.ai-news.lmu.de/" "Mozilla/5.0+(compatible; UptimeRobot/2.0; http://www.uptimerobot.com/)"
141.40.252.102 - - [15/Mar/2022:17:27:27 +0000] "GET /feed.xml HTTP/1.1" 304 5408 "-" "Mozilla/5.0 (Windows NT 10.0; Win64; x64; rv:91.0) Gecko/20100101 Thunderbird/91.7.0"
95.112.108.32 - - [15/Mar/2022:17:30:32 +0000] "GET /calendar.ics HTTP/1.1" 304 5408 "-" "Mozilla/5.0 (Windows NT 10.0; Win64; x64; rv:91.0) Gecko/20100101 Thunderbird/91.7.0"
208.115.199.23 - - [15/Mar/2022:17:31:45 +0000] "HEAD / HTTP/1.1" 200 5513 "https://www.ai-news.lmu.de/" "Mozilla/5.0+(compatible; UptimeRobot/2.0; http://www.uptimerobot.com/)"
208.115.199.23 - - [15/Mar/2022:17:36:45 +0000] "HEAD / HTTP/1.1" 200 5513 "https://www.ai-news.lmu.de/" "Mozilla/5.0+(compatible; UptimeRobot/2.0; http://www.uptimerobot.com/)"
95.91.251.222 - - [15/Mar/2022:17:39:53 +0000] "GET /feed.xml HTTP/1.1" 304 5408 "-" "Mozilla/5.0 (Windows NT 10.0; Win64; x64; rv:91.0) Gecko/20100101 Thunderbird/91.7.0"
45.134.144.140 - - [15/Mar/2022:17:41:23 +0000] "GET ///remote/fgt_lang?lang=/../../../..//////////dev/ HTTP/1.1" 404 5226 "-" "python-requests/2.6.0 CPython/2.7.5 Linux/3.10.0-1160.el7.x86_64"
208.115.199.23 - - [15/Mar/2022:17:41:45 +0000] "HEAD / HTTP/1.1" 200 5513 "https://www.ai-news.lmu.de/" "Mozilla/5.0+(compatible; UptimeRobot/2.0; http://www.uptimerobot.com/)"
208.115.199.23 - - [15/Mar/2022:17:46:45 +0000] "HEAD / HTTP/1.1" 200 5513 "https://www.ai-news.lmu.de/" "Mozilla/5.0+(compatible; UptimeRobot/2.0; http://www.uptimerobot.com/)"
79.224.193.143 - - [15/Mar/2022:17:51:09 +0000] "GET /feed.xml HTTP/1.1" 304 5408 "-" "Mozilla/5.0 (Macintosh; Intel Mac OS X 10.15; rv:91.0) Gecko/20100101 Thunderbird/91.7.0"
208.115.199.23 - - [15/Mar/2022:17:51:45 +0000] "HEAD / HTTP/1.1" 200 5513 "https://www.ai-news.lmu.de/" "Mozilla/5.0+(compatible; UptimeRobot/2.0; http://www.uptimerobot.com/)"
141.84.9.48 - - [15/Mar/2022:17:56:26 +0000] "GET /calendar.ics HTTP/1.1" 304 5408 "-" "Mozilla/5.0 (X11; Linux x86_64; rv:91.0) Gecko/20100101 Thunderbird/91.5.0"
208.115.199.23 - - [15/Mar/2022:17:56:45 +0000] "HEAD / HTTP/1.1" 200 5513 "https://www.ai-news.lmu.de/" "Mozilla/5.0+(compatible; UptimeRobot/2.0; http://www.uptimerobot.com/)"
95.112.108.32 - - [15/Mar/2022:18:00:32 +0000] "GET /calendar.ics HTTP/1.1" 304 5408 "-" "Mozilla/5.0 (Windows NT 10.0; Win64; x64; rv:91.0) Gecko/20100101 Thunderbird/91.7.0"
208.115.199.23 - - [15/Mar/2022:18:01:45 +0000] "HEAD / HTTP/1.1" 200 5513 "https://www.ai-news.lmu.de/" "Mozilla/5.0+(compatible; UptimeRobot/2.0; http://www.uptimerobot.com/)"
208.115.199.23 - - [15/Mar/2022:18:06:45 +0000] "HEAD / HTTP/1.1" 200 5513 "https://www.ai-news.lmu.de/" "Mozilla/5.0+(compatible; UptimeRobot/2.0; http://www.uptimerobot.com/)"
68.183.157.237 - - [15/Mar/2022:18:09:08 +0000] "GET /feed.xml HTTP/1.1" 200 10506 "-" "Mozilla/5.0 (feeder.co; Intel Mac OS X 10_13_6) AppleWebKit/537.36 (KHTML, like Gecko) Chrome/67.0.3396.99 Safari/537.36"
208.115.199.23 - - [15/Mar/2022:18:11:45 +0000] "HEAD / HTTP/1.1" 200 5513 "https://www.ai-news.lmu.de/" "Mozilla/5.0+(compatible; UptimeRobot/2.0; http://www.uptimerobot.com/)"
208.115.199.23 - - [15/Mar/2022:18:16:45 +0000] "HEAD / HTTP/1.1" 200 5513 "https://www.ai-news.lmu.de/" "Mozilla/5.0+(compatible; UptimeRobot/2.0; http://www.uptimerobot.com/)"
95.91.253.155 - - [15/Mar/2022:18:17:59 +0000] "GET /feed.xml HTTP/1.1" 304 5408 "-" "Mozilla/5.0 (X11; Linux x86_64; rv:91.0) Gecko/20100101 Thunderbird/91.6.2"
208.115.199.23 - - [15/Mar/2022:18:21:45 +0000] "HEAD / HTTP/1.1" 200 5513 "https://www.ai-news.lmu.de/" "Mozilla/5.0+(compatible; UptimeRobot/2.0; http://www.uptimerobot.com/)"
141.84.9.48 - - [15/Mar/2022:18:26:26 +0000] "GET /calendar.ics HTTP/1.1" 304 5408 "-" "Mozilla/5.0 (X11; Linux x86_64; rv:91.0) Gecko/20100101 Thunderbird/91.5.0"
208.115.199.23 - - [15/Mar/2022:18:26:45 +0000] "HEAD / HTTP/1.1" 200 5513 "https://www.ai-news.lmu.de/" "Mozilla/5.0+(compatible; UptimeRobot/2.0; http://www.uptimerobot.com/)"
95.112.108.32 - - [15/Mar/2022:18:30:32 +0000] "GET /calendar.ics HTTP/1.1" 304 5408 "-" "Mozilla/5.0 (Windows NT 10.0; Win64; x64; rv:91.0) Gecko/20100101 Thunderbird/91.7.0"
208.115.199.23 - - [15/Mar/2022:18:31:45 +0000] "HEAD / HTTP/1.1" 200 5513 "https://www.ai-news.lmu.de/" "Mozilla/5.0+(compatible; UptimeRobot/2.0; http://www.uptimerobot.com/)"
208.115.199.23 - - [15/Mar/2022:18:36:45 +0000] "HEAD / HTTP/1.1" 200 5513 "https://www.ai-news.lmu.de/" "Mozilla/5.0+(compatible; UptimeRobot/2.0; http://www.uptimerobot.com/)"
87.123.244.33 - - [15/Mar/2022:18:44:19 +0000] "GET /feed.xml HTTP/1.1" 304 5408 "-" "Mozilla/5.0 (Windows NT 10.0; Win64; x64; rv:91.0) Gecko/20100101 Thunderbird/91.7.0"
208.115.199.23 - - [15/Mar/2022:18:44:44 +0000] "HEAD / HTTP/1.1" 200 5513 "https://www.ai-news.lmu.de/" "Mozilla/5.0+(compatible; UptimeRobot/2.0; http://www.uptimerobot.com/)"
208.115.199.23 - - [15/Mar/2022:18:49:44 +0000] "HEAD / HTTP/1.1" 200 5513 "https://www.ai-news.lmu.de/" "Mozilla/5.0+(compatible; UptimeRobot/2.0; http://www.uptimerobot.com/)"
95.91.251.222 - - [15/Mar/2022:18:51:03 +0000] "GET /feed.xml HTTP/1.1" 304 5408 "-" "Mozilla/5.0 (Windows NT 10.0; Win64; x64; rv:91.0) Gecko/20100101 Thunderbird/91.7.0"
208.115.199.23 - - [15/Mar/2022:18:54:44 +0000] "HEAD / HTTP/1.1" 200 5513 "https://www.ai-news.lmu.de/" "Mozilla/5.0+(compatible; UptimeRobot/2.0; http://www.uptimerobot.com/)"
141.84.9.48 - - [15/Mar/2022:18:56:26 +0000] "GET /calendar.ics HTTP/1.1" 304 5408 "-" "Mozilla/5.0 (X11; Linux x86_64; rv:91.0) Gecko/20100101 Thunderbird/91.5.0"
208.115.199.23 - - [15/Mar/2022:18:59:44 +0000] "HEAD / HTTP/1.1" 200 5513 "https://www.ai-news.lmu.de/" "Mozilla/5.0+(compatible; UptimeRobot/2.0; http://www.uptimerobot.com/)"
95.112.108.32 - - [15/Mar/2022:19:00:32 +0000] "GET /calendar.ics HTTP/1.1" 304 5408 "-" "Mozilla/5.0 (Windows NT 10.0; Win64; x64; rv:91.0) Gecko/20100101 Thunderbird/91.7.0"
208.115.199.23 - - [15/Mar/2022:19:04:44 +0000] "HEAD / HTTP/1.1" 200 5513 "https://www.ai-news.lmu.de/" "Mozilla/5.0+(compatible; UptimeRobot/2.0; http://www.uptimerobot.com/)"
141.40.252.102 - - [15/Mar/2022:19:07:28 +0000] "GET /feed.xml HTTP/1.1" 304 5408 "-" "Mozilla/5.0 (Windows NT 10.0; Win64; x64; rv:91.0) Gecko/20100101 Thunderbird/91.7.0"
208.115.199.23 - - [15/Mar/2022:19:09:44 +0000] "HEAD / HTTP/1.1" 200 5513 "https://www.ai-news.lmu.de/" "Mozilla/5.0+(compatible; UptimeRobot/2.0; http://www.uptimerobot.com/)"
208.115.199.23 - - [15/Mar/2022:19:14:44 +0000] "HEAD / HTTP/1.1" 200 5513 "https://www.ai-news.lmu.de/" "Mozilla/5.0+(compatible; UptimeRobot/2.0; http://www.uptimerobot.com/)"
208.115.199.23 - - [15/Mar/2022:19:19:44 +0000] "HEAD / HTTP/1.1" 200 5513 "https://www.ai-news.lmu.de/" "Mozilla/5.0+(compatible; UptimeRobot/2.0; http://www.uptimerobot.com/)"
208.115.199.23 - - [15/Mar/2022:19:24:44 +0000] "HEAD / HTTP/1.1" 200 5513 "https://www.ai-news.lmu.de/" "Mozilla/5.0+(compatible; UptimeRobot/2.0; http://www.uptimerobot.com/)"
141.84.9.48 - - [15/Mar/2022:19:26:26 +0000] "GET /calendar.ics HTTP/1.1" 304 5408 "-" "Mozilla/5.0 (X11; Linux x86_64; rv:91.0) Gecko/20100101 Thunderbird/91.5.0"
208.115.199.23 - - [15/Mar/2022:19:29:44 +0000] "HEAD / HTTP/1.1" 200 5513 "https://www.ai-news.lmu.de/" "Mozilla/5.0+(compatible; UptimeRobot/2.0; http://www.uptimerobot.com/)"
95.112.108.32 - - [15/Mar/2022:19:30:32 +0000] "GET /calendar.ics HTTP/1.1" 304 5408 "-" "Mozilla/5.0 (Windows NT 10.0; Win64; x64; rv:91.0) Gecko/20100101 Thunderbird/91.7.0"
20.197.177.101 - - [15/Mar/2022:19:31:22 +0000] "GET / HTTP/1.1" 200 26732 "-" "Mozilla/5.0 (Macintosh; Intel Mac OS X 10_12_1) AppleWebKit/537.36 (KHTML, like Gecko) Chrome/54.0.2840.98 Safari/537.36"
79.224.193.143 - - [15/Mar/2022:19:32:00 +0000] "GET /feed.xml HTTP/1.1" 304 5408 "-" "Mozilla/5.0 (Macintosh; Intel Mac OS X 10.15; rv:91.0) Gecko/20100101 Thunderbird/91.7.0"
208.115.199.23 - - [15/Mar/2022:19:34:44 +0000] "HEAD / HTTP/1.1" 200 5513 "https://www.ai-news.lmu.de/" "Mozilla/5.0+(compatible; UptimeRobot/2.0; http://www.uptimerobot.com/)"
113.88.106.99 - - [15/Mar/2022:19:37:49 +0000] "GET / HTTP/1.0" 200 26732 "-" "-"
208.115.199.23 - - [15/Mar/2022:19:39:44 +0000] "HEAD / HTTP/1.1" 200 5513 "https://www.ai-news.lmu.de/" "Mozilla/5.0+(compatible; UptimeRobot/2.0; http://www.uptimerobot.com/)"
208.115.199.23 - - [15/Mar/2022:19:44:44 +0000] "HEAD / HTTP/1.1" 200 5513 "https://www.ai-news.lmu.de/" "Mozilla/5.0+(compatible; UptimeRobot/2.0; http://www.uptimerobot.com/)"
95.112.108.32 - - [15/Mar/2022:19:44:44 +0000] "GET /feed.xml HTTP/1.1" 304 5408 "-" "Mozilla/5.0 (Windows NT 10.0; Win64; x64; rv:91.0) Gecko/20100101 Thunderbird/91.7.0"
208.115.199.23 - - [15/Mar/2022:19:49:44 +0000] "HEAD / HTTP/1.1" 200 5513 "https://www.ai-news.lmu.de/" "Mozilla/5.0+(compatible; UptimeRobot/2.0; http://www.uptimerobot.com/)"
8.29.198.27 - - [15/Mar/2022:19:52:23 +0000] "GET /feed.xml HTTP/1.1" 200 10555 "-" "Feedly/1.0 (+http://www.feedly.com/fetcher.html; 2 subscribers; like FeedFetcher-Google)"
208.115.199.23 - - [15/Mar/2022:19:54:44 +0000] "HEAD / HTTP/1.1" 200 5513 "https://www.ai-news.lmu.de/" "Mozilla/5.0+(compatible; UptimeRobot/2.0; http://www.uptimerobot.com/)"
141.84.9.48 - - [15/Mar/2022:19:56:26 +0000] "GET /calendar.ics HTTP/1.1" 304 5408 "-" "Mozilla/5.0 (X11; Linux x86_64; rv:91.0) Gecko/20100101 Thunderbird/91.5.0"
95.91.253.155 - - [15/Mar/2022:19:58:21 +0000] "GET /feed.xml HTTP/1.1" 304 5408 "-" "Mozilla/5.0 (X11; Linux x86_64; rv:91.0) Gecko/20100101 Thunderbird/91.6.2"
20.106.98.43 - - [15/Mar/2022:19:59:16 +0000] "GET /.env HTTP/1.1" 404 5062 "-" "Mozilla/5.0 (X11; Linux x86_64) AppleWebKit/537.36 (KHTML, like Gecko) Chrome/81.0.4044.129 Safari/537.36"
20.106.98.43 - - [15/Mar/2022:19:59:16 +0000] "POST / HTTP/1.1" 200 9958 "-" "Mozilla/5.0 (X11; Linux x86_64) AppleWebKit/537.36 (KHTML, like Gecko) Chrome/81.0.4044.129 Safari/537.36"
208.115.199.23 - - [15/Mar/2022:19:59:44 +0000] "HEAD / HTTP/1.1" 200 5513 "https://www.ai-news.lmu.de/" "Mozilla/5.0+(compatible; UptimeRobot/2.0; http://www.uptimerobot.com/)"
95.112.108.32 - - [15/Mar/2022:20:00:32 +0000] "GET /calendar.ics HTTP/1.1" 304 5408 "-" "Mozilla/5.0 (Windows NT 10.0; Win64; x64; rv:91.0) Gecko/20100101 Thunderbird/91.7.0"
208.115.199.23 - - [15/Mar/2022:20:04:44 +0000] "HEAD / HTTP/1.1" 200 5513 "https://www.ai-news.lmu.de/" "Mozilla/5.0+(compatible; UptimeRobot/2.0; http://www.uptimerobot.com/)"
208.115.199.23 - - [15/Mar/2022:20:09:44 +0000] "HEAD / HTTP/1.1" 200 5513 "https://www.ai-news.lmu.de/" "Mozilla/5.0+(compatible; UptimeRobot/2.0; http://www.uptimerobot.com/)"
208.115.199.23 - - [15/Mar/2022:20:18:11 +0000] "HEAD / HTTP/1.1" 200 5513 "https://www.ai-news.lmu.de/" "Mozilla/5.0+(compatible; UptimeRobot/2.0; http://www.uptimerobot.com/)"
167.71.89.133 - - [15/Mar/2022:20:20:20 +0000] "GET /feed.xml HTTP/1.1" 304 5356 "-" "Mozilla/5.0 (feeder.co; Intel Mac OS X 10_13_6) AppleWebKit/537.36 (KHTML, like Gecko) Chrome/67.0.3396.99 Safari/537.36"
208.115.199.23 - - [15/Mar/2022:20:23:11 +0000] "HEAD / HTTP/1.1" 200 5513 "https://www.ai-news.lmu.de/" "Mozilla/5.0+(compatible; UptimeRobot/2.0; http://www.uptimerobot.com/)"
141.84.9.48 - - [15/Mar/2022:20:26:26 +0000] "GET /calendar.ics HTTP/1.1" 304 5408 "-" "Mozilla/5.0 (X11; Linux x86_64; rv:91.0) Gecko/20100101 Thunderbird/91.5.0"
208.115.199.23 - - [15/Mar/2022:20:28:11 +0000] "HEAD / HTTP/1.1" 200 5513 "https://www.ai-news.lmu.de/" "Mozilla/5.0+(compatible; UptimeRobot/2.0; http://www.uptimerobot.com/)"
95.112.108.32 - - [15/Mar/2022:20:30:32 +0000] "GET /calendar.ics HTTP/1.1" 304 5408 "-" "Mozilla/5.0 (Windows NT 10.0; Win64; x64; rv:91.0) Gecko/20100101 Thunderbird/91.7.0"
208.115.199.23 - - [15/Mar/2022:20:33:11 +0000] "HEAD / HTTP/1.1" 200 5513 "https://www.ai-news.lmu.de/" "Mozilla/5.0+(compatible; UptimeRobot/2.0; http://www.uptimerobot.com/)"
20.62.107.226 - - [15/Mar/2022:20:36:45 +0000] "GET /.env HTTP/1.1" 404 5062 "-" "Mozilla/5.0 (X11; Linux x86_64) AppleWebKit/537.36 (KHTML, like Gecko) Chrome/81.0.4044.129 Safari/537.36"
20.62.107.226 - - [15/Mar/2022:20:36:45 +0000] "POST / HTTP/1.1" 200 9958 "-" "Mozilla/5.0 (X11; Linux x86_64) AppleWebKit/537.36 (KHTML, like Gecko) Chrome/81.0.4044.129 Safari/537.36"
208.115.199.23 - - [15/Mar/2022:20:38:11 +0000] "HEAD / HTTP/1.1" 200 5513 "https://www.ai-news.lmu.de/" "Mozilla/5.0+(compatible; UptimeRobot/2.0; http://www.uptimerobot.com/)"
208.115.199.23 - - [15/Mar/2022:20:43:11 +0000] "HEAD / HTTP/1.1" 200 5513 "https://www.ai-news.lmu.de/" "Mozilla/5.0+(compatible; UptimeRobot/2.0; http://www.uptimerobot.com/)"
141.40.252.102 - - [15/Mar/2022:20:47:29 +0000] "GET /feed.xml HTTP/1.1" 304 5408 "-" "Mozilla/5.0 (Windows NT 10.0; Win64; x64; rv:91.0) Gecko/20100101 Thunderbird/91.7.0"
208.115.199.23 - - [15/Mar/2022:20:48:11 +0000] "HEAD / HTTP/1.1" 200 5513 "https://www.ai-news.lmu.de/" "Mozilla/5.0+(compatible; UptimeRobot/2.0; http://www.uptimerobot.com/)"
208.115.199.23 - - [15/Mar/2022:20:53:11 +0000] "HEAD / HTTP/1.1" 200 5513 "https://www.ai-news.lmu.de/" "Mozilla/5.0+(compatible; UptimeRobot/2.0; http://www.uptimerobot.com/)"
141.84.9.48 - - [15/Mar/2022:20:56:26 +0000] "GET /calendar.ics HTTP/1.1" 304 5408 "-" "Mozilla/5.0 (X11; Linux x86_64; rv:91.0) Gecko/20100101 Thunderbird/91.5.0"
208.115.199.23 - - [15/Mar/2022:20:58:11 +0000] "HEAD / HTTP/1.1" 200 5513 "https://www.ai-news.lmu.de/" "Mozilla/5.0+(compatible; UptimeRobot/2.0; http://www.uptimerobot.com/)"
95.112.108.32 - - [15/Mar/2022:21:00:32 +0000] "GET /calendar.ics HTTP/1.1" 304 5408 "-" "Mozilla/5.0 (Windows NT 10.0; Win64; x64; rv:91.0) Gecko/20100101 Thunderbird/91.7.0"
208.115.199.23 - - [15/Mar/2022:21:03:10 +0000] "HEAD / HTTP/1.1" 200 5513 "https://www.ai-news.lmu.de/" "Mozilla/5.0+(compatible; UptimeRobot/2.0; http://www.uptimerobot.com/)"
208.115.199.23 - - [15/Mar/2022:21:08:10 +0000] "HEAD / HTTP/1.1" 200 5513 "https://www.ai-news.lmu.de/" "Mozilla/5.0+(compatible; UptimeRobot/2.0; http://www.uptimerobot.com/)"
143.244.160.247 - - [15/Mar/2022:21:09:37 +0000] "GET /feed.xml HTTP/1.1" 200 10506 "-" "NewsBlur Feed Fetcher - 1 subscriber - https://www.newsblur.com/site/8444680/ailmu (\"Mozilla/5.0 (Macintosh; Intel Mac OS X 10_15_7) AppleWebKit/605.1.15 (KHTML, like Gecko) Version/14.0.1 Safari/605.1.15\")"
143.244.160.247 - - [15/Mar/2022:21:09:38 +0000] "GET / HTTP/1.1" 200 10600 "-" "NewsBlur Page Fetcher - 1 subscriber - https://www.newsblur.com/site/8444680/ailmu (\"Mozilla/5.0 (Macintosh; Intel Mac OS X 10_15_7) AppleWebKit/605.1.15 (KHTML, like Gecko) Version/14.0.1 Safari/605.1.15\")"
208.115.199.23 - - [15/Mar/2022:21:13:10 +0000] "HEAD / HTTP/1.1" 200 5513 "https://www.ai-news.lmu.de/" "Mozilla/5.0+(compatible; UptimeRobot/2.0; http://www.uptimerobot.com/)"
139.162.145.250 - - [15/Mar/2022:21:14:56 +0000] "GET /bag2 HTTP/1.1" 404 4991 "-" "Mozilla/4.0 (compatible; MSIE 8.0; Windows NT 6.0; Trident/4.0)"
91.9.73.133 - - [15/Mar/2022:21:16:25 +0000] "GET / HTTP/1.1" 200 10600 "https://www.mathematik.uni-muenchen.de/" "Mozilla/5.0 (Windows NT 10.0; Win64; x64) AppleWebKit/537.36 (KHTML, like Gecko) Chrome/99.0.4844.51 Safari/537.36"
91.9.73.133 - - [15/Mar/2022:21:16:25 +0000] "GET /fonts/roboto-v18-latin-300.woff2 HTTP/1.1" 200 15772 "https://www.ai-news.lmu.de/" "Mozilla/5.0 (Windows NT 10.0; Win64; x64) AppleWebKit/537.36 (KHTML, like Gecko) Chrome/99.0.4844.51 Safari/537.36"
91.9.73.133 - - [15/Mar/2022:21:16:25 +0000] "GET /fonts/roboto-v18-latin-regular.woff2 HTTP/1.1" 200 20881 "https://www.ai-news.lmu.de/" "Mozilla/5.0 (Windows NT 10.0; Win64; x64) AppleWebKit/537.36 (KHTML, like Gecko) Chrome/99.0.4844.51 Safari/537.36"
91.9.73.133 - - [15/Mar/2022:21:16:25 +0000] "GET /fonts/roboto-v18-latin-italic.woff2 HTTP/1.1" 200 17298 "https://www.ai-news.lmu.de/" "Mozilla/5.0 (Windows NT 10.0; Win64; x64) AppleWebKit/537.36 (KHTML, like Gecko) Chrome/99.0.4844.51 Safari/537.36"
91.9.73.133 - - [15/Mar/2022:21:16:25 +0000] "GET /fonts/roboto-v18-latin-700.woff2 HTTP/1.1" 200 16332 "https://www.ai-news.lmu.de/" "Mozilla/5.0 (Windows NT 10.0; Win64; x64) AppleWebKit/537.36 (KHTML, like Gecko) Chrome/99.0.4844.51 Safari/537.36"
91.9.73.133 - - [15/Mar/2022:21:16:25 +0000] "GET /files/v3_1_0_vuex.min.js HTTP/1.1" 200 9487 "https://www.ai-news.lmu.de/" "Mozilla/5.0 (Windows NT 10.0; Win64; x64) AppleWebKit/537.36 (KHTML, like Gecko) Chrome/99.0.4844.51 Safari/537.36"
91.9.73.133 - - [15/Mar/2022:21:16:25 +0000] "GET /files/v2_6_10_vue_min.js HTTP/1.1" 200 39769 "https://www.ai-news.lmu.de/" "Mozilla/5.0 (Windows NT 10.0; Win64; x64) AppleWebKit/537.36 (KHTML, like Gecko) Chrome/99.0.4844.51 Safari/537.36"
91.9.73.133 - - [15/Mar/2022:21:16:25 +0000] "GET /files/jquery-3.5.1.min.js HTTP/1.1" 200 31959 "https://www.ai-news.lmu.de/" "Mozilla/5.0 (Windows NT 10.0; Win64; x64) AppleWebKit/537.36 (KHTML, like Gecko) Chrome/99.0.4844.51 Safari/537.36"
91.9.73.133 - - [15/Mar/2022:21:16:25 +0000] "GET /files/v4_2_6_es6-promise_auto.min.js HTTP/1.1" 200 2785 "https://www.ai-news.lmu.de/" "Mozilla/5.0 (Windows NT 10.0; Win64; x64) AppleWebKit/537.36 (KHTML, like Gecko) Chrome/99.0.4844.51 Safari/537.36"
91.9.73.133 - - [15/Mar/2022:21:16:25 +0000] "GET /files/app.bundle.css HTTP/1.1" 200 92548 "https://www.ai-news.lmu.de/" "Mozilla/5.0 (Windows NT 10.0; Win64; x64) AppleWebKit/537.36 (KHTML, like Gecko) Chrome/99.0.4844.51 Safari/537.36"
91.9.73.133 - - [15/Mar/2022:21:16:25 +0000] "GET /files/v0_18_0_axios.min.js HTTP/1.1" 200 4855 "https://www.ai-news.lmu.de/" "Mozilla/5.0 (Windows NT 10.0; Win64; x64) AppleWebKit/537.36 (KHTML, like Gecko) Chrome/99.0.4844.51 Safari/537.36"
91.9.73.133 - - [15/Mar/2022:21:16:25 +0000] "GET /files/vendors-app.bundle.js HTTP/1.1" 200 40005 "https://www.ai-news.lmu.de/" "Mozilla/5.0 (Windows NT 10.0; Win64; x64) AppleWebKit/537.36 (KHTML, like Gecko) Chrome/99.0.4844.51 Safari/537.36"
91.9.73.133 - - [15/Mar/2022:21:16:25 +0000] "GET /files/runtime.bundle.js HTTP/1.1" 200 1087 "https://www.ai-news.lmu.de/" "Mozilla/5.0 (Windows NT 10.0; Win64; x64) AppleWebKit/537.36 (KHTML, like Gecko) Chrome/99.0.4844.51 Safari/537.36"
91.9.73.133 - - [15/Mar/2022:21:16:25 +0000] "GET /files/640px-Flag_of_Canada_and_Germany.svg.png HTTP/1.1" 200 7558 "https://www.ai-news.lmu.de/" "Mozilla/5.0 (Windows NT 10.0; Win64; x64) AppleWebKit/537.36 (KHTML, like Gecko) Chrome/99.0.4844.51 Safari/537.36"
91.9.73.133 - - [15/Mar/2022:21:16:25 +0000] "GET /files/Logo_LMU.svg HTTP/1.1" 200 19647 "https://www.ai-news.lmu.de/" "Mozilla/5.0 (Windows NT 10.0; Win64; x64) AppleWebKit/537.36 (KHTML, like Gecko) Chrome/99.0.4844.51 Safari/537.36"
91.9.73.133 - - [15/Mar/2022:21:16:25 +0000] "GET /files/bundle.vue.js HTTP/1.1" 200 39272 "https://www.ai-news.lmu.de/" "Mozilla/5.0 (Windows NT 10.0; Win64; x64) AppleWebKit/537.36 (KHTML, like Gecko) Chrome/99.0.4844.51 Safari/537.36"
91.9.73.133 - - [15/Mar/2022:21:16:25 +0000] "GET /files/app.bundle.js HTTP/1.1" 200 59193 "https://www.ai-news.lmu.de/" "Mozilla/5.0 (Windows NT 10.0; Win64; x64) AppleWebKit/537.36 (KHTML, like Gecko) Chrome/99.0.4844.51 Safari/537.36"
91.9.73.133 - - [15/Mar/2022:21:16:25 +0000] "GET /files/robot_back_small.jpg HTTP/1.1" 200 349911 "https://www.ai-news.lmu.de/" "Mozilla/5.0 (Windows NT 10.0; Win64; x64) AppleWebKit/537.36 (KHTML, like Gecko) Chrome/99.0.4844.51 Safari/537.36"
91.9.73.133 - - [15/Mar/2022:21:16:25 +0000] "GET /files/newspapers.jpg HTTP/1.1" 200 134064 "https://www.ai-news.lmu.de/" "Mozilla/5.0 (Windows NT 10.0; Win64; x64) AppleWebKit/537.36 (KHTML, like Gecko) Chrome/99.0.4844.51 Safari/537.36"
91.9.73.133 - - [15/Mar/2022:21:16:25 +0000] "GET /files/kreuter_small.jpg HTTP/1.1" 200 273037 "https://www.ai-news.lmu.de/" "Mozilla/5.0 (Windows NT 10.0; Win64; x64) AppleWebKit/537.36 (KHTML, like Gecko) Chrome/99.0.4844.51 Safari/537.36"
91.9.73.133 - - [15/Mar/2022:21:16:25 +0000] "GET /icons/sprites/sprites-sprite.svg HTTP/1.1" 200 83104 "https://www.ai-news.lmu.de/files/app.bundle.css" "Mozilla/5.0 (Windows NT 10.0; Win64; x64) AppleWebKit/537.36 (KHTML, like Gecko) Chrome/99.0.4844.51 Safari/537.36"
91.9.73.133 - - [15/Mar/2022:21:16:25 +0000] "GET /img/footer-bg.svg HTTP/1.1" 200 303040 "https://www.ai-news.lmu.de/files/app.bundle.css" "Mozilla/5.0 (Windows NT 10.0; Win64; x64) AppleWebKit/537.36 (KHTML, like Gecko) Chrome/99.0.4844.51 Safari/537.36"
91.9.73.133 - - [15/Mar/2022:21:16:25 +0000] "GET /files/standard-json-navigation-generating-site.json?nocache=1647378985278 HTTP/1.1" 200 2325 "https://www.ai-news.lmu.de/" "Mozilla/5.0 (Windows NT 10.0; Win64; x64) AppleWebKit/537.36 (KHTML, like Gecko) Chrome/99.0.4844.51 Safari/537.36"
91.9.73.133 - - [15/Mar/2022:21:16:25 +0000] "GET /files/favicon.ico HTTP/1.1" 200 7751 "https://www.ai-news.lmu.de/" "Mozilla/5.0 (Windows NT 10.0; Win64; x64) AppleWebKit/537.36 (KHTML, like Gecko) Chrome/99.0.4844.51 Safari/537.36"
208.115.199.23 - - [15/Mar/2022:21:18:10 +0000] "HEAD / HTTP/1.1" 200 5513 "https://www.ai-news.lmu.de/" "Mozilla/5.0+(compatible; UptimeRobot/2.0; http://www.uptimerobot.com/)"
87.123.244.33 - - [15/Mar/2022:21:20:17 +0000] "GET /feed.xml HTTP/1.1" 304 5408 "-" "Mozilla/5.0 (Windows NT 10.0; Win64; x64; rv:91.0) Gecko/20100101 Thunderbird/91.7.0"
208.115.199.23 - - [15/Mar/2022:21:23:10 +0000] "HEAD / HTTP/1.1" 200 5513 "https://www.ai-news.lmu.de/" "Mozilla/5.0+(compatible; UptimeRobot/2.0; http://www.uptimerobot.com/)"
95.91.251.222 - - [15/Mar/2022:21:23:45 +0000] "GET /feed.xml HTTP/1.1" 304 5408 "-" "Mozilla/5.0 (Windows NT 10.0; Win64; x64; rv:91.0) Gecko/20100101 Thunderbird/91.7.0"
87.123.244.33 - - [15/Mar/2022:21:25:13 +0000] "GET /favicon.ico HTTP/1.1" 200 8315 "-" "Mozilla/5.0 (Windows NT 10.0; Win64; x64; rv:91.0) Gecko/20100101 Thunderbird/91.7.0"
141.84.9.48 - - [15/Mar/2022:21:26:26 +0000] "GET /calendar.ics HTTP/1.1" 304 5408 "-" "Mozilla/5.0 (X11; Linux x86_64; rv:91.0) Gecko/20100101 Thunderbird/91.5.0"
95.91.251.222 - - [15/Mar/2022:21:27:07 +0000] "GET /feed.xml HTTP/1.1" 304 767 "-" "Mozilla/5.0 (Windows NT 10.0; Win64; x64; rv:91.0) Gecko/20100101 Thunderbird/91.7.0"
95.91.251.222 - - [15/Mar/2022:21:28:01 +0000] "GET /favicon.ico HTTP/1.1" 200 8315 "-" "Mozilla/5.0 (Windows NT 10.0; Win64; x64; rv:91.0) Gecko/20100101 Thunderbird/91.7.0"
208.115.199.23 - - [15/Mar/2022:21:28:10 +0000] "HEAD / HTTP/1.1" 200 5513 "https://www.ai-news.lmu.de/" "Mozilla/5.0+(compatible; UptimeRobot/2.0; http://www.uptimerobot.com/)"
95.112.108.32 - - [15/Mar/2022:21:30:31 +0000] "GET /calendar.ics HTTP/1.1" 304 5408 "-" "Mozilla/5.0 (Windows NT 10.0; Win64; x64; rv:91.0) Gecko/20100101 Thunderbird/91.7.0"
34.77.162.1 - - [15/Mar/2022:21:32:37 +0000] "GET / HTTP/1.1" 302 5054 "-" "Expanse, a Palo Alto Networks company, searches across the global IPv4 space multiple times per day to identify customers&#39; presences on the Internet. If you would like to be excluded from our scans, please send IP addresses/domains to: scaninfo@paloaltonetworks.com"
208.115.199.23 - - [15/Mar/2022:21:33:10 +0000] "HEAD / HTTP/1.1" 200 5513 "https://www.ai-news.lmu.de/" "Mozilla/5.0+(compatible; UptimeRobot/2.0; http://www.uptimerobot.com/)"
208.115.199.23 - - [15/Mar/2022:21:38:10 +0000] "HEAD / HTTP/1.1" 200 5513 "https://www.ai-news.lmu.de/" "Mozilla/5.0+(compatible; UptimeRobot/2.0; http://www.uptimerobot.com/)"
95.91.253.155 - - [15/Mar/2022:21:38:22 +0000] "GET /feed.xml HTTP/1.1" 304 5408 "-" "Mozilla/5.0 (X11; Linux x86_64; rv:91.0) Gecko/20100101 Thunderbird/91.6.2"
208.115.199.23 - - [15/Mar/2022:21:43:10 +0000] "HEAD / HTTP/1.1" 200 5513 "https://www.ai-news.lmu.de/" "Mozilla/5.0+(compatible; UptimeRobot/2.0; http://www.uptimerobot.com/)"
208.115.199.23 - - [15/Mar/2022:21:48:10 +0000] "HEAD / HTTP/1.1" 200 5513 "https://www.ai-news.lmu.de/" "Mozilla/5.0+(compatible; UptimeRobot/2.0; http://www.uptimerobot.com/)"
208.115.199.23 - - [15/Mar/2022:21:53:10 +0000] "HEAD / HTTP/1.1" 200 5513 "https://www.ai-news.lmu.de/" "Mozilla/5.0+(compatible; UptimeRobot/2.0; http://www.uptimerobot.com/)"
141.84.9.48 - - [15/Mar/2022:21:56:26 +0000] "GET /calendar.ics HTTP/1.1" 304 5408 "-" "Mozilla/5.0 (X11; Linux x86_64; rv:91.0) Gecko/20100101 Thunderbird/91.5.0"
208.115.199.23 - - [15/Mar/2022:21:58:10 +0000] "HEAD / HTTP/1.1" 200 5513 "https://www.ai-news.lmu.de/" "Mozilla/5.0+(compatible; UptimeRobot/2.0; http://www.uptimerobot.com/)"
95.112.108.32 - - [15/Mar/2022:22:00:31 +0000] "GET /calendar.ics HTTP/1.1" 304 5408 "-" "Mozilla/5.0 (Windows NT 10.0; Win64; x64; rv:91.0) Gecko/20100101 Thunderbird/91.7.0"
51.159.102.248 - - [15/Mar/2022:22:00:36 +0000] "HEAD / HTTP/1.1" 200 5445 "-" "curl/7.68.0"
208.115.199.23 - - [15/Mar/2022:22:03:10 +0000] "HEAD / HTTP/1.1" 200 5513 "https://www.ai-news.lmu.de/" "Mozilla/5.0+(compatible; UptimeRobot/2.0; http://www.uptimerobot.com/)"
208.115.199.23 - - [15/Mar/2022:22:08:10 +0000] "HEAD / HTTP/1.1" 200 5513 "https://www.ai-news.lmu.de/" "Mozilla/5.0+(compatible; UptimeRobot/2.0; http://www.uptimerobot.com/)"
51.15.251.143 - - [15/Mar/2022:22:12:27 +0000] "GET / HTTP/1.1" 200 26713 "-" "-"
208.115.199.23 - - [15/Mar/2022:22:13:10 +0000] "HEAD / HTTP/1.1" 200 5513 "https://www.ai-news.lmu.de/" "Mozilla/5.0+(compatible; UptimeRobot/2.0; http://www.uptimerobot.com/)"
208.115.199.23 - - [15/Mar/2022:22:18:10 +0000] "HEAD / HTTP/1.1" 200 5513 "https://www.ai-news.lmu.de/" "Mozilla/5.0+(compatible; UptimeRobot/2.0; http://www.uptimerobot.com/)"
185.243.218.41 - - [15/Mar/2022:22:21:41 +0000] "GET http://169.254.169.254/latest/meta-data/ HTTP/1.1" 404 5648 "-" "Mozilla/5.0 (Windows NT 10.0; Win64; x64) AppleWebKit/537.36 (KHTML, like Gecko) Chrome/95.0.4638.69 Safari/537.36"
208.115.199.23 - - [15/Mar/2022:22:23:10 +0000] "HEAD / HTTP/1.1" 200 5513 "https://www.ai-news.lmu.de/" "Mozilla/5.0+(compatible; UptimeRobot/2.0; http://www.uptimerobot.com/)"
157.245.117.25 - - [15/Mar/2022:22:23:30 +0000] "GET /feed.xml HTTP/1.1" 200 10506 "-" "Mozilla/5.0 (feeder.co; Intel Mac OS X 10_13_6) AppleWebKit/537.36 (KHTML, like Gecko) Chrome/67.0.3396.99 Safari/537.36"
141.84.9.48 - - [15/Mar/2022:22:26:26 +0000] "GET /calendar.ics HTTP/1.1" 304 5408 "-" "Mozilla/5.0 (X11; Linux x86_64; rv:91.0) Gecko/20100101 Thunderbird/91.5.0"
141.40.252.102 - - [15/Mar/2022:22:27:30 +0000] "GET /feed.xml HTTP/1.1" 304 5408 "-" "Mozilla/5.0 (Windows NT 10.0; Win64; x64; rv:91.0) Gecko/20100101 Thunderbird/91.7.0"
208.115.199.23 - - [15/Mar/2022:22:28:10 +0000] "HEAD / HTTP/1.1" 200 5513 "https://www.ai-news.lmu.de/" "Mozilla/5.0+(compatible; UptimeRobot/2.0; http://www.uptimerobot.com/)"
95.112.108.32 - - [15/Mar/2022:22:30:31 +0000] "GET /calendar.ics HTTP/1.1" 304 5408 "-" "Mozilla/5.0 (Windows NT 10.0; Win64; x64; rv:91.0) Gecko/20100101 Thunderbird/91.7.0"
208.115.199.23 - - [15/Mar/2022:22:33:10 +0000] "HEAD / HTTP/1.1" 200 5513 "https://www.ai-news.lmu.de/" "Mozilla/5.0+(compatible; UptimeRobot/2.0; http://www.uptimerobot.com/)"
95.112.108.32 - - [15/Mar/2022:22:36:21 +0000] "GET /calendar.ics HTTP/1.1" 200 9720 "-" "Mozilla/5.0 (Windows NT 10.0; Win64; x64; rv:91.0) Gecko/20100101 Thunderbird/91.7.0"
208.115.199.23 - - [15/Mar/2022:22:38:10 +0000] "HEAD / HTTP/1.1" 200 5513 "https://www.ai-news.lmu.de/" "Mozilla/5.0+(compatible; UptimeRobot/2.0; http://www.uptimerobot.com/)"
208.115.199.23 - - [15/Mar/2022:22:45:25 +0000] "HEAD / HTTP/1.1" 200 5513 "https://www.ai-news.lmu.de/" "Mozilla/5.0+(compatible; UptimeRobot/2.0; http://www.uptimerobot.com/)"
8.29.198.25 - - [15/Mar/2022:22:52:48 +0000] "GET /feed.xml HTTP/1.1" 200 10555 "-" "Feedly/1.0 (+http://www.feedly.com/fetcher.html; 2 subscribers; like FeedFetcher-Google)"
208.115.199.23 - - [15/Mar/2022:22:52:57 +0000] "HEAD / HTTP/1.1" 200 5513 "https://www.ai-news.lmu.de/" "Mozilla/5.0+(compatible; UptimeRobot/2.0; http://www.uptimerobot.com/)"
141.84.9.48 - - [15/Mar/2022:22:56:26 +0000] "GET /calendar.ics HTTP/1.1" 304 5408 "-" "Mozilla/5.0 (X11; Linux x86_64; rv:91.0) Gecko/20100101 Thunderbird/91.5.0"
208.115.199.23 - - [15/Mar/2022:22:57:57 +0000] "HEAD / HTTP/1.1" 200 5513 "https://www.ai-news.lmu.de/" "Mozilla/5.0+(compatible; UptimeRobot/2.0; http://www.uptimerobot.com/)"
208.115.199.23 - - [15/Mar/2022:23:02:57 +0000] "HEAD / HTTP/1.1" 200 5513 "https://www.ai-news.lmu.de/" "Mozilla/5.0+(compatible; UptimeRobot/2.0; http://www.uptimerobot.com/)"
77.75.77.32 - - [15/Mar/2022:23:07:27 +0000] "GET /robots.txt HTTP/1.1" 404 5709 "-" "Mozilla/5.0 (compatible; SeznamBot/3.2; +http://napoveda.seznam.cz/en/seznambot-intro/)"
77.75.77.32 - - [15/Mar/2022:23:07:27 +0000] "GET /files/press_small.jpg HTTP/1.1" 200 479979 "-" "Mozilla/5.0 (compatible; SeznamBot/3.2; +http://napoveda.seznam.cz/en/seznambot-intro/)"
192.241.215.41 - - [15/Mar/2022:23:07:53 +0000] "GET /actuator/health HTTP/1.1" 404 4991 "-" "Mozilla/5.0 zgrab/0.x"
208.115.199.23 - - [15/Mar/2022:23:07:57 +0000] "HEAD / HTTP/1.1" 200 5513 "https://www.ai-news.lmu.de/" "Mozilla/5.0+(compatible; UptimeRobot/2.0; http://www.uptimerobot.com/)"
208.115.199.23 - - [15/Mar/2022:23:12:57 +0000] "HEAD / HTTP/1.1" 200 5513 "https://www.ai-news.lmu.de/" "Mozilla/5.0+(compatible; UptimeRobot/2.0; http://www.uptimerobot.com/)"
208.115.199.23 - - [15/Mar/2022:23:17:57 +0000] "HEAD / HTTP/1.1" 200 5513 "https://www.ai-news.lmu.de/" "Mozilla/5.0+(compatible; UptimeRobot/2.0; http://www.uptimerobot.com/)"
95.91.253.155 - - [15/Mar/2022:23:18:46 +0000] "GET /feed.xml HTTP/1.1" 304 5408 "-" "Mozilla/5.0 (X11; Linux x86_64; rv:91.0) Gecko/20100101 Thunderbird/91.6.2"
208.115.199.23 - - [15/Mar/2022:23:22:57 +0000] "HEAD / HTTP/1.1" 200 5513 "https://www.ai-news.lmu.de/" "Mozilla/5.0+(compatible; UptimeRobot/2.0; http://www.uptimerobot.com/)"
207.46.13.157 - - [15/Mar/2022:23:26:20 +0000] "GET / HTTP/1.1" 200 10681 "-" "Mozilla/5.0 (compatible; bingbot/2.0; +http://www.bing.com/bingbot.htm)"
141.84.9.48 - - [15/Mar/2022:23:26:26 +0000] "GET /calendar.ics HTTP/1.1" 304 5408 "-" "Mozilla/5.0 (X11; Linux x86_64; rv:91.0) Gecko/20100101 Thunderbird/91.5.0"
208.115.199.23 - - [15/Mar/2022:23:27:57 +0000] "HEAD / HTTP/1.1" 200 5513 "https://www.ai-news.lmu.de/" "Mozilla/5.0+(compatible; UptimeRobot/2.0; http://www.uptimerobot.com/)"
