80.131.126.201 - - [15/Mar/2022:09:43:30 +0000] "GET /img/footer-bg.svg HTTP/1.1" 200 303040 "https://www.ai-news.lmu.de/" "Mozilla/5.0 (Macintosh; Intel Mac OS X 10_15_7) AppleWebKit/605.1.15 (KHTML, like Gecko) Version/15.1 Safari/605.1.15"
80.131.126.201 - - [15/Mar/2022:09:43:30 +0000] "GET /files/standard-json-navigation-generating-site.json?nocache=1647337409946 HTTP/1.1" 200 2325 "https://www.ai-news.lmu.de/" "Mozilla/5.0 (Macintosh; Intel Mac OS X 10_15_7) AppleWebKit/605.1.15 (KHTML, like Gecko) Version/15.1 Safari/605.1.15"
80.131.126.201 - - [15/Mar/2022:09:43:30 +0000] "GET /files/favicon.ico HTTP/1.1" 200 12956 "https://www.ai-news.lmu.de/" "Mozilla/5.0 (Macintosh; Intel Mac OS X 10_15_7) AppleWebKit/605.1.15 (KHTML, like Gecko) Version/15.1 Safari/605.1.15"
80.131.126.201 - - [15/Mar/2022:09:44:44 +0000] "GET /people HTTP/1.1" 301 5824 "https://www.ai-news.lmu.de/" "Mozilla/5.0 (Macintosh; Intel Mac OS X 10_15_7) AppleWebKit/605.1.15 (KHTML, like Gecko) Version/15.1 Safari/605.1.15"
80.131.126.201 - - [15/Mar/2022:09:44:44 +0000] "GET /people/ HTTP/1.1" 200 11593 "https://www.ai-news.lmu.de/" "Mozilla/5.0 (Macintosh; Intel Mac OS X 10_15_7) AppleWebKit/605.1.15 (KHTML, like Gecko) Version/15.1 Safari/605.1.15"
80.131.126.201 - - [15/Mar/2022:09:44:44 +0000] "GET /files/bernd.jpg HTTP/1.1" 200 13545 "https://www.ai-news.lmu.de/people/" "Mozilla/5.0 (Macintosh; Intel Mac OS X 10_15_7) AppleWebKit/605.1.15 (KHTML, like Gecko) Version/15.1 Safari/605.1.15"
80.131.126.201 - - [15/Mar/2022:09:44:44 +0000] "GET /files/Butz_small.jpg HTTP/1.1" 200 85388 "https://www.ai-news.lmu.de/people/" "Mozilla/5.0 (Macintosh; Intel Mac OS X 10_15_7) AppleWebKit/605.1.15 (KHTML, like Gecko) Version/15.1 Safari/605.1.15"
80.131.126.201 - - [15/Mar/2022:09:44:44 +0000] "GET /files/gruen-daniel-now_1_1_format_m.jpg HTTP/1.1" 200 32744 "https://www.ai-news.lmu.de/people/" "Mozilla/5.0 (Macintosh; Intel Mac OS X 10_15_7) AppleWebKit/605.1.15 (KHTML, like Gecko) Version/15.1 Safari/605.1.15"
80.131.126.201 - - [15/Mar/2022:09:44:44 +0000] "GET /files/brosius_leger.jpg HTTP/1.1" 200 244567 "https://www.ai-news.lmu.de/people/" "Mozilla/5.0 (Macintosh; Intel Mac OS X 10_15_7) AppleWebKit/605.1.15 (KHTML, like Gecko) Version/15.1 Safari/605.1.15"
80.131.126.201 - - [15/Mar/2022:09:44:44 +0000] "GET /files/2021_10_06lmu0217_Oliver%20Falck_s.jpg HTTP/1.1" 200 139347 "https://www.ai-news.lmu.de/people/" "Mozilla/5.0 (Macintosh; Intel Mac OS X 10_15_7) AppleWebKit/605.1.15 (KHTML, like Gecko) Version/15.1 Safari/605.1.15"
80.131.126.201 - - [15/Mar/2022:09:44:44 +0000] "GET /files/2021_12_01lmu0566_Feuerriegel_S.jpg HTTP/1.1" 200 30244 "https://www.ai-news.lmu.de/people/" "Mozilla/5.0 (Macintosh; Intel Mac OS X 10_15_7) AppleWebKit/605.1.15 (KHTML, like Gecko) Version/15.1 Safari/605.1.15"
80.131.126.201 - - [15/Mar/2022:09:44:44 +0000] "GET /files/haim-s.jpg HTTP/1.1" 200 192092 "https://www.ai-news.lmu.de/people/" "Mozilla/5.0 (Macintosh; Intel Mac OS X 10_15_7) AppleWebKit/605.1.15 (KHTML, like Gecko) Version/15.1 Safari/605.1.15"
80.131.126.201 - - [15/Mar/2022:09:44:45 +0000] "GET /files/2021_11_24lmu1034_Hess_.jpg HTTP/1.1" 200 134014 "https://www.ai-news.lmu.de/people/" "Mozilla/5.0 (Macintosh; Intel Mac OS X 10_15_7) AppleWebKit/605.1.15 (KHTML, like Gecko) Version/15.1 Safari/605.1.15"
80.131.126.201 - - [15/Mar/2022:09:44:44 +0000] "GET /files/christian-boehm-2_s.jpg HTTP/1.1" 200 342092 "https://www.ai-news.lmu.de/people/" "Mozilla/5.0 (Macintosh; Intel Mac OS X 10_15_7) AppleWebKit/605.1.15 (KHTML, like Gecko) Version/15.1 Safari/605.1.15"
80.131.126.201 - - [15/Mar/2022:09:44:45 +0000] "GET /files/photo_InesHelm_2021.jpg HTTP/1.1" 200 384909 "https://www.ai-news.lmu.de/people/" "Mozilla/5.0 (Macintosh; Intel Mac OS X 10_15_7) AppleWebKit/605.1.15 (KHTML, like Gecko) Version/15.1 Safari/605.1.15"
80.131.126.201 - - [15/Mar/2022:09:44:44 +0000] "GET /files/englmaier2.jpg HTTP/1.1" 200 289118 "https://www.ai-news.lmu.de/people/" "Mozilla/5.0 (Macintosh; Intel Mac OS X 10_15_7) AppleWebKit/605.1.15 (KHTML, like Gecko) Version/15.1 Safari/605.1.15"
80.131.126.201 - - [15/Mar/2022:09:44:45 +0000] "GET /files/huellermeier2.jpg HTTP/1.1" 200 57785 "https://www.ai-news.lmu.de/people/" "Mozilla/5.0 (Macintosh; Intel Mac OS X 10_15_7) AppleWebKit/605.1.15 (KHTML, like Gecko) Version/15.1 Safari/605.1.15"
80.131.126.201 - - [15/Mar/2022:09:44:45 +0000] "GET /files/heinerigel.jpg HTTP/1.1" 200 21356 "https://www.ai-news.lmu.de/people/" "Mozilla/5.0 (Macintosh; Intel Mac OS X 10_15_7) AppleWebKit/605.1.15 (KHTML, like Gecko) Version/15.1 Safari/605.1.15"
80.131.126.201 - - [15/Mar/2022:09:44:45 +0000] "GET /files/SHartmann%20low%20res.jpg HTTP/1.1" 200 247161 "https://www.ai-news.lmu.de/people/" "Mozilla/5.0 (Macintosh; Intel Mac OS X 10_15_7) AppleWebKit/605.1.15 (KHTML, like Gecko) Version/15.1 Safari/605.1.15"
80.131.126.201 - - [15/Mar/2022:09:44:45 +0000] "GET /files/EnriqueJimenez.jpg HTTP/1.1" 200 175488 "https://www.ai-news.lmu.de/people/" "Mozilla/5.0 (Macintosh; Intel Mac OS X 10_15_7) AppleWebKit/605.1.15 (KHTML, like Gecko) Version/15.1 Safari/605.1.15"
80.131.126.201 - - [15/Mar/2022:09:44:45 +0000] "GET /files/kau.jpg HTTP/1.1" 200 153043 "https://www.ai-news.lmu.de/people/" "Mozilla/5.0 (Macintosh; Intel Mac OS X 10_15_7) AppleWebKit/605.1.15 (KHTML, like Gecko) Version/15.1 Safari/605.1.15"
80.131.126.201 - - [15/Mar/2022:09:44:45 +0000] "GET /files/JPK_NIK_0265.jpeg HTTP/1.1" 200 46892 "https://www.ai-news.lmu.de/people/" "Mozilla/5.0 (Macintosh; Intel Mac OS X 10_15_7) AppleWebKit/605.1.15 (KHTML, like Gecko) Version/15.1 Safari/605.1.15"
80.131.126.201 - - [15/Mar/2022:09:44:46 +0000] "GET /files/2021_12_01lmu0760_s.jpg HTTP/1.1" 200 193426 "https://www.ai-news.lmu.de/people/" "Mozilla/5.0 (Macintosh; Intel Mac OS X 10_15_7) AppleWebKit/605.1.15 (KHTML, like Gecko) Version/15.1 Safari/605.1.15"
80.131.126.201 - - [15/Mar/2022:09:44:46 +0000] "GET /files/FK_MBS_c.jpg HTTP/1.1" 200 90691 "https://www.ai-news.lmu.de/people/" "Mozilla/5.0 (Macintosh; Intel Mac OS X 10_15_7) AppleWebKit/605.1.15 (KHTML, like Gecko) Version/15.1 Safari/605.1.15"
80.131.126.201 - - [15/Mar/2022:09:44:46 +0000] "GET /files/picture_1_1_format_m.jpg HTTP/1.1" 200 38649 "https://www.ai-news.lmu.de/people/" "Mozilla/5.0 (Macintosh; Intel Mac OS X 10_15_7) AppleWebKit/605.1.15 (KHTML, like Gecko) Version/15.1 Safari/605.1.15"
80.131.126.201 - - [15/Mar/2022:09:44:46 +0000] "GET /files/gitta_2.jpg HTTP/1.1" 200 21725 "https://www.ai-news.lmu.de/people/" "Mozilla/5.0 (Macintosh; Intel Mac OS X 10_15_7) AppleWebKit/605.1.15 (KHTML, like Gecko) Version/15.1 Safari/605.1.15"
80.131.126.201 - - [15/Mar/2022:09:44:46 +0000] "GET /files/DSC_6513_s.jpg HTTP/1.1" 200 205817 "https://www.ai-news.lmu.de/people/" "Mozilla/5.0 (Macintosh; Intel Mac OS X 10_15_7) AppleWebKit/605.1.15 (KHTML, like Gecko) Version/15.1 Safari/605.1.15"
80.131.126.201 - - [15/Mar/2022:09:44:46 +0000] "GET /files/Leitgeb.jpg HTTP/1.1" 200 49776 "https://www.ai-news.lmu.de/people/" "Mozilla/5.0 (Macintosh; Intel Mac OS X 10_15_7) AppleWebKit/605.1.15 (KHTML, like Gecko) Version/15.1 Safari/605.1.15"
80.131.126.201 - - [15/Mar/2022:09:44:46 +0000] "GET /files/ListPhoto.jpg HTTP/1.1" 200 75996 "https://www.ai-news.lmu.de/people/" "Mozilla/5.0 (Macintosh; Intel Mac OS X 10_15_7) AppleWebKit/605.1.15 (KHTML, like Gecko) Version/15.1 Safari/605.1.15"
80.131.126.201 - - [15/Mar/2022:09:44:45 +0000] "GET /files/Ingrisch%20Michael.JPG HTTP/1.1" 200 548413 "https://www.ai-news.lmu.de/people/" "Mozilla/5.0 (Macintosh; Intel Mac OS X 10_15_7) AppleWebKit/605.1.15 (KHTML, like Gecko) Version/15.1 Safari/605.1.15"
80.131.126.201 - - [15/Mar/2022:09:44:46 +0000] "GET /files/bjorn.jpeg HTTP/1.1" 200 47993 "https://www.ai-news.lmu.de/people/" "Mozilla/5.0 (Macintosh; Intel Mac OS X 10_15_7) AppleWebKit/605.1.15 (KHTML, like Gecko) Version/15.1 Safari/605.1.15"
80.131.126.201 - - [15/Mar/2022:09:44:46 +0000] "GET /files/Linnhoff-Popien-s.jpg HTTP/1.1" 200 228298 "https://www.ai-news.lmu.de/people/" "Mozilla/5.0 (Macintosh; Intel Mac OS X 10_15_7) AppleWebKit/605.1.15 (KHTML, like Gecko) Version/15.1 Safari/605.1.15"
80.131.126.201 - - [15/Mar/2022:09:44:46 +0000] "GET /files/Peichl_Andreas_07_d_s.jpg HTTP/1.1" 200 166818 "https://www.ai-news.lmu.de/people/" "Mozilla/5.0 (Macintosh; Intel Mac OS X 10_15_7) AppleWebKit/605.1.15 (KHTML, like Gecko) Version/15.1 Safari/605.1.15"
80.131.126.201 - - [15/Mar/2022:09:44:46 +0000] "GET /files/pollet.jpg HTTP/1.1" 200 11670 "https://www.ai-news.lmu.de/people/" "Mozilla/5.0 (Macintosh; Intel Mac OS X 10_15_7) AppleWebKit/605.1.15 (KHTML, like Gecko) Version/15.1 Safari/605.1.15"
80.131.126.201 - - [15/Mar/2022:09:44:47 +0000] "GET /files/albrecht.jpg HTTP/1.1" 200 5540 "https://www.ai-news.lmu.de/people/" "Mozilla/5.0 (Macintosh; Intel Mac OS X 10_15_7) AppleWebKit/605.1.15 (KHTML, like Gecko) Version/15.1 Safari/605.1.15"
80.131.126.201 - - [15/Mar/2022:09:44:47 +0000] "GET /files/Matthias_Schubert.jpg HTTP/1.1" 200 46978 "https://www.ai-news.lmu.de/people/" "Mozilla/5.0 (Macintosh; Intel Mac OS X 10_15_7) AppleWebKit/605.1.15 (KHTML, like Gecko) Version/15.1 Safari/605.1.15"
80.131.126.201 - - [15/Mar/2022:09:44:46 +0000] "GET /files/KatiaParodi_AAPM.jpg HTTP/1.1" 200 379863 "https://www.ai-news.lmu.de/people/" "Mozilla/5.0 (Macintosh; Intel Mac OS X 10_15_7) AppleWebKit/605.1.15 (KHTML, like Gecko) Version/15.1 Safari/605.1.15"
80.131.126.201 - - [15/Mar/2022:09:44:47 +0000] "GET /files/NeilThurman_s.jpg HTTP/1.1" 200 121896 "https://www.ai-news.lmu.de/people/" "Mozilla/5.0 (Macintosh; Intel Mac OS X 10_15_7) AppleWebKit/605.1.15 (KHTML, like Gecko) Version/15.1 Safari/605.1.15"
80.131.126.201 - - [15/Mar/2022:09:44:47 +0000] "GET /files/Schuetze-c_172_s.jpg HTTP/1.1" 200 159128 "https://www.ai-news.lmu.de/people/" "Mozilla/5.0 (Macintosh; Intel Mac OS X 10_15_7) AppleWebKit/605.1.15 (KHTML, like Gecko) Version/15.1 Safari/605.1.15"
80.131.126.201 - - [15/Mar/2022:09:44:47 +0000] "GET /files/2021-Volker.jpg HTTP/1.1" 200 57470 "https://www.ai-news.lmu.de/people/" "Mozilla/5.0 (Macintosh; Intel Mac OS X 10_15_7) AppleWebKit/605.1.15 (KHTML, like Gecko) Version/15.1 Safari/605.1.15"
80.131.126.201 - - [15/Mar/2022:09:44:47 +0000] "GET /files/Weller.jpg HTTP/1.1" 200 83554 "https://www.ai-news.lmu.de/people/" "Mozilla/5.0 (Macintosh; Intel Mac OS X 10_15_7) AppleWebKit/605.1.15 (KHTML, like Gecko) Version/15.1 Safari/605.1.15"
80.131.126.201 - - [15/Mar/2022:09:44:47 +0000] "GET /files/winter_joachim.jpg HTTP/1.1" 200 25281 "https://www.ai-news.lmu.de/people/" "Mozilla/5.0 (Macintosh; Intel Mac OS X 10_15_7) AppleWebKit/605.1.15 (KHTML, like Gecko) Version/15.1 Safari/605.1.15"
80.131.126.201 - - [15/Mar/2022:09:44:47 +0000] "GET /files/seid.jpg HTTP/1.1" 200 323380 "https://www.ai-news.lmu.de/people/" "Mozilla/5.0 (Macintosh; Intel Mac OS X 10_15_7) AppleWebKit/605.1.15 (KHTML, like Gecko) Version/15.1 Safari/605.1.15"
80.131.126.201 - - [15/Mar/2022:09:44:47 +0000] "GET /files/2021_Udupa.jpg HTTP/1.1" 200 548314 "https://www.ai-news.lmu.de/people/" "Mozilla/5.0 (Macintosh; Intel Mac OS X 10_15_7) AppleWebKit/605.1.15 (KHTML, like Gecko) Version/15.1 Safari/605.1.15"
80.131.126.201 - - [15/Mar/2022:09:44:47 +0000] "GET /files/ProfessorZoellerPress.jpg HTTP/1.1" 200 416961 "https://www.ai-news.lmu.de/people/" "Mozilla/5.0 (Macintosh; Intel Mac OS X 10_15_7) AppleWebKit/605.1.15 (KHTML, like Gecko) Version/15.1 Safari/605.1.15"
80.131.126.201 - - [15/Mar/2022:09:44:48 +0000] "GET /files/standard-json-navigation-generating-site.json?nocache=1647337484446 HTTP/1.1" 200 2325 "https://www.ai-news.lmu.de/people/" "Mozilla/5.0 (Macintosh; Intel Mac OS X 10_15_7) AppleWebKit/605.1.15 (KHTML, like Gecko) Version/15.1 Safari/605.1.15"
208.115.199.23 - - [15/Mar/2022:09:46:55 +0000] "HEAD / HTTP/1.1" 200 5513 "https://www.ai-news.lmu.de/" "Mozilla/5.0+(compatible; UptimeRobot/2.0; http://www.uptimerobot.com/)"
80.131.126.201 - - [15/Mar/2022:09:47:51 +0000] "GET /files/standard-json-navigation-generating-site.json?nocache=1647337671456 HTTP/1.1" 200 7530 "https://www.ai-news.lmu.de/" "Mozilla/5.0 (Macintosh; Intel Mac OS X 10_15_7) AppleWebKit/605.1.15 (KHTML, like Gecko) Version/15.1 Safari/605.1.15"
80.131.126.201 - - [15/Mar/2022:09:47:55 +0000] "GET /submission HTTP/1.1" 301 627 "https://www.ai-news.lmu.de/" "Mozilla/5.0 (Macintosh; Intel Mac OS X 10_15_7) AppleWebKit/605.1.15 (KHTML, like Gecko) Version/15.1 Safari/605.1.15"
80.131.126.201 - - [15/Mar/2022:09:47:55 +0000] "GET /submission/ HTTP/1.1" 200 5657 "https://www.ai-news.lmu.de/" "Mozilla/5.0 (Macintosh; Intel Mac OS X 10_15_7) AppleWebKit/605.1.15 (KHTML, like Gecko) Version/15.1 Safari/605.1.15"
80.131.126.201 - - [15/Mar/2022:09:47:55 +0000] "GET /files/standard-json-navigation-generating-site.json?nocache=1647337675094 HTTP/1.1" 200 2325 "https://www.ai-news.lmu.de/submission/" "Mozilla/5.0 (Macintosh; Intel Mac OS X 10_15_7) AppleWebKit/605.1.15 (KHTML, like Gecko) Version/15.1 Safari/605.1.15"
80.131.126.201 - - [15/Mar/2022:09:49:01 +0000] "GET /updates HTTP/1.1" 301 5826 "https://www.ai-news.lmu.de/" "Mozilla/5.0 (Macintosh; Intel Mac OS X 10_15_7) AppleWebKit/605.1.15 (KHTML, like Gecko) Version/15.1 Safari/605.1.15"
80.131.126.201 - - [15/Mar/2022:09:49:01 +0000] "GET /updates/ HTTP/1.1" 200 5075 "https://www.ai-news.lmu.de/" "Mozilla/5.0 (Macintosh; Intel Mac OS X 10_15_7) AppleWebKit/605.1.15 (KHTML, like Gecko) Version/15.1 Safari/605.1.15"
80.131.126.201 - - [15/Mar/2022:09:49:01 +0000] "GET /files/conference.jpg HTTP/1.1" 200 207126 "https://www.ai-news.lmu.de/updates/" "Mozilla/5.0 (Macintosh; Intel Mac OS X 10_15_7) AppleWebKit/605.1.15 (KHTML, like Gecko) Version/15.1 Safari/605.1.15"
80.131.126.201 - - [15/Mar/2022:09:49:01 +0000] "GET /files/lights.png HTTP/1.1" 200 218474 "https://www.ai-news.lmu.de/updates/" "Mozilla/5.0 (Macintosh; Intel Mac OS X 10_15_7) AppleWebKit/605.1.15 (KHTML, like Gecko) Version/15.1 Safari/605.1.15"
80.131.126.201 - - [15/Mar/2022:09:49:01 +0000] "GET /files/robot_small.jpg HTTP/1.1" 200 317278 "https://www.ai-news.lmu.de/updates/" "Mozilla/5.0 (Macintosh; Intel Mac OS X 10_15_7) AppleWebKit/605.1.15 (KHTML, like Gecko) Version/15.1 Safari/605.1.15"
80.131.126.201 - - [15/Mar/2022:09:49:01 +0000] "GET /files/press_small.jpg HTTP/1.1" 200 474789 "https://www.ai-news.lmu.de/updates/" "Mozilla/5.0 (Macintosh; Intel Mac OS X 10_15_7) AppleWebKit/605.1.15 (KHTML, like Gecko) Version/15.1 Safari/605.1.15"
80.131.126.201 - - [15/Mar/2022:09:49:02 +0000] "GET /files/ai_web.jpg HTTP/1.1" 200 127890 "https://www.ai-news.lmu.de/updates/" "Mozilla/5.0 (Macintosh; Intel Mac OS X 10_15_7) AppleWebKit/605.1.15 (KHTML, like Gecko) Version/15.1 Safari/605.1.15"
80.131.126.201 - - [15/Mar/2022:09:49:02 +0000] "GET /files/standard-json-navigation-generating-site.json?nocache=1647337741739 HTTP/1.1" 200 2325 "https://www.ai-news.lmu.de/updates/" "Mozilla/5.0 (Macintosh; Intel Mac OS X 10_15_7) AppleWebKit/605.1.15 (KHTML, like Gecko) Version/15.1 Safari/605.1.15"
80.131.126.201 - - [15/Mar/2022:09:49:20 +0000] "GET /2022/03/04/The-data-treasure-hunter.html HTTP/1.1" 200 9613 "https://www.ai-news.lmu.de/updates/" "Mozilla/5.0 (Macintosh; Intel Mac OS X 10_15_7) AppleWebKit/605.1.15 (KHTML, like Gecko) Version/15.1 Safari/605.1.15"
80.131.126.201 - - [15/Mar/2022:09:49:20 +0000] "GET /files/standard-json-navigation-generating-site.json?nocache=1647337760189 HTTP/1.1" 200 2325 "https://www.ai-news.lmu.de/2022/03/04/The-data-treasure-hunter.html" "Mozilla/5.0 (Macintosh; Intel Mac OS X 10_15_7) AppleWebKit/605.1.15 (KHTML, like Gecko) Version/15.1 Safari/605.1.15"
80.131.126.201 - - [15/Mar/2022:09:50:01 +0000] "GET /2022/03/04/Bavarian-Canadian-collaborative-projects.html HTTP/1.1" 200 10068 "https://www.ai-news.lmu.de/updates/" "Mozilla/5.0 (Macintosh; Intel Mac OS X 10_15_7) AppleWebKit/605.1.15 (KHTML, like Gecko) Version/15.1 Safari/605.1.15"
80.131.126.201 - - [15/Mar/2022:09:50:01 +0000] "GET /files/standard-json-navigation-generating-site.json?nocache=1647337801122 HTTP/1.1" 200 2325 "https://www.ai-news.lmu.de/2022/03/04/Bavarian-Canadian-collaborative-projects.html" "Mozilla/5.0 (Macintosh; Intel Mac OS X 10_15_7) AppleWebKit/605.1.15 (KHTML, like Gecko) Version/15.1 Safari/605.1.15"
208.115.199.23 - - [15/Mar/2022:09:51:55 +0000] "HEAD / HTTP/1.1" 200 5513 "https://www.ai-news.lmu.de/" "Mozilla/5.0+(compatible; UptimeRobot/2.0; http://www.uptimerobot.com/)"
80.131.126.201 - - [15/Mar/2022:09:53:06 +0000] "GET /2021/12/20/trustworthy.html HTTP/1.1" 200 10569 "https://www.ai-news.lmu.de/updates/" "Mozilla/5.0 (Macintosh; Intel Mac OS X 10_15_7) AppleWebKit/605.1.15 (KHTML, like Gecko) Version/15.1 Safari/605.1.15"
80.131.126.201 - - [15/Mar/2022:09:53:06 +0000] "GET /files/standard-json-navigation-generating-site.json?nocache=1647337986532 HTTP/1.1" 200 2325 "https://www.ai-news.lmu.de/2021/12/20/trustworthy.html" "Mozilla/5.0 (Macintosh; Intel Mac OS X 10_15_7) AppleWebKit/605.1.15 (KHTML, like Gecko) Version/15.1 Safari/605.1.15"
138.246.3.43 - - [15/Mar/2022:09:53:18 +0000] "GET /updates/ HTTP/1.1" 200 10280 "https://www.ai-news.lmu.de/" "Mozilla/5.0 (Windows NT 10.0; Win64; x64; rv:97.0) Gecko/20100101 Firefox/97.0"
138.246.3.43 - - [15/Mar/2022:09:53:19 +0000] "GET /fonts/roboto-v18-latin-300.woff2 HTTP/1.1" 200 15772 "https://www.ai-news.lmu.de/updates/" "Mozilla/5.0 (Windows NT 10.0; Win64; x64; rv:97.0) Gecko/20100101 Firefox/97.0"
138.246.3.43 - - [15/Mar/2022:09:53:19 +0000] "GET /files/runtime.bundle.js HTTP/1.1" 200 6292 "https://www.ai-news.lmu.de/updates/" "Mozilla/5.0 (Windows NT 10.0; Win64; x64; rv:97.0) Gecko/20100101 Firefox/97.0"
138.246.3.43 - - [15/Mar/2022:09:53:19 +0000] "GET /files/ai_web.jpg HTTP/1.1" 200 128454 "https://www.ai-news.lmu.de/updates/" "Mozilla/5.0 (Windows NT 10.0; Win64; x64; rv:97.0) Gecko/20100101 Firefox/97.0"
138.246.3.43 - - [15/Mar/2022:09:53:19 +0000] "GET /files/conference.jpg HTTP/1.1" 200 202485 "https://www.ai-news.lmu.de/updates/" "Mozilla/5.0 (Windows NT 10.0; Win64; x64; rv:97.0) Gecko/20100101 Firefox/97.0"
138.246.3.43 - - [15/Mar/2022:09:53:19 +0000] "GET /files/press_small.jpg HTTP/1.1" 200 475353 "https://www.ai-news.lmu.de/updates/" "Mozilla/5.0 (Windows NT 10.0; Win64; x64; rv:97.0) Gecko/20100101 Firefox/97.0"
138.246.3.43 - - [15/Mar/2022:09:53:19 +0000] "GET /files/robot_small.jpg HTTP/1.1" 200 312637 "https://www.ai-news.lmu.de/updates/" "Mozilla/5.0 (Windows NT 10.0; Win64; x64; rv:97.0) Gecko/20100101 Firefox/97.0"
138.246.3.43 - - [15/Mar/2022:09:53:19 +0000] "GET /files/lights.png HTTP/1.1" 200 213833 "https://www.ai-news.lmu.de/updates/" "Mozilla/5.0 (Windows NT 10.0; Win64; x64; rv:97.0) Gecko/20100101 Firefox/97.0"
138.246.3.43 - - [15/Mar/2022:09:53:19 +0000] "GET /files/favicon.ico HTTP/1.1" 200 7751 "https://www.ai-news.lmu.de/updates/" "Mozilla/5.0 (Windows NT 10.0; Win64; x64; rv:97.0) Gecko/20100101 Firefox/97.0"
138.246.3.43 - - [15/Mar/2022:09:53:19 +0000] "GET /files/standard-json-navigation-generating-site.json?nocache=1647337999005 HTTP/1.1" 200 2325 "https://www.ai-news.lmu.de/updates/" "Mozilla/5.0 (Windows NT 10.0; Win64; x64; rv:97.0) Gecko/20100101 Firefox/97.0"
138.246.3.43 - - [15/Mar/2022:09:53:51 +0000] "GET /2022/03/04/The-data-treasure-hunter.html HTTP/1.1" 200 4972 "https://www.ai-news.lmu.de/updates/" "Mozilla/5.0 (Windows NT 10.0; Win64; x64; rv:97.0) Gecko/20100101 Firefox/97.0"
138.246.3.43 - - [15/Mar/2022:09:53:51 +0000] "GET /files/standard-json-navigation-generating-site.json?nocache=1647338031755 HTTP/1.1" 200 2325 "https://www.ai-news.lmu.de/2022/03/04/The-data-treasure-hunter.html" "Mozilla/5.0 (Windows NT 10.0; Win64; x64; rv:97.0) Gecko/20100101 Firefox/97.0"
141.84.9.48 - - [15/Mar/2022:09:56:26 +0000] "GET /calendar.ics HTTP/1.1" 304 5408 "-" "Mozilla/5.0 (X11; Linux x86_64; rv:91.0) Gecko/20100101 Thunderbird/91.5.0"
208.115.199.23 - - [15/Mar/2022:09:56:55 +0000] "HEAD / HTTP/1.1" 200 5513 "https://www.ai-news.lmu.de/" "Mozilla/5.0+(compatible; UptimeRobot/2.0; http://www.uptimerobot.com/)"
208.100.26.229 - - [15/Mar/2022:09:57:02 +0000] "GET / HTTP/1.0" 200 26337 "-" "-"
138.246.3.55 - - [15/Mar/2022:09:57:03 +0000] "GET /feed.xml HTTP/1.1" 304 5408 "-" "Mozilla/5.0 (X11; Linux x86_64; rv:91.0) Gecko/20100101 Thunderbird/91.6.2"
95.112.108.32 - - [15/Mar/2022:09:58:37 +0000] "GET /feed.xml HTTP/1.1" 304 5408 "-" "Mozilla/5.0 (Windows NT 10.0; Win64; x64; rv:91.0) Gecko/20100101 Thunderbird/91.7.0"
208.100.26.229 - - [15/Mar/2022:09:58:54 +0000] "GET /nmaplowercheck1647338333 HTTP/1.1" 404 5189 "-" "Mozilla/5.0 (Linux; Android 8.1.0; SM-G610F) AppleWebKit/537.36 (KHTML, like Gecko) Chrome/75.0.3770.101 Mobile Safari/537.36"
208.100.26.229 - - [15/Mar/2022:09:58:54 +0000] "HEAD / HTTP/1.1" 200 5008 "-" "Mozilla/5.0 (Linux; Android 8.1.0; SM-G610F) AppleWebKit/537.36 (KHTML, like Gecko) Chrome/75.0.3770.101 Mobile Safari/537.36"
208.100.26.229 - - [15/Mar/2022:09:58:54 +0000] "GET /HNAP1 HTTP/1.1" 404 5189 "-" "Mozilla/5.0 (Linux; Android 8.1.0; SM-G610F) AppleWebKit/537.36 (KHTML, like Gecko) Chrome/75.0.3770.101 Mobile Safari/537.36"
208.100.26.229 - - [15/Mar/2022:09:58:55 +0000] "GET / HTTP/1.0" 200 26337 "-" "-"
208.100.26.229 - - [15/Mar/2022:09:58:55 +0000] "GET / HTTP/1.1" 200 26318 "-" "-"
208.100.26.229 - - [15/Mar/2022:09:58:55 +0000] "GET /evox/about HTTP/1.1" 404 5189 "-" "Mozilla/5.0 (Linux; Android 8.1.0; SM-G610F) AppleWebKit/537.36 (KHTML, like Gecko) Chrome/75.0.3770.101 Mobile Safari/537.36"
208.100.26.229 - - [15/Mar/2022:09:58:56 +0000] "POST /sdk HTTP/1.1" 404 5189 "-" "Mozilla/5.0 (Linux; Android 8.1.0; SM-G610F) AppleWebKit/537.36 (KHTML, like Gecko) Chrome/75.0.3770.101 Mobile Safari/537.36"
95.112.108.32 - - [15/Mar/2022:10:00:33 +0000] "GET /calendar.ics HTTP/1.1" 304 767 "-" "Mozilla/5.0 (Windows NT 10.0; Win64; x64; rv:91.0) Gecko/20100101 Thunderbird/91.7.0"
208.115.199.23 - - [15/Mar/2022:10:01:55 +0000] "HEAD / HTTP/1.1" 200 5513 "https://www.ai-news.lmu.de/" "Mozilla/5.0+(compatible; UptimeRobot/2.0; http://www.uptimerobot.com/)"
109.248.6.33 - - [15/Mar/2022:10:02:39 +0000] "GET / HTTP/1.0" 200 26732 "-" "masscan-ng/1.3 (https://github.com/bi-zone/masscan-ng)"
80.131.126.201 - - [15/Mar/2022:10:05:38 +0000] "GET /files/standard-json-navigation-generating-site.json?nocache=1647338737766 HTTP/1.1" 200 7530 "https://www.ai-news.lmu.de/" "Mozilla/5.0 (Macintosh; Intel Mac OS X 10_15_7) AppleWebKit/605.1.15 (KHTML, like Gecko) Version/15.1 Safari/605.1.15"
80.131.126.201 - - [15/Mar/2022:10:05:40 +0000] "GET /events HTTP/1.1" 301 619 "https://www.ai-news.lmu.de/" "Mozilla/5.0 (Macintosh; Intel Mac OS X 10_15_7) AppleWebKit/605.1.15 (KHTML, like Gecko) Version/15.1 Safari/605.1.15"
80.131.126.201 - - [15/Mar/2022:10:05:40 +0000] "GET /events/ HTTP/1.1" 200 4904 "https://www.ai-news.lmu.de/" "Mozilla/5.0 (Macintosh; Intel Mac OS X 10_15_7) AppleWebKit/605.1.15 (KHTML, like Gecko) Version/15.1 Safari/605.1.15"
80.131.126.201 - - [15/Mar/2022:10:05:40 +0000] "GET /files/HorsaaLMU_ID679_2.jpg HTTP/1.1" 200 178694 "https://www.ai-news.lmu.de/events/" "Mozilla/5.0 (Macintosh; Intel Mac OS X 10_15_7) AppleWebKit/605.1.15 (KHTML, like Gecko) Version/15.1 Safari/605.1.15"
80.131.126.201 - - [15/Mar/2022:10:05:40 +0000] "GET /files/standard-json-navigation-generating-site.json?nocache=1647338740637 HTTP/1.1" 200 2325 "https://www.ai-news.lmu.de/events/" "Mozilla/5.0 (Macintosh; Intel Mac OS X 10_15_7) AppleWebKit/605.1.15 (KHTML, like Gecko) Version/15.1 Safari/605.1.15"
80.131.126.201 - - [15/Mar/2022:10:05:50 +0000] "GET /files/standard-json-navigation-generating-site.json?nocache=1647338750068 HTTP/1.1" 200 7530 "https://www.ai-news.lmu.de/people/" "Mozilla/5.0 (Macintosh; Intel Mac OS X 10_15_7) AppleWebKit/605.1.15 (KHTML, like Gecko) Version/15.1 Safari/605.1.15"
208.115.199.23 - - [15/Mar/2022:10:06:55 +0000] "HEAD / HTTP/1.1" 200 5513 "https://www.ai-news.lmu.de/" "Mozilla/5.0+(compatible; UptimeRobot/2.0; http://www.uptimerobot.com/)"
18.195.115.151 - - [15/Mar/2022:10:07:37 +0000] "GET /files/favicon.ico HTTP/1.1" 200 12904 "-" "Slack-ImgProxy (+https://api.slack.com/robots)"
208.115.199.23 - - [15/Mar/2022:10:11:55 +0000] "HEAD / HTTP/1.1" 200 5513 "https://www.ai-news.lmu.de/" "Mozilla/5.0+(compatible; UptimeRobot/2.0; http://www.uptimerobot.com/)"
80.131.126.201 - - [15/Mar/2022:10:20:15 +0000] "GET /events/ HTTP/1.1" 200 10109 "https://www.ai-news.lmu.de/" "Mozilla/5.0 (Macintosh; Intel Mac OS X 10_15_7) AppleWebKit/605.1.15 (KHTML, like Gecko) Version/15.1 Safari/605.1.15"
80.131.126.201 - - [15/Mar/2022:10:20:16 +0000] "GET /files/standard-json-navigation-generating-site.json?nocache=1647339615875 HTTP/1.1" 200 2325 "https://www.ai-news.lmu.de/events/" "Mozilla/5.0 (Macintosh; Intel Mac OS X 10_15_7) AppleWebKit/605.1.15 (KHTML, like Gecko) Version/15.1 Safari/605.1.15"
87.123.244.33 - - [15/Mar/2022:10:22:13 +0000] "GET /feed.xml HTTP/1.1" 304 5408 "-" "Mozilla/5.0 (Windows NT 10.0; Win64; x64; rv:91.0) Gecko/20100101 Thunderbird/91.7.0"
208.115.199.23 - - [15/Mar/2022:10:23:03 +0000] "HEAD / HTTP/1.1" 200 5513 "https://www.ai-news.lmu.de/" "Mozilla/5.0+(compatible; UptimeRobot/2.0; http://www.uptimerobot.com/)"
85.25.177.219 - - [15/Mar/2022:10:24:42 +0000] "GET /robots.txt HTTP/1.1" 404 5687 "-" "Mozilla/5.0 (X11; Linux x86_64; rv:81.0) Gecko/20100101 Firefox/81.0"
85.25.177.219 - - [15/Mar/2022:10:24:42 +0000] "GET /2022/02/11/AI-in-local-journalism.html HTTP/1.1" 200 5099 "-" "Mozilla/5.0 (X11; Linux x86_64; rv:81.0) Gecko/20100101 Firefox/81.0"
85.25.177.219 - - [15/Mar/2022:10:26:15 +0000] "GET /2022/03/04/The-data-treasure-hunter.html HTTP/1.1" 200 4903 "-" "Mozilla/5.0 (X11; Linux x86_64; rv:81.0) Gecko/20100101 Firefox/81.0"
141.84.9.48 - - [15/Mar/2022:10:26:26 +0000] "GET /calendar.ics HTTP/1.1" 304 5408 "-" "Mozilla/5.0 (X11; Linux x86_64; rv:91.0) Gecko/20100101 Thunderbird/91.5.0"
85.25.177.219 - - [15/Mar/2022:10:27:13 +0000] "GET /submission HTTP/1.1" 301 1122 "-" "Mozilla/5.0 (X11; Linux x86_64; rv:81.0) Gecko/20100101 Firefox/81.0"
85.25.177.219 - - [15/Mar/2022:10:27:57 +0000] "GET /2022/03/04/Bavarian-Canadian-collaborative-projects.html HTTP/1.1" 200 5358 "-" "Mozilla/5.0 (X11; Linux x86_64; rv:81.0) Gecko/20100101 Firefox/81.0"
208.115.199.23 - - [15/Mar/2022:10:28:02 +0000] "HEAD / HTTP/1.1" 200 5513 "https://www.ai-news.lmu.de/" "Mozilla/5.0+(compatible; UptimeRobot/2.0; http://www.uptimerobot.com/)"
85.25.177.219 - - [15/Mar/2022:10:28:37 +0000] "GET /updates HTTP/1.1" 301 1116 "-" "Mozilla/5.0 (X11; Linux x86_64; rv:81.0) Gecko/20100101 Firefox/81.0"
85.25.177.219 - - [15/Mar/2022:10:29:24 +0000] "GET /people HTTP/1.1" 301 1114 "-" "Mozilla/5.0 (X11; Linux x86_64; rv:81.0) Gecko/20100101 Firefox/81.0"
85.25.177.219 - - [15/Mar/2022:10:30:19 +0000] "GET /index.html HTTP/1.1" 200 5890 "-" "Mozilla/5.0 (X11; Linux x86_64; rv:81.0) Gecko/20100101 Firefox/81.0"
95.112.108.32 - - [15/Mar/2022:10:30:33 +0000] "GET /calendar.ics HTTP/1.1" 304 5408 "-" "Mozilla/5.0 (Windows NT 10.0; Win64; x64; rv:91.0) Gecko/20100101 Thunderbird/91.7.0"
207.46.13.157 - - [15/Mar/2022:10:30:45 +0000] "GET / HTTP/1.1" 200 10681 "-" "Mozilla/5.0 (compatible; bingbot/2.0; +http://www.bing.com/bingbot.htm)"
85.25.177.219 - - [15/Mar/2022:10:30:55 +0000] "GET /events HTTP/1.1" 301 1114 "-" "Mozilla/5.0 (X11; Linux x86_64; rv:81.0) Gecko/20100101 Firefox/81.0"
208.115.199.23 - - [15/Mar/2022:10:33:02 +0000] "HEAD / HTTP/1.1" 200 5513 "https://www.ai-news.lmu.de/" "Mozilla/5.0+(compatible; UptimeRobot/2.0; http://www.uptimerobot.com/)"
208.115.199.23 - - [15/Mar/2022:10:38:02 +0000] "HEAD / HTTP/1.1" 200 5513 "https://www.ai-news.lmu.de/" "Mozilla/5.0+(compatible; UptimeRobot/2.0; http://www.uptimerobot.com/)"
95.91.251.222 - - [15/Mar/2022:10:43:03 +0000] "GET /feed.xml HTTP/1.1" 304 5408 "-" "Mozilla/5.0 (Windows NT 10.0; Win64; x64; rv:91.0) Gecko/20100101 Thunderbird/91.7.0"
208.115.199.23 - - [15/Mar/2022:10:43:39 +0000] "HEAD / HTTP/1.1" 200 5513 "https://www.ai-news.lmu.de/" "Mozilla/5.0+(compatible; UptimeRobot/2.0; http://www.uptimerobot.com/)"
141.40.252.102 - - [15/Mar/2022:10:47:24 +0000] "GET /feed.xml HTTP/1.1" 304 5408 "-" "Mozilla/5.0 (Windows NT 10.0; Win64; x64; rv:91.0) Gecko/20100101 Thunderbird/91.7.0"
208.115.199.23 - - [15/Mar/2022:10:48:39 +0000] "HEAD / HTTP/1.1" 200 5513 "https://www.ai-news.lmu.de/" "Mozilla/5.0+(compatible; UptimeRobot/2.0; http://www.uptimerobot.com/)"
8.29.198.27 - - [15/Mar/2022:10:51:09 +0000] "GET /feed.xml HTTP/1.1" 200 10555 "-" "Feedly/1.0 (+http://www.feedly.com/fetcher.html; 2 subscribers; like FeedFetcher-Google)"
141.84.9.48 - - [15/Mar/2022:10:56:26 +0000] "GET /calendar.ics HTTP/1.1" 304 5408 "-" "Mozilla/5.0 (X11; Linux x86_64; rv:91.0) Gecko/20100101 Thunderbird/91.5.0"
103.203.57.10 - - [15/Mar/2022:11:00:14 +0000] "GET / HTTP/1.1" 200 10480 "-" "Mozilla/5.0 (Windows NT 10.0; WOW64) AppleWebKit/537.36 (KHTML, like Gecko) Chrome/45.0.2454.101 Safari/537.36"
95.112.108.32 - - [15/Mar/2022:11:00:33 +0000] "GET /calendar.ics HTTP/1.1" 304 5408 "-" "Mozilla/5.0 (Windows NT 10.0; Win64; x64; rv:91.0) Gecko/20100101 Thunderbird/91.7.0"
138.246.3.121 - - [15/Mar/2022:11:02:24 +0000] "GET /feed.xml HTTP/1.1" 304 5408 "-" "Mozilla/5.0 (Macintosh; Intel Mac OS X 10.15; rv:91.0) Gecko/20100101 Thunderbird/91.7.0"
74.125.151.107 - - [15/Mar/2022:11:10:12 +0000] "GET /calendar.ics HTTP/1.1" 200 9705 "-" "Google-Calendar-Importer"
85.25.177.219 - - [15/Mar/2022:11:10:39 +0000] "GET /robots.txt HTTP/1.1" 404 5687 "-" "Mozilla/5.0 (X11; Linux x86_64; rv:81.0) Gecko/20100101 Firefox/81.0"
85.25.177.219 - - [15/Mar/2022:11:10:39 +0000] "GET / HTTP/1.1" 200 5890 "-" "Mozilla/5.0 (X11; Linux x86_64; rv:81.0) Gecko/20100101 Firefox/81.0"
208.115.199.23 - - [15/Mar/2022:11:14:24 +0000] "HEAD / HTTP/1.1" 200 5485 "https://www.ai-news.lmu.de/" "Mozilla/5.0+(compatible; UptimeRobot/2.0; http://www.uptimerobot.com/)"
208.115.199.23 - - [15/Mar/2022:11:19:24 +0000] "HEAD / HTTP/1.1" 200 5513 "https://www.ai-news.lmu.de/" "Mozilla/5.0+(compatible; UptimeRobot/2.0; http://www.uptimerobot.com/)"
138.246.3.55 - - [15/Mar/2022:11:19:50 +0000] "GET /feed.xml HTTP/1.1" 304 5408 "-" "Mozilla/5.0 (X11; Linux x86_64; rv:91.0) Gecko/20100101 Thunderbird/91.6.2"
3.68.78.45 - - [15/Mar/2022:11:20:53 +0000] "GET /files/favicon.ico HTTP/1.1" 200 12904 "-" "Slack-ImgProxy (+https://api.slack.com/robots)"
208.115.199.23 - - [15/Mar/2022:11:24:24 +0000] "HEAD / HTTP/1.1" 200 5513 "https://www.ai-news.lmu.de/" "Mozilla/5.0+(compatible; UptimeRobot/2.0; http://www.uptimerobot.com/)"
95.91.251.222 - - [15/Mar/2022:11:25:22 +0000] "GET /feed.xml HTTP/1.1" 304 5408 "-" "Mozilla/5.0 (Windows NT 10.0; Win64; x64; rv:91.0) Gecko/20100101 Thunderbird/91.7.0"
141.84.9.48 - - [15/Mar/2022:11:26:26 +0000] "GET /calendar.ics HTTP/1.1" 304 5408 "-" "Mozilla/5.0 (X11; Linux x86_64; rv:91.0) Gecko/20100101 Thunderbird/91.5.0"
208.115.199.23 - - [15/Mar/2022:11:29:24 +0000] "HEAD / HTTP/1.1" 200 5513 "https://www.ai-news.lmu.de/" "Mozilla/5.0+(compatible; UptimeRobot/2.0; http://www.uptimerobot.com/)"
95.112.108.32 - - [15/Mar/2022:11:30:33 +0000] "GET /calendar.ics HTTP/1.1" 304 5408 "-" "Mozilla/5.0 (Windows NT 10.0; Win64; x64; rv:91.0) Gecko/20100101 Thunderbird/91.7.0"
208.115.199.23 - - [15/Mar/2022:11:34:24 +0000] "HEAD / HTTP/1.1" 200 5513 "https://www.ai-news.lmu.de/" "Mozilla/5.0+(compatible; UptimeRobot/2.0; http://www.uptimerobot.com/)"
208.115.199.23 - - [15/Mar/2022:11:39:24 +0000] "HEAD / HTTP/1.1" 200 5513 "https://www.ai-news.lmu.de/" "Mozilla/5.0+(compatible; UptimeRobot/2.0; http://www.uptimerobot.com/)"
81.209.177.16 - - [15/Mar/2022:11:42:03 +0000] "GET /robots.txt HTTP/1.1" 404 5672 "-" "netEstate NE Crawler (+http://www.website-datenbank.de/)"
81.209.177.16 - - [15/Mar/2022:11:42:03 +0000] "GET / HTTP/1.1" 200 26800 "-" "netEstate NE Crawler (+http://www.website-datenbank.de/)"
81.209.177.16 - - [15/Mar/2022:11:42:03 +0000] "GET / HTTP/1.1" 200 26800 "-" "netEstate NE Crawler (+http://www.website-datenbank.de/)"
81.209.177.16 - - [15/Mar/2022:11:42:03 +0000] "GET /2022/02/11/AI-in-local-journalism.html HTTP/1.1" 200 19746 "-" "netEstate NE Crawler (+http://www.website-datenbank.de/)"
81.209.177.16 - - [15/Mar/2022:11:42:03 +0000] "GET /2022/03/04/Bavarian-Canadian-collaborative-projects.html HTTP/1.1" 200 20228 "-" "netEstate NE Crawler (+http://www.website-datenbank.de/)"
81.209.177.16 - - [15/Mar/2022:11:42:03 +0000] "GET /2022/03/04/The-data-treasure-hunter.html HTTP/1.1" 200 19360 "-" "netEstate NE Crawler (+http://www.website-datenbank.de/)"
81.209.177.16 - - [15/Mar/2022:11:42:03 +0000] "GET /events HTTP/1.1" 301 5772 "-" "netEstate NE Crawler (+http://www.website-datenbank.de/)"
81.209.177.16 - - [15/Mar/2022:11:42:03 +0000] "GET /events/ HTTP/1.1" 200 20689 "-" "netEstate NE Crawler (+http://www.website-datenbank.de/)"
81.209.177.16 - - [15/Mar/2022:11:42:04 +0000] "GET /index.html HTTP/1.1" 200 26800 "-" "netEstate NE Crawler (+http://www.website-datenbank.de/)"
81.209.177.16 - - [15/Mar/2022:11:42:04 +0000] "GET /people HTTP/1.1" 301 5772 "-" "netEstate NE Crawler (+http://www.website-datenbank.de/)"
81.209.177.16 - - [15/Mar/2022:11:42:04 +0000] "GET /people/ HTTP/1.1" 200 64235 "-" "netEstate NE Crawler (+http://www.website-datenbank.de/)"
81.209.177.16 - - [15/Mar/2022:11:42:04 +0000] "GET /submission HTTP/1.1" 301 5780 "-" "netEstate NE Crawler (+http://www.website-datenbank.de/)"
81.209.177.16 - - [15/Mar/2022:11:42:04 +0000] "GET /submission/ HTTP/1.1" 200 25592 "-" "netEstate NE Crawler (+http://www.website-datenbank.de/)"
81.209.177.16 - - [15/Mar/2022:11:42:04 +0000] "GET /updates HTTP/1.1" 301 5774 "-" "netEstate NE Crawler (+http://www.website-datenbank.de/)"
81.209.177.16 - - [15/Mar/2022:11:42:04 +0000] "GET /updates/ HTTP/1.1" 200 27660 "-" "netEstate NE Crawler (+http://www.website-datenbank.de/)"
208.115.199.23 - - [15/Mar/2022:11:44:24 +0000] "HEAD / HTTP/1.1" 200 5513 "https://www.ai-news.lmu.de/" "Mozilla/5.0+(compatible; UptimeRobot/2.0; http://www.uptimerobot.com/)"
104.131.105.190 - - [15/Mar/2022:11:44:38 +0000] "GET /feed.xml HTTP/1.1" 304 5356 "-" "Mozilla/5.0 (feeder.co; Intel Mac OS X 10_13_6) AppleWebKit/537.36 (KHTML, like Gecko) Chrome/67.0.3396.99 Safari/537.36"
208.115.199.23 - - [15/Mar/2022:11:49:24 +0000] "HEAD / HTTP/1.1" 200 5513 "https://www.ai-news.lmu.de/" "Mozilla/5.0+(compatible; UptimeRobot/2.0; http://www.uptimerobot.com/)"
208.115.199.23 - - [15/Mar/2022:11:54:24 +0000] "HEAD / HTTP/1.1" 200 5513 "https://www.ai-news.lmu.de/" "Mozilla/5.0+(compatible; UptimeRobot/2.0; http://www.uptimerobot.com/)"
141.84.9.48 - - [15/Mar/2022:11:56:26 +0000] "GET /calendar.ics HTTP/1.1" 304 5408 "-" "Mozilla/5.0 (X11; Linux x86_64; rv:91.0) Gecko/20100101 Thunderbird/91.5.0"
208.115.199.23 - - [15/Mar/2022:11:59:24 +0000] "HEAD / HTTP/1.1" 200 5513 "https://www.ai-news.lmu.de/" "Mozilla/5.0+(compatible; UptimeRobot/2.0; http://www.uptimerobot.com/)"
95.112.108.32 - - [15/Mar/2022:12:00:33 +0000] "GET /calendar.ics HTTP/1.1" 304 5408 "-" "Mozilla/5.0 (Windows NT 10.0; Win64; x64; rv:91.0) Gecko/20100101 Thunderbird/91.7.0"
87.123.244.33 - - [15/Mar/2022:12:02:42 +0000] "GET /feed.xml HTTP/1.1" 304 5408 "-" "Mozilla/5.0 (Windows NT 10.0; Win64; x64; rv:91.0) Gecko/20100101 Thunderbird/91.7.0"
208.115.199.23 - - [15/Mar/2022:12:04:24 +0000] "HEAD / HTTP/1.1" 200 5513 "https://www.ai-news.lmu.de/" "Mozilla/5.0+(compatible; UptimeRobot/2.0; http://www.uptimerobot.com/)"
18.192.11.80 - - [15/Mar/2022:12:06:42 +0000] "GET /files/favicon.ico HTTP/1.1" 200 12904 "-" "Slack-ImgProxy (+https://api.slack.com/robots)"
208.115.199.23 - - [15/Mar/2022:12:09:24 +0000] "HEAD / HTTP/1.1" 200 5513 "https://www.ai-news.lmu.de/" "Mozilla/5.0+(compatible; UptimeRobot/2.0; http://www.uptimerobot.com/)"
147.182.168.108 - - [15/Mar/2022:12:11:13 +0000] "GET /feed.xml HTTP/1.1" 200 10506 "-" "NewsBlur Feed Fetcher - 1 subscriber - https://www.newsblur.com/site/8444680/ailmu (\"Mozilla/5.0 (Macintosh; Intel Mac OS X 10_15_7) AppleWebKit/605.1.15 (KHTML, like Gecko) Version/14.0.1 Safari/605.1.15\")"
147.182.168.108 - - [15/Mar/2022:12:11:14 +0000] "GET / HTTP/1.1" 200 10600 "-" "NewsBlur Page Fetcher - 1 subscriber - https://www.newsblur.com/site/8444680/ailmu (\"Mozilla/5.0 (Macintosh; Intel Mac OS X 10_15_7) AppleWebKit/605.1.15 (KHTML, like Gecko) Version/14.0.1 Safari/605.1.15\")"
208.115.199.23 - - [15/Mar/2022:12:14:24 +0000] "HEAD / HTTP/1.1" 200 5513 "https://www.ai-news.lmu.de/" "Mozilla/5.0+(compatible; UptimeRobot/2.0; http://www.uptimerobot.com/)"
95.91.251.222 - - [15/Mar/2022:12:18:04 +0000] "GET /feed.xml HTTP/1.1" 304 5408 "-" "Mozilla/5.0 (Windows NT 10.0; Win64; x64; rv:91.0) Gecko/20100101 Thunderbird/91.7.0"
95.112.108.32 - - [15/Mar/2022:12:18:21 +0000] "GET /feed.xml HTTP/1.1" 304 5408 "-" "Mozilla/5.0 (Windows NT 10.0; Win64; x64; rv:91.0) Gecko/20100101 Thunderbird/91.7.0"
208.115.199.23 - - [15/Mar/2022:12:19:24 +0000] "HEAD / HTTP/1.1" 200 5513 "https://www.ai-news.lmu.de/" "Mozilla/5.0+(compatible; UptimeRobot/2.0; http://www.uptimerobot.com/)"
34.77.162.6 - - [15/Mar/2022:12:19:50 +0000] "GET / HTTP/1.1" 200 26143 "-" "Expanse, a Palo Alto Networks company, searches across the global IPv4 space multiple times per day to identify customers&#39; presences on the Internet. If you would like to be excluded from our scans, please send IP addresses/domains to: scaninfo@paloaltonetworks.com"
208.115.199.23 - - [15/Mar/2022:12:24:24 +0000] "HEAD / HTTP/1.1" 200 5513 "https://www.ai-news.lmu.de/" "Mozilla/5.0+(compatible; UptimeRobot/2.0; http://www.uptimerobot.com/)"
141.84.9.48 - - [15/Mar/2022:12:26:26 +0000] "GET /calendar.ics HTTP/1.1" 304 5408 "-" "Mozilla/5.0 (X11; Linux x86_64; rv:91.0) Gecko/20100101 Thunderbird/91.5.0"
141.40.252.102 - - [15/Mar/2022:12:27:25 +0000] "GET /feed.xml HTTP/1.1" 304 5408 "-" "Mozilla/5.0 (Windows NT 10.0; Win64; x64; rv:91.0) Gecko/20100101 Thunderbird/91.7.0"
208.115.199.23 - - [15/Mar/2022:12:29:24 +0000] "HEAD / HTTP/1.1" 200 5513 "https://www.ai-news.lmu.de/" "Mozilla/5.0+(compatible; UptimeRobot/2.0; http://www.uptimerobot.com/)"
95.112.108.32 - - [15/Mar/2022:12:30:32 +0000] "GET /calendar.ics HTTP/1.1" 304 5408 "-" "Mozilla/5.0 (Windows NT 10.0; Win64; x64; rv:91.0) Gecko/20100101 Thunderbird/91.7.0"
208.115.199.23 - - [15/Mar/2022:12:34:24 +0000] "HEAD / HTTP/1.1" 200 5513 "https://www.ai-news.lmu.de/" "Mozilla/5.0+(compatible; UptimeRobot/2.0; http://www.uptimerobot.com/)"
208.115.199.23 - - [15/Mar/2022:12:39:24 +0000] "HEAD / HTTP/1.1" 200 5513 "https://www.ai-news.lmu.de/" "Mozilla/5.0+(compatible; UptimeRobot/2.0; http://www.uptimerobot.com/)"
138.246.3.121 - - [15/Mar/2022:12:42:48 +0000] "GET /feed.xml HTTP/1.1" 304 5408 "-" "Mozilla/5.0 (Macintosh; Intel Mac OS X 10.15; rv:91.0) Gecko/20100101 Thunderbird/91.7.0"
208.115.199.23 - - [15/Mar/2022:12:44:24 +0000] "HEAD / HTTP/1.1" 200 5513 "https://www.ai-news.lmu.de/" "Mozilla/5.0+(compatible; UptimeRobot/2.0; http://www.uptimerobot.com/)"
208.115.199.23 - - [15/Mar/2022:12:49:24 +0000] "HEAD / HTTP/1.1" 200 5513 "https://www.ai-news.lmu.de/" "Mozilla/5.0+(compatible; UptimeRobot/2.0; http://www.uptimerobot.com/)"
208.115.199.23 - - [15/Mar/2022:12:54:24 +0000] "HEAD / HTTP/1.1" 200 5513 "https://www.ai-news.lmu.de/" "Mozilla/5.0+(compatible; UptimeRobot/2.0; http://www.uptimerobot.com/)"
141.84.9.48 - - [15/Mar/2022:12:56:26 +0000] "GET /calendar.ics HTTP/1.1" 304 5408 "-" "Mozilla/5.0 (X11; Linux x86_64; rv:91.0) Gecko/20100101 Thunderbird/91.5.0"
208.115.199.23 - - [15/Mar/2022:12:59:24 +0000] "HEAD / HTTP/1.1" 200 5513 "https://www.ai-news.lmu.de/" "Mozilla/5.0+(compatible; UptimeRobot/2.0; http://www.uptimerobot.com/)"
95.112.108.32 - - [15/Mar/2022:13:00:32 +0000] "GET /calendar.ics HTTP/1.1" 304 5408 "-" "Mozilla/5.0 (Windows NT 10.0; Win64; x64; rv:91.0) Gecko/20100101 Thunderbird/91.7.0"
208.115.199.23 - - [15/Mar/2022:13:04:24 +0000] "HEAD / HTTP/1.1" 200 5513 "https://www.ai-news.lmu.de/" "Mozilla/5.0+(compatible; UptimeRobot/2.0; http://www.uptimerobot.com/)"
95.112.108.32 - - [15/Mar/2022:13:05:19 +0000] "GET /feed.xml HTTP/1.1" 304 767 "-" "Mozilla/5.0 (Windows NT 10.0; Win64; x64; rv:91.0) Gecko/20100101 Thunderbird/91.7.0"
95.91.253.155 - - [15/Mar/2022:13:05:26 +0000] "GET /feed.xml HTTP/1.1" 304 5408 "-" "Mozilla/5.0 (X11; Linux x86_64; rv:91.0) Gecko/20100101 Thunderbird/91.6.2"
208.115.199.23 - - [15/Mar/2022:13:09:24 +0000] "HEAD / HTTP/1.1" 200 5513 "https://www.ai-news.lmu.de/" "Mozilla/5.0+(compatible; UptimeRobot/2.0; http://www.uptimerobot.com/)"
95.91.253.155 - - [15/Mar/2022:13:11:49 +0000] "GET /feed.xml HTTP/1.1" 304 5408 "-" "Mozilla/5.0 (X11; Linux x86_64; rv:91.0) Gecko/20100101 Thunderbird/91.6.2"
20.65.119.118 - - [15/Mar/2022:13:14:07 +0000] "GET /.env HTTP/1.1" 404 5682 "-" "Mozilla/5.0 (X11; Linux x86_64) AppleWebKit/537.36 (KHTML, like Gecko) Chrome/81.0.4044.129 Safari/537.36"
20.65.119.118 - - [15/Mar/2022:13:14:08 +0000] "POST / HTTP/1.1" 200 10564 "-" "Mozilla/5.0 (X11; Linux x86_64) AppleWebKit/537.36 (KHTML, like Gecko) Chrome/81.0.4044.129 Safari/537.36"
208.115.199.23 - - [15/Mar/2022:13:14:24 +0000] "HEAD / HTTP/1.1" 200 5513 "https://www.ai-news.lmu.de/" "Mozilla/5.0+(compatible; UptimeRobot/2.0; http://www.uptimerobot.com/)"
95.91.251.222 - - [15/Mar/2022:13:18:12 +0000] "GET /feed.xml HTTP/1.1" 304 5408 "-" "Mozilla/5.0 (Windows NT 10.0; Win64; x64; rv:91.0) Gecko/20100101 Thunderbird/91.7.0"
95.91.251.222 - - [15/Mar/2022:13:18:38 +0000] "GET /favicon.ico HTTP/1.1" 200 8315 "-" "Mozilla/5.0 (Windows NT 10.0; Win64; x64; rv:91.0) Gecko/20100101 Thunderbird/91.7.0"
208.115.199.23 - - [15/Mar/2022:13:19:24 +0000] "HEAD / HTTP/1.1" 200 5513 "https://www.ai-news.lmu.de/" "Mozilla/5.0+(compatible; UptimeRobot/2.0; http://www.uptimerobot.com/)"
208.115.199.23 - - [15/Mar/2022:13:24:24 +0000] "HEAD / HTTP/1.1" 200 5513 "https://www.ai-news.lmu.de/" "Mozilla/5.0+(compatible; UptimeRobot/2.0; http://www.uptimerobot.com/)"
141.84.9.48 - - [15/Mar/2022:13:26:26 +0000] "GET /calendar.ics HTTP/1.1" 304 5408 "-" "Mozilla/5.0 (X11; Linux x86_64; rv:91.0) Gecko/20100101 Thunderbird/91.5.0"
95.91.251.222 - - [15/Mar/2022:13:29:13 +0000] "GET /feed.xml HTTP/1.1" 304 5408 "-" "Mozilla/5.0 (Windows NT 10.0; Win64; x64; rv:91.0) Gecko/20100101 Thunderbird/91.7.0"
208.115.199.23 - - [15/Mar/2022:13:29:23 +0000] "HEAD / HTTP/1.1" 200 5513 "https://www.ai-news.lmu.de/" "Mozilla/5.0+(compatible; UptimeRobot/2.0; http://www.uptimerobot.com/)"
95.112.108.32 - - [15/Mar/2022:13:30:32 +0000] "GET /calendar.ics HTTP/1.1" 304 5408 "-" "Mozilla/5.0 (Windows NT 10.0; Win64; x64; rv:91.0) Gecko/20100101 Thunderbird/91.7.0"
208.115.199.23 - - [15/Mar/2022:13:34:22 +0000] "HEAD / HTTP/1.1" 200 5513 "https://www.ai-news.lmu.de/" "Mozilla/5.0+(compatible; UptimeRobot/2.0; http://www.uptimerobot.com/)"
208.115.199.23 - - [15/Mar/2022:13:39:22 +0000] "HEAD / HTTP/1.1" 200 5513 "https://www.ai-news.lmu.de/" "Mozilla/5.0+(compatible; UptimeRobot/2.0; http://www.uptimerobot.com/)"
87.123.244.33 - - [15/Mar/2022:13:43:12 +0000] "GET /feed.xml HTTP/1.1" 304 5408 "-" "Mozilla/5.0 (Windows NT 10.0; Win64; x64; rv:91.0) Gecko/20100101 Thunderbird/91.7.0"
208.115.199.23 - - [15/Mar/2022:13:44:22 +0000] "HEAD / HTTP/1.1" 200 5513 "https://www.ai-news.lmu.de/" "Mozilla/5.0+(compatible; UptimeRobot/2.0; http://www.uptimerobot.com/)"
208.115.199.23 - - [15/Mar/2022:13:49:22 +0000] "HEAD / HTTP/1.1" 200 5513 "https://www.ai-news.lmu.de/" "Mozilla/5.0+(compatible; UptimeRobot/2.0; http://www.uptimerobot.com/)"
8.29.198.25 - - [15/Mar/2022:13:51:32 +0000] "GET /feed.xml HTTP/1.1" 200 10555 "-" "Feedly/1.0 (+http://www.feedly.com/fetcher.html; 2 subscribers; like FeedFetcher-Google)"
208.115.199.23 - - [15/Mar/2022:13:54:22 +0000] "HEAD / HTTP/1.1" 200 5513 "https://www.ai-news.lmu.de/" "Mozilla/5.0+(compatible; UptimeRobot/2.0; http://www.uptimerobot.com/)"
141.84.9.48 - - [15/Mar/2022:13:56:26 +0000] "GET /calendar.ics HTTP/1.1" 304 5408 "-" "Mozilla/5.0 (X11; Linux x86_64; rv:91.0) Gecko/20100101 Thunderbird/91.5.0"
157.245.117.25 - - [15/Mar/2022:13:58:46 +0000] "GET /feed.xml HTTP/1.1" 200 10506 "-" "Mozilla/5.0 (feeder.co; Intel Mac OS X 10_13_6) AppleWebKit/537.36 (KHTML, like Gecko) Chrome/67.0.3396.99 Safari/537.36"
208.115.199.23 - - [15/Mar/2022:13:59:22 +0000] "HEAD / HTTP/1.1" 200 5513 "https://www.ai-news.lmu.de/" "Mozilla/5.0+(compatible; UptimeRobot/2.0; http://www.uptimerobot.com/)"
95.112.108.32 - - [15/Mar/2022:14:00:32 +0000] "GET /calendar.ics HTTP/1.1" 304 5408 "-" "Mozilla/5.0 (Windows NT 10.0; Win64; x64; rv:91.0) Gecko/20100101 Thunderbird/91.7.0"
208.115.199.23 - - [15/Mar/2022:14:04:22 +0000] "HEAD / HTTP/1.1" 200 5513 "https://www.ai-news.lmu.de/" "Mozilla/5.0+(compatible; UptimeRobot/2.0; http://www.uptimerobot.com/)"
141.40.252.102 - - [15/Mar/2022:14:07:25 +0000] "GET /feed.xml HTTP/1.1" 304 5408 "-" "Mozilla/5.0 (Windows NT 10.0; Win64; x64; rv:91.0) Gecko/20100101 Thunderbird/91.7.0"
208.115.199.23 - - [15/Mar/2022:14:09:22 +0000] "HEAD / HTTP/1.1" 200 5513 "https://www.ai-news.lmu.de/" "Mozilla/5.0+(compatible; UptimeRobot/2.0; http://www.uptimerobot.com/)"
208.115.199.23 - - [15/Mar/2022:14:14:22 +0000] "HEAD / HTTP/1.1" 200 5513 "https://www.ai-news.lmu.de/" "Mozilla/5.0+(compatible; UptimeRobot/2.0; http://www.uptimerobot.com/)"
208.115.199.23 - - [15/Mar/2022:14:19:22 +0000] "HEAD / HTTP/1.1" 200 5513 "https://www.ai-news.lmu.de/" "Mozilla/5.0+(compatible; UptimeRobot/2.0; http://www.uptimerobot.com/)"
138.246.3.121 - - [15/Mar/2022:14:23:47 +0000] "GET /feed.xml HTTP/1.1" 304 5408 "-" "Mozilla/5.0 (Macintosh; Intel Mac OS X 10.15; rv:91.0) Gecko/20100101 Thunderbird/91.7.0"
208.115.199.23 - - [15/Mar/2022:14:24:22 +0000] "HEAD / HTTP/1.1" 200 5513 "https://www.ai-news.lmu.de/" "Mozilla/5.0+(compatible; UptimeRobot/2.0; http://www.uptimerobot.com/)"
141.84.9.48 - - [15/Mar/2022:14:26:26 +0000] "GET /calendar.ics HTTP/1.1" 304 5408 "-" "Mozilla/5.0 (X11; Linux x86_64; rv:91.0) Gecko/20100101 Thunderbird/91.5.0"
208.115.199.23 - - [15/Mar/2022:14:29:22 +0000] "HEAD / HTTP/1.1" 200 5513 "https://www.ai-news.lmu.de/" "Mozilla/5.0+(compatible; UptimeRobot/2.0; http://www.uptimerobot.com/)"
95.112.108.32 - - [15/Mar/2022:14:30:32 +0000] "GET /calendar.ics HTTP/1.1" 304 5408 "-" "Mozilla/5.0 (Windows NT 10.0; Win64; x64; rv:91.0) Gecko/20100101 Thunderbird/91.7.0"
95.91.251.222 - - [15/Mar/2022:14:33:59 +0000] "GET /feed.xml HTTP/1.1" 304 5408 "-" "Mozilla/5.0 (Windows NT 10.0; Win64; x64; rv:91.0) Gecko/20100101 Thunderbird/91.7.0"
208.115.199.23 - - [15/Mar/2022:14:34:22 +0000] "HEAD / HTTP/1.1" 200 5513 "https://www.ai-news.lmu.de/" "Mozilla/5.0+(compatible; UptimeRobot/2.0; http://www.uptimerobot.com/)"
80.129.160.76 - - [15/Mar/2022:14:34:46 +0000] "GET / HTTP/1.1" 200 10600 "https://www.lmu.de/" "Mozilla/5.0 (Windows NT 10.0; Win64; x64) AppleWebKit/537.36 (KHTML, like Gecko) Chrome/99.0.4844.51 Safari/537.36"
80.129.160.76 - - [15/Mar/2022:14:34:46 +0000] "GET /fonts/roboto-v18-latin-300.woff2 HTTP/1.1" 200 15772 "https://www.ai-news.lmu.de/" "Mozilla/5.0 (Windows NT 10.0; Win64; x64) AppleWebKit/537.36 (KHTML, like Gecko) Chrome/99.0.4844.51 Safari/537.36"
80.129.160.76 - - [15/Mar/2022:14:34:46 +0000] "GET /fonts/roboto-v18-latin-regular.woff2 HTTP/1.1" 200 20881 "https://www.ai-news.lmu.de/" "Mozilla/5.0 (Windows NT 10.0; Win64; x64) AppleWebKit/537.36 (KHTML, like Gecko) Chrome/99.0.4844.51 Safari/537.36"
80.129.160.76 - - [15/Mar/2022:14:34:47 +0000] "GET /fonts/roboto-v18-latin-italic.woff2 HTTP/1.1" 200 17298 "https://www.ai-news.lmu.de/" "Mozilla/5.0 (Windows NT 10.0; Win64; x64) AppleWebKit/537.36 (KHTML, like Gecko) Chrome/99.0.4844.51 Safari/537.36"
80.129.160.76 - - [15/Mar/2022:14:34:47 +0000] "GET /fonts/roboto-v18-latin-700.woff2 HTTP/1.1" 200 15768 "https://www.ai-news.lmu.de/" "Mozilla/5.0 (Windows NT 10.0; Win64; x64) AppleWebKit/537.36 (KHTML, like Gecko) Chrome/99.0.4844.51 Safari/537.36"
80.129.160.76 - - [15/Mar/2022:14:34:47 +0000] "GET /files/jquery-3.5.1.min.js HTTP/1.1" 200 31395 "https://www.ai-news.lmu.de/" "Mozilla/5.0 (Windows NT 10.0; Win64; x64) AppleWebKit/537.36 (KHTML, like Gecko) Chrome/99.0.4844.51 Safari/537.36"
80.129.160.76 - - [15/Mar/2022:14:34:47 +0000] "GET /files/v2_6_10_vue_min.js HTTP/1.1" 200 34564 "https://www.ai-news.lmu.de/" "Mozilla/5.0 (Windows NT 10.0; Win64; x64) AppleWebKit/537.36 (KHTML, like Gecko) Chrome/99.0.4844.51 Safari/537.36"
80.129.160.76 - - [15/Mar/2022:14:34:47 +0000] "GET /files/app.bundle.css HTTP/1.1" 200 93112 "https://www.ai-news.lmu.de/" "Mozilla/5.0 (Windows NT 10.0; Win64; x64) AppleWebKit/537.36 (KHTML, like Gecko) Chrome/99.0.4844.51 Safari/537.36"
80.129.160.76 - - [15/Mar/2022:14:34:47 +0000] "GET /files/v3_1_0_vuex.min.js HTTP/1.1" 200 4282 "https://www.ai-news.lmu.de/" "Mozilla/5.0 (Windows NT 10.0; Win64; x64) AppleWebKit/537.36 (KHTML, like Gecko) Chrome/99.0.4844.51 Safari/537.36"
80.129.160.76 - - [15/Mar/2022:14:34:47 +0000] "GET /files/v4_2_6_es6-promise_auto.min.js HTTP/1.1" 200 2785 "https://www.ai-news.lmu.de/" "Mozilla/5.0 (Windows NT 10.0; Win64; x64) AppleWebKit/537.36 (KHTML, like Gecko) Chrome/99.0.4844.51 Safari/537.36"
80.129.160.76 - - [15/Mar/2022:14:34:47 +0000] "GET /files/v0_18_0_axios.min.js HTTP/1.1" 200 4855 "https://www.ai-news.lmu.de/" "Mozilla/5.0 (Windows NT 10.0; Win64; x64) AppleWebKit/537.36 (KHTML, like Gecko) Chrome/99.0.4844.51 Safari/537.36"
80.129.160.76 - - [15/Mar/2022:14:34:47 +0000] "GET /files/vendors-app.bundle.js HTTP/1.1" 200 40005 "https://www.ai-news.lmu.de/" "Mozilla/5.0 (Windows NT 10.0; Win64; x64) AppleWebKit/537.36 (KHTML, like Gecko) Chrome/99.0.4844.51 Safari/537.36"
